Archive member included to satisfy reference by file (symbol)

lib/libql_app_peripheral.a(led_cfg_demo.c.obj)
                              components/ql-application/init/CMakeFiles/C51_APP.dir/ql_init.c.obj (ql_ledcfg_app_init)
lib/libql_app_lvgl.a(lvgl_demo.c.obj)
                              components/ql-application/init/CMakeFiles/C51_APP.dir/ql_init.c.obj (ql_lvgl_app_init)
lib/libql_app_sms.a(sms_demo.c.obj)
                              components/ql-application/init/CMakeFiles/C51_APP.dir/ql_init.c.obj (ql_sms_app_init)
lib/liblv_widgets.a(main_screen.c.obj)
                              lib/libql_app_lvgl.a(lvgl_demo.c.obj) (main_screen)
lib/liblv_widgets.a(mainmenu.c.obj)
                              lib/liblv_widgets.a(main_screen.c.obj) (ic_mainmenu_create)
lib/liblv_widgets.a(message_center.c.obj)
                              lib/liblv_widgets.a(main_screen.c.obj) (ic_message_center_create)
lib/liblv_widgets.a(title_bar.c.obj)
                              lib/liblv_widgets.a(message_center.c.obj) (ic_watch_create_title_bar)
lib/liblv_widgets.a(iclv_font.c.obj)
                              lib/liblv_widgets.a(message_center.c.obj) (ic_font_get)
lib/liblv_widgets.a(opposans_14.c.obj)
                              lib/liblv_widgets.a(iclv_font.c.obj) (opposans_14)
lib/liblv_widgets.a(clockface.c.obj)
                              lib/liblv_widgets.a(main_screen.c.obj) (ic_clockface_create)
lib/liblv_widgets.a(image_id_list.c.obj)
                              lib/liblv_widgets.a(mainmenu.c.obj) (g_image_resource_list)
lib/liblv_widgets.a(IMG_CLOCKFACE_ANALOG1_BG.c.obj)
                              lib/liblv_widgets.a(image_id_list.c.obj) (IMG_CLOCKFACE_ANALOG1_BG)
lib/liblv_widgets.a(IMG_CLOCKFACE_ANALOG1_MINUTE.c.obj)
                              lib/liblv_widgets.a(image_id_list.c.obj) (IMG_CLOCKFACE_ANALOG1_MINUTE)
lib/liblv_widgets.a(IMG_CLOCKFACE_ANALOG1_HOUR.c.obj)
                              lib/liblv_widgets.a(image_id_list.c.obj) (IMG_CLOCKFACE_ANALOG1_HOUR)
lib/liblv_widgets.a(IMG_CLOCKFACE_ANALOG1_PREVIEW.c.obj)
                              lib/liblv_widgets.a(image_id_list.c.obj) (IMG_CLOCKFACE_ANALOG1_PREVIEW)
lib/liblv_widgets.a(IMG_CLOCKFACE_ANALOG1_SECOND.c.obj)
                              lib/liblv_widgets.a(image_id_list.c.obj) (IMG_CLOCKFACE_ANALOG1_SECOND)
lib/liblv_widgets.a(ic_hal_rtc.c.obj)
                              lib/liblv_widgets.a(clockface.c.obj) (ic_hal_rtc_get_time)
lib/liblv_widgets.a(lv_i18n.c.obj)
                              lib/liblv_widgets.a(main_screen.c.obj) (lv_i18n_init)
lib/liblv_widgets.a(screen_manager.c.obj)
                              lib/liblv_widgets.a(main_screen.c.obj) (ic_screen_create)
lib/liblv_widgets.a(IMG_CLOCKFACE_DIGITAL1_BG.c.obj)
                              lib/liblv_widgets.a(image_id_list.c.obj) (IMG_CLOCKFACE_DIGITAL1_BG)
lib/liblv_widgets.a(IMG_CLOCKFACE_DIGITAL1_HOUR0.c.obj)
                              lib/liblv_widgets.a(image_id_list.c.obj) (IMG_CLOCKFACE_DIGITAL1_HOUR0)
lib/liblv_widgets.a(IMG_CLOCKFACE_DIGITAL1_HOUR1.c.obj)
                              lib/liblv_widgets.a(image_id_list.c.obj) (IMG_CLOCKFACE_DIGITAL1_HOUR1)
lib/liblv_widgets.a(IMG_CLOCKFACE_DIGITAL1_HOUR2.c.obj)
                              lib/liblv_widgets.a(image_id_list.c.obj) (IMG_CLOCKFACE_DIGITAL1_HOUR2)
lib/liblv_widgets.a(IMG_CLOCKFACE_DIGITAL1_HOUR3.c.obj)
                              lib/liblv_widgets.a(image_id_list.c.obj) (IMG_CLOCKFACE_DIGITAL1_HOUR3)
lib/liblv_widgets.a(IMG_CLOCKFACE_DIGITAL1_HOUR4.c.obj)
                              lib/liblv_widgets.a(image_id_list.c.obj) (IMG_CLOCKFACE_DIGITAL1_HOUR4)
lib/liblv_widgets.a(IMG_CLOCKFACE_DIGITAL1_HOUR5.c.obj)
                              lib/liblv_widgets.a(image_id_list.c.obj) (IMG_CLOCKFACE_DIGITAL1_HOUR5)
lib/liblv_widgets.a(IMG_CLOCKFACE_DIGITAL1_HOUR6.c.obj)
                              lib/liblv_widgets.a(image_id_list.c.obj) (IMG_CLOCKFACE_DIGITAL1_HOUR6)
lib/liblv_widgets.a(IMG_CLOCKFACE_DIGITAL1_HOUR7.c.obj)
                              lib/liblv_widgets.a(image_id_list.c.obj) (IMG_CLOCKFACE_DIGITAL1_HOUR7)
lib/liblv_widgets.a(IMG_CLOCKFACE_DIGITAL1_HOUR8.c.obj)
                              lib/liblv_widgets.a(image_id_list.c.obj) (IMG_CLOCKFACE_DIGITAL1_HOUR8)
lib/liblv_widgets.a(IMG_CLOCKFACE_DIGITAL1_HOUR9.c.obj)
                              lib/liblv_widgets.a(image_id_list.c.obj) (IMG_CLOCKFACE_DIGITAL1_HOUR9)
lib/liblv_widgets.a(image_resource.c.obj)
                              lib/liblv_widgets.a(clockface.c.obj) (iclv_time_get_image_id)
lib/liblv_widgets.a(IMG_CLOCKFACE_DIGITAL1_DATE0.c.obj)
                              lib/liblv_widgets.a(image_id_list.c.obj) (IMG_CLOCKFACE_DIGITAL1_DATE0)
lib/liblv_widgets.a(IMG_CLOCKFACE_DIGITAL1_DATE1.c.obj)
                              lib/liblv_widgets.a(image_id_list.c.obj) (IMG_CLOCKFACE_DIGITAL1_DATE1)
[...]
Memory Configuration

Name             Origin             Length             Attributes
flash            0x60250000         0x00120000         xr
ram              0x80fa0000         0x00020000         xrw
*default*        0x00000000         0xffffffff

Linker script and memory map

LOAD lib/core_stub.o
LOAD components/ql-application/init/CMakeFiles/C51_APP.dir/ql_init.c.obj
LOAD ../../components/newlib/armca5/libc.a
LOAD ../../components/newlib/armca5/libm.a
LOAD ../../prebuilts/win32/gcc-arm-none-eabi/bin/../lib/gcc/arm-none-eabi/7.2.1/thumb/v7-ar/fpv3/hard/libgcc.a
LOAD lib/libql_app_nw.a
LOAD lib/libql_app_peripheral.a
LOAD lib/libql_app_osi.a
LOAD lib/libql_app_dev.a
LOAD lib/libql_app_sim.a
LOAD lib/libql_app_power.a
LOAD lib/libql_app_ftp.a
LOAD lib/libql_app_http.a
LOAD lib/libql_app_mms.a
LOAD lib/libql_app_mqtt.a
LOAD lib/libql_app_ssl.a
LOAD lib/libql_app_ping.a
LOAD lib/libql_app_ntp.a
LOAD lib/libql_app_lbs.a
LOAD lib/libql_app_socket.a
LOAD lib/libql_app_audio.a
LOAD lib/libql_app_bt.a
LOAD lib/libql_app_lcd.a
LOAD lib/libql_app_lvgl.a
LOAD lib/libql_app_camera.a
LOAD lib/libql_app_file.a
LOAD lib/libql_app_sms.a
LOAD lib/libql_app_voice_call.a
LOAD lib/libql_app_volte.a
LOAD lib/libql_app_spi.a
LOAD lib/libql_app_spi_flash.a
LOAD lib/libql_app_decoder.a
LOAD ../../components/newlib/armca5/libql_api_decoder.a
LOAD ../../components/newlib/armca5/libm.a
LOAD lib/libql_app_rtc.a
LOAD lib/libql_ali_linkSDK.a
LOAD lib/libql_app_virt_at.a
LOAD lib/libql_app_http_fota.a
LOAD lib/liblv_widgets.a
LOAD lib/liblvgl.a
LOAD ../../components/newlib/armca5/libc.a
LOAD ../../components/newlib/armca5/libm.a
LOAD ../../prebuilts/win32/gcc-arm-none-eabi/bin/../lib/gcc/arm-none-eabi/7.2.1/thumb/v7-ar/fpv3/hard/libgcc.a
                0x00000000                PROVIDE (appimg_get_param, 0x0)
                0x00000000                PROVIDE (appimg_set_param, 0x0)
                0x60250000                . = ORIGIN (flash)
                0x60250000                __flash_start = .

.imageheader    0x60250000       0x80
                0x60250000        0x4 LONG 0x41505032
                0x60250004        0x4 LONG 0x0
                0x60250008        0x4 LONG 0x0
 *(.rodata.core_stub.header)
 .rodata.core_stub.header
                0x6025000c       0x14 lib/core_stub.o
                0x6025000c                gAppImageCoreHeader
                0x60250020        0x4 LONG 0x2
                0x60250024        0x4 LONG 0x80 (__corestub_load_start - __flash_start)
                0x60250028        0x4 LONG 0x118 (__corestub_end - __corestub_start)
                0x6025002c        0x4 LONG 0x80fa0000 __corestub_start
                0x60250030        0x4 LONG 0x4
                0x60250034        0x4 LONG 0x460 (__text_load_start - __flash_start)
                0x60250038        0x4 LONG 0x110680 (__text_end - __text_start)
                0x6025003c        0x4 LONG 0x60250460 __text_start
                0x60250040        0x4 LONG 0x4
                0x60250044        0x4 LONG 0x110b00 (__init_array_load_start - __flash_start)
                0x60250048        0x4 LONG 0x0 (__init_array_end - __init_array_start)
                0x6025004c        0x4 LONG 0x60360b00 __init_array_start
                0x60250050        0x4 LONG 0x1
                0x60250054        0x4 LONG 0x1a0 (__data_load_start - __flash_start)
                0x60250058        0x4 LONG 0x2a4 (__data_end - __data_start)
                0x6025005c        0x4 LONG 0x80fa0120 __data_start
                0x60250060        0x4 LONG 0x3
                0x60250064        0x4 LONG 0x0
                0x60250068        0x4 LONG 0x6c0 (__bss_end - __bss_start)
                0x6025006c        0x4 LONG 0x80fa03e0 __bss_start
                0x60250070        0x4 LONG 0x0
                0x60250074        0x4 LONG 0x0
                0x60250078        0x4 LONG 0x0
                0x6025007c        0x4 LONG 0x0
                0x00000001                ASSERT ((SIZEOF (.imageheader) == 0x80), invalid app image header)
                0x80fa0000                . = ORIGIN (ram)
                0x80fa0000                __ram_start = .

.corestub       0x80fa0000      0x120 load address 0x60250080
                0x80fa0000                __corestub_start = .
 *(.text.core_stub.*)
 .text.core_stub.free
                0x80fa0000        0x8 lib/core_stub.o
                0x80fa0000                free
 .text.core_stub.malloc
                0x80fa0008        0x8 lib/core_stub.o
                0x80fa0008                malloc
 .text.core_stub.osiTracePrintf
                0x80fa0010        0x8 lib/core_stub.o
                0x80fa0010                osiTracePrintf
 .text.core_stub.ql_event_try_wait
                0x80fa0018        0x8 lib/core_stub.o
                0x80fa0018                ql_event_try_wait
 .text.core_stub.ql_gpio_init
                0x80fa0020        0x8 lib/core_stub.o
                0x80fa0020                ql_gpio_init
 .text.core_stub.ql_gpio_set_level
                0x80fa0028        0x8 lib/core_stub.o
                0x80fa0028                ql_gpio_set_level
 .text.core_stub.ql_keypad_init
                0x80fa0030        0x8 lib/core_stub.o
                0x80fa0030                ql_keypad_init
 .text.core_stub.ql_lcd_display_off
                0x80fa0038        0x8 lib/core_stub.o
                0x80fa0038                ql_lcd_display_off
 .text.core_stub.ql_lcd_init
                0x80fa0040        0x8 lib/core_stub.o
                0x80fa0040                ql_lcd_init
 .text.core_stub.ql_lcd_write
                0x80fa0048        0x8 lib/core_stub.o
                0x80fa0048                ql_lcd_write
 .text.core_stub.ql_ledcfg_callback_register
                0x80fa0050        0x8 lib/core_stub.o
                0x80fa0050                ql_ledcfg_callback_register
 .text.core_stub.ql_pin_set_func
                0x80fa0058        0x8 lib/core_stub.o
                0x80fa0058                ql_pin_set_func
 .text.core_stub.ql_pwm_lpg_enable
                0x80fa0060        0x8 lib/core_stub.o
                0x80fa0060                ql_pwm_lpg_enable
 .text.core_stub.ql_pwm_lpg_open
                0x80fa0068        0x8 lib/core_stub.o
                0x80fa0068                ql_pwm_lpg_open
 .text.core_stub.ql_rtc_get_time
                0x80fa0070        0x8 lib/core_stub.o
                0x80fa0070                ql_rtc_get_time
 .text.core_stub.ql_rtc_print_time
                0x80fa0078        0x8 lib/core_stub.o
                0x80fa0078                ql_rtc_print_time
 .text.core_stub.ql_rtc_up_time_ms
                0x80fa0080        0x8 lib/core_stub.o
                0x80fa0080                ql_rtc_up_time_ms
 .text.core_stub.ql_rtos_enter_critical
                0x80fa0088        0x8 lib/core_stub.o
                0x80fa0088                ql_rtos_enter_critical
 .text.core_stub.ql_rtos_event_send
                0x80fa0090        0x8 lib/core_stub.o
                0x80fa0090                ql_rtos_event_send
 .text.core_stub.ql_rtos_exit_critical
                0x80fa0098        0x8 lib/core_stub.o
                0x80fa0098                ql_rtos_exit_critical
 .text.core_stub.ql_rtos_semaphore_create
                0x80fa00a0        0x8 lib/core_stub.o
                0x80fa00a0                ql_rtos_semaphore_create
 .text.core_stub.ql_rtos_semaphore_release
                0x80fa00a8        0x8 lib/core_stub.o
                0x80fa00a8                ql_rtos_semaphore_release
 .text.core_stub.ql_rtos_semaphore_wait
                0x80fa00b0        0x8 lib/core_stub.o
                0x80fa00b0                ql_rtos_semaphore_wait
 .text.core_stub.ql_rtos_task_create
                0x80fa00b8        0x8 lib/core_stub.o
                0x80fa00b8                ql_rtos_task_create
 .text.core_stub.ql_rtos_task_delete
                0x80fa00c0        0x8 lib/core_stub.o
                0x80fa00c0                ql_rtos_task_delete
 .text.core_stub.ql_rtos_task_get_current_ref
                0x80fa00c8        0x8 lib/core_stub.o
                0x80fa00c8                ql_rtos_task_get_current_ref
 .text.core_stub.ql_rtos_task_sleep_ms
                0x80fa00d0        0x8 lib/core_stub.o
                0x80fa00d0                ql_rtos_task_sleep_ms
 .text.core_stub.ql_rtos_timer_create
                0x80fa00d8        0x8 lib/core_stub.o
                0x80fa00d8                ql_rtos_timer_create
 .text.core_stub.ql_rtos_timer_start
                0x80fa00e0        0x8 lib/core_stub.o
                0x80fa00e0                ql_rtos_timer_start
 .text.core_stub.ql_sms_callback_register
                0x80fa00e8        0x8 lib/core_stub.o
                0x80fa00e8                ql_sms_callback_register
 .text.core_stub.ql_sms_get_center_address
                0x80fa00f0        0x8 lib/core_stub.o
                0x80fa00f0                ql_sms_get_center_address
 .text.core_stub.ql_sms_get_storage_info
                0x80fa00f8        0x8 lib/core_stub.o
                0x80fa00f8                ql_sms_get_storage_info
 .text.core_stub.ql_sms_read_msg
                0x80fa0100        0x8 lib/core_stub.o
                0x80fa0100                ql_sms_read_msg
 .text.core_stub.ql_sms_read_msg_list
                0x80fa0108        0x8 lib/core_stub.o
                0x80fa0108                ql_sms_read_msg_list
 .text.core_stub.ql_sms_set_storage
                0x80fa0110        0x8 lib/core_stub.o
                0x80fa0110                ql_sms_set_storage
                0x80fa0118                __corestub_end = .
                0x80fa0120                . = ALIGN (0x20)
 *fill*         0x80fa0118        0x8 
                0x60250080                __corestub_load_start = LOADADDR (.corestub)

.data           0x80fa0120      0x2c0 load address 0x602501a0
                0x80fa0120                __data_start = .
 *(.data .data.* .gnu.linkonce.d.*)
 .data.g_lcd_height
                0x80fa0120        0x4 lib/libql_app_lvgl.a(lvgl_demo.c.obj)
                0x80fa0120                g_lcd_height
 .data.g_lcd_width
                0x80fa0124        0x4 lib/libql_app_lvgl.a(lvgl_demo.c.obj)
                0x80fa0124                g_lcd_width
 .data.direct.14616
                0x80fa0128        0x1 lib/liblv_widgets.a(mainmenu.c.obj)
 .data.direct.14616
                0x80fa0129        0x1 lib/liblv_widgets.a(message_center.c.obj)
 *fill*         0x80fa012a        0x2 
 .data.font_dsc
                0x80fa012c       0x20 lib/liblv_widgets.a(opposans_14.c.obj)
 .data.opposans_14
                0x80fa014c       0x14 lib/liblv_widgets.a(opposans_14.c.obj)
                0x80fa014c                opposans_14
 .data.g_image_resource_list
                0x80fa0160      0x140 lib/liblv_widgets.a(image_id_list.c.obj)
                0x80fa0160                g_image_resource_list
 .data.en_us_singulars
                0x80fa02a0       0x48 lib/liblv_widgets.a(lv_i18n.c.obj)
 .data.zh_cn_singulars
                0x80fa02e8       0x48 lib/liblv_widgets.a(lv_i18n.c.obj)
 .data.direct.14649
                0x80fa0330        0x1 lib/liblv_widgets.a(ic_mainmenu_calllog.c.obj)
 .data.direct.14616
                0x80fa0331        0x1 lib/liblv_widgets.a(control_center.c.obj)
 .data.direct.14630
                0x80fa0332        0x1 lib/liblv_widgets.a(infocard_center.c.obj)
 *fill*         0x80fa0333        0x1 
 .data.font_dsc
                0x80fa0334       0x20 lib/liblvgl.a(lv_font_montserrat_14.c.obj)
 .data.lv_font_montserrat_14
                0x80fa0354       0x14 lib/liblvgl.a(lv_font_montserrat_14.c.obj)
                0x80fa0354                lv_font_montserrat_14
 .data.font_dsc
                0x80fa0368       0x20 lib/liblvgl.a(lv_font_montserrat_30.c.obj)
 .data.lv_font_montserrat_30
                0x80fa0388       0x14 lib/liblvgl.a(lv_font_montserrat_30.c.obj)
                0x80fa0388                lv_font_montserrat_30
 .data.mem_buf_small
                0x80fa039c       0x10 lib/liblvgl.a(lv_mem.c.obj)
 .data._lv_txt_encoded_get_byte_id
                0x80fa03ac        0x4 lib/liblvgl.a(lv_txt.c.obj)
                0x80fa03ac                _lv_txt_encoded_get_byte_id
 .data._lv_txt_encoded_get_char_id
                0x80fa03b0        0x4 lib/liblvgl.a(lv_txt.c.obj)
                0x80fa03b0                _lv_txt_encoded_get_char_id
 .data._lv_txt_encoded_next
                0x80fa03b4        0x4 lib/liblvgl.a(lv_txt.c.obj)
                0x80fa03b4                _lv_txt_encoded_next
 .data._lv_txt_encoded_prev
                0x80fa03b8        0x4 lib/liblvgl.a(lv_txt.c.obj)
                0x80fa03b8                _lv_txt_encoded_prev
 .data._lv_txt_encoded_size
                0x80fa03bc        0x4 lib/liblvgl.a(lv_txt.c.obj)
                0x80fa03bc                _lv_txt_encoded_size
 .data._lv_txt_get_encoded_length
                0x80fa03c0        0x4 lib/liblvgl.a(lv_txt.c.obj)
                0x80fa03c0                _lv_txt_get_encoded_length
                0x80fa03c4                __data_end = .
                0x80fa03e0                . = ALIGN (0x20)
 *fill*         0x80fa03c4       0x1c 
                0x602501a0                __data_load_start = LOADADDR (.data)

.igot.plt       0x60250460        0x0
 .igot.plt      0x60250460        0x0 lib/core_stub.o

.bss            0x80fa03e0      0x6c0
                0x80fa03e0                __bss_start = .
 *(.bss .bss.* COMMON .scommon .sbss .sbss.* .sbss2 .sbss2.* .gnu.linkonce.b.*)
 .bss.ledcfg_task
                0x80fa03e0        0x4 lib/libql_app_peripheral.a(led_cfg_demo.c.obj)
                0x80fa03e0                ledcfg_task
 .bss.gLvCtx    0x80fa03e4       0x44 lib/libql_app_lvgl.a(lvgl_demo.c.obj)
 .bss.lv_group  0x80fa0428        0x4 lib/libql_app_lvgl.a(lvgl_demo.c.obj)
 .bss.lvgl_gui_task
                0x80fa042c        0x4 lib/libql_app_lvgl.a(lvgl_demo.c.obj)
                0x80fa042c                lvgl_gui_task
 .bss.sms_init_sem
                0x80fa0430        0x4 lib/libql_app_sms.a(sms_demo.c.obj)
                0x80fa0430                sms_init_sem
 .bss.sms_list_sem
                0x80fa0434        0x4 lib/libql_app_sms.a(sms_demo.c.obj)
                0x80fa0434                sms_list_sem
 .bss.sms_task  0x80fa0438        0x4 lib/libql_app_sms.a(sms_demo.c.obj)
                0x80fa0438                sms_task
 .bss.direct.14911
                0x80fa043c        0x1 lib/liblv_widgets.a(main_screen.c.obj)
 *fill*         0x80fa043d        0x1 
 .bss.down_pos.14907
                0x80fa043e        0x4 lib/liblv_widgets.a(main_screen.c.obj)
 .bss.last_pos.14908
                0x80fa0442        0x4 lib/liblv_widgets.a(main_screen.c.obj)
 *fill*         0x80fa0446        0x2 
 .bss.mainscreen_obj
                0x80fa0448       0x9c lib/liblv_widgets.a(main_screen.c.obj)
 .bss.down_pos.14610
                0x80fa04e4        0x4 lib/liblv_widgets.a(mainmenu.c.obj)
 .bss.down_tick.14615
                0x80fa04e8        0x4 lib/liblv_widgets.a(mainmenu.c.obj)
 .bss.g_card_center_ctx
                0x80fa04ec        0x4 lib/liblv_widgets.a(mainmenu.c.obj)
 .bss.last_pos.14611
                0x80fa04f0        0x4 lib/liblv_widgets.a(mainmenu.c.obj)
 .bss.message.14620
                0x80fa04f4        0xc lib/liblv_widgets.a(mainmenu.c.obj)
 .bss.offset.14619
                0x80fa0500        0x4 lib/liblv_widgets.a(mainmenu.c.obj)
 .bss.down_pos.14610
                0x80fa0504        0x4 lib/liblv_widgets.a(message_center.c.obj)
 .bss.down_tick.14615
                0x80fa0508        0x4 lib/liblv_widgets.a(message_center.c.obj)
 .bss.g_message_center_ctx
                0x80fa050c        0x4 lib/liblv_widgets.a(message_center.c.obj)
 .bss.last_pos.14611
                0x80fa0510        0x4 lib/liblv_widgets.a(message_center.c.obj)
 .bss.message.14620
                0x80fa0514        0xc lib/liblv_widgets.a(message_center.c.obj)
 .bss.offset.14619
                0x80fa0520        0x4 lib/liblv_widgets.a(message_center.c.obj)
 .bss.title_style.14654
                0x80fa0524        0x8 lib/liblv_widgets.a(message_center.c.obj)
 .bss.bg_style.14903
                0x80fa052c        0x8 lib/liblv_widgets.a(clockface.c.obj)
 .bss.clockface_ctx
                0x80fa0534        0x4 lib/liblv_widgets.a(clockface.c.obj)
 .bss.direct.14856
                0x80fa0538        0x1 lib/liblv_widgets.a(clockface.c.obj)
 .bss.direct_x.14857
                0x80fa0539        0x1 lib/liblv_widgets.a(clockface.c.obj)
 .bss.down_pos.14852
                0x80fa053a        0x4 lib/liblv_widgets.a(clockface.c.obj)
 *fill*         0x80fa053e        0x2 
 .bss.down_tick.14855
                0x80fa0540        0x4 lib/liblv_widgets.a(clockface.c.obj)
 .bss.last_pos.14853
                0x80fa0544        0x4 lib/liblv_widgets.a(clockface.c.obj)
 .bss.message.14860
                0x80fa0548        0xc lib/liblv_widgets.a(clockface.c.obj)
 .bss.move_desc.14859
                0x80fa0554        0x6 lib/liblv_widgets.a(clockface.c.obj)
 *fill*         0x80fa055a        0x2 
 .bss.current_lang
                0x80fa055c        0x4 lib/liblv_widgets.a(lv_i18n.c.obj)
 .bss.current_lang_pack
                0x80fa0560        0x4 lib/liblv_widgets.a(lv_i18n.c.obj)
 .bss.screen_stack
                0x80fa0564       0x20 lib/liblv_widgets.a(screen_manager.c.obj)
 .bss.calllog_information_bg.14686
                0x80fa0584        0x8 lib/liblv_widgets.a(ic_mainmenu_calllog.c.obj)
 .bss.calllog_information_list.14690
                0x80fa058c        0x8 lib/liblv_widgets.a(ic_mainmenu_calllog.c.obj)
 .bss.calllog_information_list_child.14694
                0x80fa0594        0x8 lib/liblv_widgets.a(ic_mainmenu_calllog.c.obj)
 .bss.calllog_information_type.14623
                0x80fa059c        0x8 lib/liblv_widgets.a(ic_mainmenu_calllog.c.obj)
 .bss.down_pos.14643
                0x80fa05a4        0x4 lib/liblv_widgets.a(ic_mainmenu_calllog.c.obj)
 .bss.last_pos.14644
                0x80fa05a8        0x4 lib/liblv_widgets.a(ic_mainmenu_calllog.c.obj)
 .bss.missed_calllog_bg.14619
                0x80fa05ac        0x8 lib/liblv_widgets.a(ic_mainmenu_calllog.c.obj)
 .bss.offset.14652
                0x80fa05b4        0x4 lib/liblv_widgets.a(ic_mainmenu_calllog.c.obj)
 .bss.offset.14606
                0x80fa05b8        0x4 lib/liblv_widgets.a(animation.c.obj)
 .bss.date_style.14655
                0x80fa05bc        0x8 lib/liblv_widgets.a(control_center.c.obj)
 .bss.down_pos.14610
                0x80fa05c4        0x4 lib/liblv_widgets.a(control_center.c.obj)
 .bss.down_tick.14615
                0x80fa05c8        0x4 lib/liblv_widgets.a(control_center.c.obj)
 .bss.g_controller_ctx
                0x80fa05cc        0x4 lib/liblv_widgets.a(control_center.c.obj)
 .bss.last_pos.14611
                0x80fa05d0        0x4 lib/liblv_widgets.a(control_center.c.obj)
 .bss.message.14620
                0x80fa05d4        0xc lib/liblv_widgets.a(control_center.c.obj)
 .bss.offset.14619
                0x80fa05e0        0x4 lib/liblv_widgets.a(control_center.c.obj)
 .bss.week_style.14659
                0x80fa05e4        0x8 lib/liblv_widgets.a(control_center.c.obj)
 .bss.card_style.14675
                0x80fa05ec        0x8 lib/liblv_widgets.a(infocard_center.c.obj)
 .bss.down_pos.14624
                0x80fa05f4        0x4 lib/liblv_widgets.a(infocard_center.c.obj)
 .bss.down_tick.14629
                0x80fa05f8        0x4 lib/liblv_widgets.a(infocard_center.c.obj)
 .bss.g_card_center_ctx
                0x80fa05fc        0xc lib/liblv_widgets.a(infocard_center.c.obj)
 .bss.last_pos.14625
                0x80fa0608        0x4 lib/liblv_widgets.a(infocard_center.c.obj)
 .bss.message.14634
                0x80fa060c        0xc lib/liblv_widgets.a(infocard_center.c.obj)
 .bss.offset.14633
                0x80fa0618        0x4 lib/liblv_widgets.a(infocard_center.c.obj)
 .bss.title_style.14669
                0x80fa061c        0x8 lib/liblv_widgets.a(infocard_center.c.obj)
 .bss.indev_act
                0x80fa0624        0x4 lib/liblvgl.a(lv_indev.c.obj)
 .bss.indev_obj_act
                0x80fa0628        0x4 lib/liblvgl.a(lv_indev.c.obj)
 .bss.event_act_data
                0x80fa062c        0x4 lib/liblvgl.a(lv_obj.c.obj)
 .bss.event_temp_data_head
                0x80fa0630        0x4 lib/liblvgl.a(lv_obj.c.obj)
 .bss.lv_initialized
                0x80fa0634        0x1 lib/liblvgl.a(lv_obj.c.obj)
 *fill*         0x80fa0635        0x3 
 .bss.disp_refr
                0x80fa0638        0x4 lib/liblvgl.a(lv_refr.c.obj)
 .bss.px_num    0x80fa063c        0x4 lib/liblvgl.a(lv_refr.c.obj)
 .bss.opa_table.9993
                0x80fa0640      0x100 lib/liblvgl.a(lv_draw_label.c.obj)
 .bss.prev_bpp.9995
                0x80fa0740        0x4 lib/liblvgl.a(lv_draw_label.c.obj)
 .bss.prev_opa.9994
                0x80fa0744        0x1 lib/liblvgl.a(lv_draw_label.c.obj)
 *fill*         0x80fa0745        0x1 
 .bss.entry_cnt
                0x80fa0746        0x2 lib/liblvgl.a(lv_img_cache.c.obj)
 .bss.rle_bpp   0x80fa0748        0x1 lib/liblvgl.a(lv_font_fmt_txt.c.obj)
 .bss.rle_cnt   0x80fa0749        0x1 lib/liblvgl.a(lv_font_fmt_txt.c.obj)
 *fill*         0x80fa074a        0x2 
 .bss.rle_in    0x80fa074c        0x4 lib/liblvgl.a(lv_font_fmt_txt.c.obj)
 .bss.rle_prev_v
                0x80fa0750        0x1 lib/liblvgl.a(lv_font_fmt_txt.c.obj)
 *fill*         0x80fa0751        0x3 
 .bss.rle_rdp   0x80fa0754        0x4 lib/liblvgl.a(lv_font_fmt_txt.c.obj)
 .bss.rle_state
                0x80fa0758        0x1 lib/liblvgl.a(lv_font_fmt_txt.c.obj)
 *fill*         0x80fa0759        0x3 
 .bss.disp_def  0x80fa075c        0x4 lib/liblvgl.a(lv_hal_disp.c.obj)
 .bss.already_running.7413
                0x80fa0760        0x1 lib/liblvgl.a(lv_task.c.obj)
 *fill*         0x80fa0761        0x3 
 .bss.busy_time.7416
                0x80fa0764        0x4 lib/liblvgl.a(lv_task.c.obj)
 .bss.handler_start.7415
                0x80fa0768        0x4 lib/liblvgl.a(lv_task.c.obj)
 .bss.idle_last
                0x80fa076c        0x1 lib/liblvgl.a(lv_task.c.obj)
 *fill*         0x80fa076d        0x3 
 .bss.idle_period_start.7414
                0x80fa0770        0x4 lib/liblvgl.a(lv_task.c.obj)
 .bss.lv_task_run
                0x80fa0774        0x1 lib/liblvgl.a(lv_task.c.obj)
 .bss.task_created
                0x80fa0775        0x1 lib/liblvgl.a(lv_task.c.obj)
 .bss.task_deleted
                0x80fa0776        0x1 lib/liblvgl.a(lv_task.c.obj)
 .bss.task_list_changed
                0x80fa0777        0x1 lib/liblvgl.a(lv_task.c.obj)
 .bss.time_till_next.7417
                0x80fa0778        0x4 lib/liblvgl.a(lv_task.c.obj)
 .bss._lv_anim_task
                0x80fa077c        0x4 lib/liblvgl.a(lv_anim.c.obj)
 .bss.anim_list_changed
                0x80fa0780        0x1 lib/liblvgl.a(lv_anim.c.obj)
 *fill*         0x80fa0781        0x3 
 .bss.last_task_run
                0x80fa0784        0x4 lib/liblvgl.a(lv_anim.c.obj)
 .bss.mem_buf1_32
                0x80fa0788       0x10 lib/liblvgl.a(lv_mem.c.obj)
 .bss.mem_buf2_32
                0x80fa0798       0x10 lib/liblvgl.a(lv_mem.c.obj)
 .bss.zero_mem  0x80fa07a8        0x4 lib/liblvgl.a(lv_mem.c.obj)
 .bss.custom_print_cb
                0x80fa07ac        0x4 lib/liblvgl.a(lv_log.c.obj)
 COMMON         0x80fa07b0      0x188 lib/liblvgl.a(lv_gc.c.obj)
                0x80fa07b0                _lv_task_ll
                0x80fa07bc                _lv_font_decompr_buf
                0x80fa07c0                _lv_indev_ll
                0x80fa07cc                _lv_disp_ll
                0x80fa07d8                _lv_img_defoder_ll
                0x80fa07e4                _lv_mem_buf
                0x80fa0864                _lv_drv_ll
                0x80fa0870                _lv_obj_style_trans_ll
                0x80fa087c                _lv_theme_material_styles
                0x80fa0880                _lv_task_act
                0x80fa0884                _lv_theme_mono_styles
                0x80fa0888                _lv_theme_template_styles
                0x80fa088c                _lv_img_cache_array
                0x80fa0890                _lv_anim_ll
                0x80fa089c                _lv_theme_empty_styles
                0x80fa08a0                _lv_draw_mask_list
                0x80fa0920                _lv_group_ll
                0x80fa092c                _lv_file_ll
 .bss.act_theme
                0x80fa0938        0x4 lib/liblvgl.a(lv_theme.c.obj)
 .bss.inited    0x80fa093c        0x1 lib/liblvgl.a(lv_theme_material.c.obj)
 *fill*         0x80fa093d        0x3 
 .bss.styles    0x80fa0940        0x4 lib/liblvgl.a(lv_theme_material.c.obj)
 .bss.theme     0x80fa0944       0x28 lib/liblvgl.a(lv_theme_material.c.obj)
 .bss.ancestor_signal
                0x80fa096c        0x4 lib/liblvgl.a(lv_label.c.obj)
 .bss.ancestor_btn_signal
                0x80fa0970        0x4 lib/liblvgl.a(lv_list.c.obj)
 .bss.ancestor_page_signal
                0x80fa0974        0x4 lib/liblvgl.a(lv_list.c.obj)
 .bss.img_signal
                0x80fa0978        0x4 lib/liblvgl.a(lv_list.c.obj)
 .bss.label_signal
                0x80fa097c        0x4 lib/liblvgl.a(lv_list.c.obj)
 .bss.ancestor_design
                0x80fa0980        0x4 lib/liblvgl.a(lv_cont.c.obj)
 .bss.ancestor_signal
                0x80fa0984        0x4 lib/liblvgl.a(lv_cont.c.obj)
 .bss.recursion_level.10273
                0x80fa0988        0x4 lib/liblvgl.a(lv_cont.c.obj)
 .bss.ancestor_signal
                0x80fa098c        0x4 lib/liblvgl.a(lv_img.c.obj)
 .bss.ancestor_design
                0x80fa0990        0x4 lib/liblvgl.a(lv_page.c.obj)
 .bss.ancestor_signal
                0x80fa0994        0x4 lib/liblvgl.a(lv_page.c.obj)
 .bss.blend_buf
                0x80fa0998      0x100 lib/liblvgl.a(lv_draw_blend.c.obj)
 .bss.ancestor_design
                0x80fa0a98        0x4 lib/liblvgl.a(lv_btn.c.obj)
 .bss.ancestor_signal
                0x80fa0a9c        0x4 lib/liblvgl.a(lv_btn.c.obj)
                0x80fa0aa0                __bss_end = .
                0x80fa0aa0                . = ALIGN (0x20)
                0x60250460                . = ((LOADADDR (.corestub) + SIZEOF (.corestub)) + SIZEOF (.data))

.text           0x60250460   0x110680
                0x60250460                __text_start = .
 *(.text .text.* .gnu.linkonce.t.* .rdata .rodata .rodata.* .gnu.linkonce.r.* .glue_7 .glue_7t .vfp11_veneer .v4_bx)
 .glue_7        0x60250460        0x0 linker stubs
 .glue_7t       0x60250460        0x0 linker stubs
 .vfp11_veneer  0x60250460        0x0 linker stubs
 .v4_bx         0x60250460        0x0 linker stubs
 .text.ql_init_demo_thread
                0x60250460       0x3c components/ql-application/init/CMakeFiles/C51_APP.dir/ql_init.c.obj
 .text.appimg_enter
                0x6025049c       0x88 components/ql-application/init/CMakeFiles/C51_APP.dir/ql_init.c.obj
                0x6025049c                appimg_enter
 .text.appimg_exit
                0x60250524       0x1c components/ql-application/init/CMakeFiles/C51_APP.dir/ql_init.c.obj
                0x60250524                appimg_exit
 .rodata.__FUNCTION__.8473
                0x60250540       0x14 components/ql-application/init/CMakeFiles/C51_APP.dir/ql_init.c.obj
 .rodata.__FUNCTION__.8479
                0x60250554        0xd components/ql-application/init/CMakeFiles/C51_APP.dir/ql_init.c.obj
 .rodata.__FUNCTION__.8483
                0x60250561        0xc components/ql-application/init/CMakeFiles/C51_APP.dir/ql_init.c.obj
 .rodata.appimg_enter.str1.1
                0x6025056d       0x54 components/ql-application/init/CMakeFiles/C51_APP.dir/ql_init.c.obj
 .rodata.appimg_exit.str1.1
                0x602505c1       0x21 components/ql-application/init/CMakeFiles/C51_APP.dir/ql_init.c.obj
 .rodata.ql_init_demo_thread.str1.1
                0x602505e2       0x35 components/ql-application/init/CMakeFiles/C51_APP.dir/ql_init.c.obj
 *fill*         0x60250617        0x1 
 .text.ql_ledcfg_demo_thread
                0x60250618      0x134 lib/libql_app_peripheral.a(led_cfg_demo.c.obj)
 .text._ledcfg_demo_cb
                0x6025074c       0x58 lib/libql_app_peripheral.a(led_cfg_demo.c.obj)
 .text.ql_ledcfg_app_init
                0x602507a4       0x50 lib/libql_app_peripheral.a(led_cfg_demo.c.obj)
                0x602507a4                ql_ledcfg_app_init
 .rodata.__FUNCTION__.7849
                0x602507f4       0x10 lib/libql_app_peripheral.a(led_cfg_demo.c.obj)
 .rodata.__FUNCTION__.7853
                0x60250804       0x16 lib/libql_app_peripheral.a(led_cfg_demo.c.obj)
 .rodata.__FUNCTION__.7877
                0x6025081a       0x13 lib/libql_app_peripheral.a(led_cfg_demo.c.obj)
 .rodata._ledcfg_demo_cb.str1.1
                0x6025082d       0x72 lib/libql_app_peripheral.a(led_cfg_demo.c.obj)
 .rodata.ql_ledcfg_app_init.str1.1
                0x6025089f       0x4a lib/libql_app_peripheral.a(led_cfg_demo.c.obj)
 .rodata.ql_ledcfg_demo_thread.str1.1
                0x602508e9      0x1ca lib/libql_app_peripheral.a(led_cfg_demo.c.obj)
 *fill*         0x60250ab3        0x1 
 .text.prvKeypadCallback
                0x60250ab4       0x48 lib/libql_app_lvgl.a(lvgl_demo.c.obj)
 .text.prvLvTaskHandler
                0x60250afc       0x1c lib/libql_app_lvgl.a(lvgl_demo.c.obj)
 .text.prvDispFlush
                0x60250b18       0x54 lib/libql_app_lvgl.a(lvgl_demo.c.obj)
 .text.prvLvKeypadRead
                0x60250b6c       0x80 lib/libql_app_lvgl.a(lvgl_demo.c.obj)
 .text.lvGuiScreenOff
                0x60250bec       0x30 lib/libql_app_lvgl.a(lvgl_demo.c.obj)
                0x60250bec                lvGuiScreenOff
 .text.ql_lvgl_demo_thread
                0x60250c1c      0x1e4 lib/libql_app_lvgl.a(lvgl_demo.c.obj)
 .text.ql_lvgl_app_init
                0x60250e00       0x54 lib/libql_app_lvgl.a(lvgl_demo.c.obj)
                0x60250e00                ql_lvgl_app_init
 .rodata        0x60250e54        0xb lib/libql_app_lvgl.a(lvgl_demo.c.obj)
 .rodata.__FUNCTION__.14843
                0x60250e5f        0xd lib/libql_app_lvgl.a(lvgl_demo.c.obj)
 .rodata.__FUNCTION__.14855
                0x60250e6c       0x12 lib/libql_app_lvgl.a(lvgl_demo.c.obj)
 .rodata.__FUNCTION__.14869
                0x60250e7e       0x10 lib/libql_app_lvgl.a(lvgl_demo.c.obj)
 .rodata.__FUNCTION__.14912
                0x60250e8e        0xf lib/libql_app_lvgl.a(lvgl_demo.c.obj)
 .rodata.__FUNCTION__.14937
                0x60250e9d       0x14 lib/libql_app_lvgl.a(lvgl_demo.c.obj)
 .rodata.__FUNCTION__.14946
                0x60250eb1       0x11 lib/libql_app_lvgl.a(lvgl_demo.c.obj)
 .rodata.gLvKeyMap
                0x60250ec2       0x26 lib/libql_app_lvgl.a(lvgl_demo.c.obj)
 .rodata.lvGuiScreenOff.str1.1
                0x60250ee8       0x21 lib/libql_app_lvgl.a(lvgl_demo.c.obj)
 .rodata.prvDispFlush.str1.1
                0x60250f09       0x2d lib/libql_app_lvgl.a(lvgl_demo.c.obj)
 .rodata.prvKeypadCallback.str1.1
                0x60250f36       0x34 lib/libql_app_lvgl.a(lvgl_demo.c.obj)
 .rodata.prvLvKeypadRead.str1.1
                0x60250f6a       0x39 lib/libql_app_lvgl.a(lvgl_demo.c.obj)
 .rodata.ql_lvgl_app_init.str1.1
                0x60250fa3       0x3e lib/libql_app_lvgl.a(lvgl_demo.c.obj)
 .rodata.ql_lvgl_demo_thread.str1.1
                0x60250fe1      0x194 lib/libql_app_lvgl.a(lvgl_demo.c.obj)
 *fill*         0x60251175        0x3 
 .text.sms_demo_task
                0x60251178      0x1d8 lib/libql_app_sms.a(sms_demo.c.obj)
                0x60251178                sms_demo_task
 .text.user_sms_event_callback
                0x60251350       0x8c lib/libql_app_sms.a(sms_demo.c.obj)
                0x60251350                user_sms_event_callback
 .text.ql_sms_app_init
                0x602513dc       0x88 lib/libql_app_sms.a(sms_demo.c.obj)
                0x602513dc                ql_sms_app_init
 .rodata.__FUNCTION__.14216
                0x60251464       0x18 lib/libql_app_sms.a(sms_demo.c.obj)
 .rodata.__FUNCTION__.14227
                0x6025147c        0xe lib/libql_app_sms.a(sms_demo.c.obj)
 .rodata.__FUNCTION__.14236
                0x6025148a       0x10 lib/libql_app_sms.a(sms_demo.c.obj)
 .rodata.ql_sms_app_init.str1.1
                0x6025149a       0x77 lib/libql_app_sms.a(sms_demo.c.obj)
 .rodata.sms_demo_task.str1.1
                0x60251511      0x228 lib/libql_app_sms.a(sms_demo.c.obj)
 .rodata.user_sms_event_callback.str1.1
                0x60251739       0x9d lib/libql_app_sms.a(sms_demo.c.obj)
 *fill*         0x602517d6        0x2 
 .text.main_screen_exit
                0x602517d8       0x10 lib/liblv_widgets.a(main_screen.c.obj)
 .text.touch_animation_finish_cb
                0x602517e8       0x18 lib/liblv_widgets.a(main_screen.c.obj)
 .text.clock_update_task
                0x60251800       0x38 lib/liblv_widgets.a(main_screen.c.obj)
 .text.main_screen_entry
                0x60251838       0x20 lib/liblv_widgets.a(main_screen.c.obj)
 .text.main_screen_deinit
                0x60251858       0x18 lib/liblv_widgets.a(main_screen.c.obj)
 .text.main_screen_init
                0x60251870      0x120 lib/liblv_widgets.a(main_screen.c.obj)
 .text.main_screen_event_cb
                0x60251990      0x69c lib/liblv_widgets.a(main_screen.c.obj)
 .text.main_screen_1
                0x6025202c       0x68 lib/liblv_widgets.a(main_screen.c.obj)
                0x6025202c                main_screen_1
 .text.main_screen
                0x60252094       0x20 lib/liblv_widgets.a(main_screen.c.obj)
                0x60252094                main_screen
 .rodata.__FUNCTION__.14893
                0x602520b4       0x12 lib/liblv_widgets.a(main_screen.c.obj)
 .rodata.__FUNCTION__.14914
                0x602520c6       0x15 lib/liblv_widgets.a(main_screen.c.obj)
 .rodata.__FUNCTION__.14950
                0x602520db       0x11 lib/liblv_widgets.a(main_screen.c.obj)
 .rodata.__FUNCTION__.14966
                0x602520ec        0xe lib/liblv_widgets.a(main_screen.c.obj)
 .rodata.clock_update_task.str1.1
                0x602520fa       0x29 lib/liblv_widgets.a(main_screen.c.obj)
 .rodata.main_screen.str1.1
                0x60252123        0x6 lib/liblv_widgets.a(main_screen.c.obj)
 .rodata.main_screen_1.str1.1
                0x60252129       0x5b lib/liblv_widgets.a(main_screen.c.obj)
 .rodata.main_screen_event_cb.str1.1
                0x60252184      0x2fe lib/liblv_widgets.a(main_screen.c.obj)
 .rodata.main_screen_init.str1.1
                0x60252482       0x97 lib/liblv_widgets.a(main_screen.c.obj)
 *fill*         0x60252519        0x3 
 .text.mainmenu_screen_event_cb
                0x6025251c      0x2ec lib/liblv_widgets.a(mainmenu.c.obj)
 .text.ic_mainmenu_create
                0x60252808       0x78 lib/liblv_widgets.a(mainmenu.c.obj)
                0x60252808                ic_mainmenu_create
 .rodata.__FUNCTION__.14621
                0x60252880       0x19 lib/liblv_widgets.a(mainmenu.c.obj)
 .rodata.mainmenu_screen_event_cb.str1.1
                0x60252899       0x66 lib/liblv_widgets.a(mainmenu.c.obj)
                                0x327 (size before relaxing)
 *fill*         0x602528ff        0x1 
 .text.message_center_screen_event_cb
                0x60252900      0x2e0 lib/liblv_widgets.a(message_center.c.obj)
 .text.ic_message_center_create
                0x60252be0       0xac lib/liblv_widgets.a(message_center.c.obj)
                0x60252be0                ic_message_center_create
 .rodata        0x60252c8c        0x2 lib/liblv_widgets.a(message_center.c.obj)
 .rodata.__FUNCTION__.14621
                0x60252c8e       0x1f lib/liblv_widgets.a(message_center.c.obj)
 .rodata.ic_message_center_create.str1.1
                0x60252cad        0x8 lib/liblv_widgets.a(message_center.c.obj)
 .rodata.message_center_screen_event_cb.str1.1
                0x60252cb5       0x47 lib/liblv_widgets.a(message_center.c.obj)
                                0x32d (size before relaxing)
 .text.ic_watch_create_title_bar
                0x60252cfc       0x84 lib/liblv_widgets.a(title_bar.c.obj)
                0x60252cfc                ic_watch_create_title_bar
 .rodata.ic_watch_create_title_bar.str1.1
                0x60252d80        0x6 lib/liblv_widgets.a(title_bar.c.obj)
 *fill*         0x60252d86        0x2 
 .text.ic_font_get
                0x60252d88       0x40 lib/liblv_widgets.a(iclv_font.c.obj)
                0x60252d88                ic_font_get
 .rodata.ic_font_get.str1.1
                0x60252dc8        0x6 lib/liblv_widgets.a(iclv_font.c.obj)
                                  0xc (size before relaxing)
 *fill*         0x60252dce        0x2 
 .rodata.ic_font_list
                0x60252dd0       0x30 lib/liblv_widgets.a(iclv_font.c.obj)
 .rodata.cmaps  0x60252e00       0x14 lib/liblv_widgets.a(opposans_14.c.obj)
 .rodata.glyph_dsc
                0x60252e14      0x300 lib/liblv_widgets.a(opposans_14.c.obj)
 .rodata.gylph_bitmap
                0x60253114      0x721 lib/liblv_widgets.a(opposans_14.c.obj)
 .rodata.kern_pair_glyph_ids
                0x60253835      0x10a lib/liblv_widgets.a(opposans_14.c.obj)
 .rodata.kern_pair_values
                0x6025393f       0x85 lib/liblv_widgets.a(opposans_14.c.obj)
 .rodata.kern_pairs
                0x602539c4        0xc lib/liblv_widgets.a(opposans_14.c.obj)
 .text.clockface_screen_event_cb
                0x602539d0      0x374 lib/liblv_widgets.a(clockface.c.obj)
 .text.clockface_get_analog_clock_angle.constprop.0
                0x60253d44       0x98 lib/liblv_widgets.a(clockface.c.obj)
 .text.ic_clockface_create
                0x60253ddc      0x5f0 lib/liblv_widgets.a(clockface.c.obj)
                0x60253ddc                ic_clockface_create
 .text.ic_clockface_update
                0x602543cc      0x23c lib/liblv_widgets.a(clockface.c.obj)
                0x602543cc                ic_clockface_update
 .rodata.__FUNCTION__.14862
                0x60254608       0x1a lib/liblv_widgets.a(clockface.c.obj)
 .rodata.__FUNCTION__.14977
                0x60254622       0x14 lib/liblv_widgets.a(clockface.c.obj)
 .rodata.__FUNCTION__.15030
                0x60254636       0x14 lib/liblv_widgets.a(clockface.c.obj)
 .rodata.clockface_screen_event_cb.str1.1
                0x6025464a      0x2e6 lib/liblv_widgets.a(clockface.c.obj)
 .rodata.ic_clockface_create.str1.1
                0x6025464a       0x2d lib/liblv_widgets.a(clockface.c.obj)
 *fill*         0x60254677        0x1 
 .rodata.IMG_CLOCKFACE_ANALOG1_BG
                0x60254678        0xc lib/liblv_widgets.a(IMG_CLOCKFACE_ANALOG1_BG.c.obj)
                0x60254678                IMG_CLOCKFACE_ANALOG1_BG
 .rodata.IMG_CLOCKFACE_ANALOG1_BG_map
                0x60254684    0x31380 lib/liblv_widgets.a(IMG_CLOCKFACE_ANALOG1_BG.c.obj)
                0x60254684                IMG_CLOCKFACE_ANALOG1_BG_map
 .rodata.IMG_CLOCKFACE_ANALOG1_MINUTE
                0x60285a04        0xc lib/liblv_widgets.a(IMG_CLOCKFACE_ANALOG1_MINUTE.c.obj)
                0x60285a04                IMG_CLOCKFACE_ANALOG1_MINUTE
 .rodata.IMG_CLOCKFACE_ANALOG1_MINUTE_map
                0x60285a10     0x7080 lib/liblv_widgets.a(IMG_CLOCKFACE_ANALOG1_MINUTE.c.obj)
                0x60285a10                IMG_CLOCKFACE_ANALOG1_MINUTE_map
 .rodata.IMG_CLOCKFACE_ANALOG1_HOUR
                0x6028ca90        0xc lib/liblv_widgets.a(IMG_CLOCKFACE_ANALOG1_HOUR.c.obj)
                0x6028ca90                IMG_CLOCKFACE_ANALOG1_HOUR
 .rodata.IMG_CLOCKFACE_ANALOG1_HOUR_map
                0x6028ca9c     0x7080 lib/liblv_widgets.a(IMG_CLOCKFACE_ANALOG1_HOUR.c.obj)
                0x6028ca9c                IMG_CLOCKFACE_ANALOG1_HOUR_map
 .rodata.IMG_CLOCKFACE_ANALOG1_PREVIEW
                0x60293b1c        0xc lib/liblv_widgets.a(IMG_CLOCKFACE_ANALOG1_PREVIEW.c.obj)
                0x60293b1c                IMG_CLOCKFACE_ANALOG1_PREVIEW
 .rodata.IMG_CLOCKFACE_ANALOG1_PREVIEW_map
                0x60293b28    0x31380 lib/liblv_widgets.a(IMG_CLOCKFACE_ANALOG1_PREVIEW.c.obj)
                0x60293b28                IMG_CLOCKFACE_ANALOG1_PREVIEW_map
 .rodata.IMG_CLOCKFACE_ANALOG1_SECOND
                0x602c4ea8        0xc lib/liblv_widgets.a(IMG_CLOCKFACE_ANALOG1_SECOND.c.obj)
                0x602c4ea8                IMG_CLOCKFACE_ANALOG1_SECOND
 .rodata.IMG_CLOCKFACE_ANALOG1_SECOND_map
                0x602c4eb4     0x7080 lib/liblv_widgets.a(IMG_CLOCKFACE_ANALOG1_SECOND.c.obj)
                0x602c4eb4                IMG_CLOCKFACE_ANALOG1_SECOND_map
 .text.ic_hal_rtc_get_time
                0x602cbf34       0x42 lib/liblv_widgets.a(ic_hal_rtc.c.obj)
                0x602cbf34                ic_hal_rtc_get_time
 .text.en_us_plural_fn
                0x602cbf76       0x10 lib/liblv_widgets.a(lv_i18n.c.obj)
 .text.zh_cn_plural_fn
                0x602cbf86        0x4 lib/liblv_widgets.a(lv_i18n.c.obj)
 .text.__lv_i18n_get_text_core
                0x602cbf8a       0x28 lib/liblv_widgets.a(lv_i18n.c.obj)
 *fill*         0x602cbfb2        0x2 
 .text.lv_i18n_init
                0x602cbfb4       0x20 lib/liblv_widgets.a(lv_i18n.c.obj)
                0x602cbfb4                lv_i18n_init
 .text.lv_i18n_set_locale
                0x602cbfd4       0x38 lib/liblv_widgets.a(lv_i18n.c.obj)
                0x602cbfd4                lv_i18n_set_locale
 .text.lv_i18n_get_text
                0x602cc00c       0x40 lib/liblv_widgets.a(lv_i18n.c.obj)
                0x602cc00c                lv_i18n_get_text
 .text.lv_i18n_get_current_locale
                0x602cc04c       0x10 lib/liblv_widgets.a(lv_i18n.c.obj)
                0x602cc04c                lv_i18n_get_current_locale
 .rodata.en_us_lang
                0x602cc05c       0x24 lib/liblv_widgets.a(lv_i18n.c.obj)
 .rodata.lv_i18n_language_pack
                0x602cc080        0xc lib/liblv_widgets.a(lv_i18n.c.obj)
                0x602cc080                lv_i18n_language_pack
 .rodata.str1.1
                0x602cc08c       0x65 lib/liblv_widgets.a(lv_i18n.c.obj)
                                 0x77 (size before relaxing)
 *fill*         0x602cc0f1        0x3 
 .rodata.zh_cn_lang
                0x602cc0f4       0x24 lib/liblv_widgets.a(lv_i18n.c.obj)
 .text.ic_screen_get_current
                0x602cc118       0x24 lib/liblv_widgets.a(screen_manager.c.obj)
 .text.ic_screen_create
                0x602cc13c       0x68 lib/liblv_widgets.a(screen_manager.c.obj)
                0x602cc13c                ic_screen_create
 .text.ic_screen_entry
                0x602cc1a4       0xac lib/liblv_widgets.a(screen_manager.c.obj)
                0x602cc1a4                ic_screen_entry
 .rodata.IMG_CLOCKFACE_DIGITAL1_BG
                0x602cc250        0xc lib/liblv_widgets.a(IMG_CLOCKFACE_DIGITAL1_BG.c.obj)
                0x602cc250                IMG_CLOCKFACE_DIGITAL1_BG
 .rodata.IMG_CLOCKFACE_DIGITAL1_BG_map
                0x602cc25c     0xc000 lib/liblv_widgets.a(IMG_CLOCKFACE_DIGITAL1_BG.c.obj)
                0x602cc25c                IMG_CLOCKFACE_DIGITAL1_BG_map
 .rodata.IMG_CLOCKFACE_DIGITAL1_HOUR0
                0x602d825c        0xc lib/liblv_widgets.a(IMG_CLOCKFACE_DIGITAL1_HOUR0.c.obj)
                0x602d825c                IMG_CLOCKFACE_DIGITAL1_HOUR0
 .rodata.IMG_CLOCKFACE_DIGITAL1_HOUR0_map
                0x602d8268     0x1059 lib/liblv_widgets.a(IMG_CLOCKFACE_DIGITAL1_HOUR0.c.obj)
                0x602d8268                IMG_CLOCKFACE_DIGITAL1_HOUR0_map
 *fill*         0x602d92c1        0x3 
 .rodata.IMG_CLOCKFACE_DIGITAL1_HOUR1
                0x602d92c4        0xc lib/liblv_widgets.a(IMG_CLOCKFACE_DIGITAL1_HOUR1.c.obj)
                0x602d92c4                IMG_CLOCKFACE_DIGITAL1_HOUR1
 .rodata.IMG_CLOCKFACE_DIGITAL1_HOUR1_map
                0x602d92d0     0x1059 lib/liblv_widgets.a(IMG_CLOCKFACE_DIGITAL1_HOUR1.c.obj)
                0x602d92d0                IMG_CLOCKFACE_DIGITAL1_HOUR1_map
 *fill*         0x602da329        0x3 
 .rodata.IMG_CLOCKFACE_DIGITAL1_HOUR2
                0x602da32c        0xc lib/liblv_widgets.a(IMG_CLOCKFACE_DIGITAL1_HOUR2.c.obj)
                0x602da32c                IMG_CLOCKFACE_DIGITAL1_HOUR2
 .rodata.IMG_CLOCKFACE_DIGITAL1_HOUR2_map
                0x602da338     0x1059 lib/liblv_widgets.a(IMG_CLOCKFACE_DIGITAL1_HOUR2.c.obj)
                0x602da338                IMG_CLOCKFACE_DIGITAL1_HOUR2_map
 *fill*         0x602db391        0x3 
 .rodata.IMG_CLOCKFACE_DIGITAL1_HOUR3
                0x602db394        0xc lib/liblv_widgets.a(IMG_CLOCKFACE_DIGITAL1_HOUR3.c.obj)
                0x602db394                IMG_CLOCKFACE_DIGITAL1_HOUR3
 .rodata.IMG_CLOCKFACE_DIGITAL1_HOUR3_map
                0x602db3a0     0x1059 lib/liblv_widgets.a(IMG_CLOCKFACE_DIGITAL1_HOUR3.c.obj)
                0x602db3a0                IMG_CLOCKFACE_DIGITAL1_HOUR3_map
 *fill*         0x602dc3f9        0x3 
 .rodata.IMG_CLOCKFACE_DIGITAL1_HOUR4
                0x602dc3fc        0xc lib/liblv_widgets.a(IMG_CLOCKFACE_DIGITAL1_HOUR4.c.obj)
                0x602dc3fc                IMG_CLOCKFACE_DIGITAL1_HOUR4
 .rodata.IMG_CLOCKFACE_DIGITAL1_HOUR4_map
                0x602dc408     0x1059 lib/liblv_widgets.a(IMG_CLOCKFACE_DIGITAL1_HOUR4.c.obj)
                0x602dc408                IMG_CLOCKFACE_DIGITAL1_HOUR4_map
 *fill*         0x602dd461        0x3 
 .rodata.IMG_CLOCKFACE_DIGITAL1_HOUR5
                0x602dd464        0xc lib/liblv_widgets.a(IMG_CLOCKFACE_DIGITAL1_HOUR5.c.obj)
                0x602dd464                IMG_CLOCKFACE_DIGITAL1_HOUR5
 .rodata.IMG_CLOCKFACE_DIGITAL1_HOUR5_map
                0x602dd470     0x1059 lib/liblv_widgets.a(IMG_CLOCKFACE_DIGITAL1_HOUR5.c.obj)
                0x602dd470                IMG_CLOCKFACE_DIGITAL1_HOUR5_map
 *fill*         0x602de4c9        0x3 
 .rodata.IMG_CLOCKFACE_DIGITAL1_HOUR6
                0x602de4cc        0xc lib/liblv_widgets.a(IMG_CLOCKFACE_DIGITAL1_HOUR6.c.obj)
                0x602de4cc                IMG_CLOCKFACE_DIGITAL1_HOUR6
 .rodata.IMG_CLOCKFACE_DIGITAL1_HOUR6_map
                0x602de4d8     0x1059 lib/liblv_widgets.a(IMG_CLOCKFACE_DIGITAL1_HOUR6.c.obj)
                0x602de4d8                IMG_CLOCKFACE_DIGITAL1_HOUR6_map
 *fill*         0x602df531        0x3 
 .rodata.IMG_CLOCKFACE_DIGITAL1_HOUR7
                0x602df534        0xc lib/liblv_widgets.a(IMG_CLOCKFACE_DIGITAL1_HOUR7.c.obj)
                0x602df534                IMG_CLOCKFACE_DIGITAL1_HOUR7
 .rodata.IMG_CLOCKFACE_DIGITAL1_HOUR7_map
                0x602df540     0x1059 lib/liblv_widgets.a(IMG_CLOCKFACE_DIGITAL1_HOUR7.c.obj)
                0x602df540                IMG_CLOCKFACE_DIGITAL1_HOUR7_map
 *fill*         0x602e0599        0x3 
 .rodata.IMG_CLOCKFACE_DIGITAL1_HOUR8
                0x602e059c        0xc lib/liblv_widgets.a(IMG_CLOCKFACE_DIGITAL1_HOUR8.c.obj)
                0x602e059c                IMG_CLOCKFACE_DIGITAL1_HOUR8
 .rodata.IMG_CLOCKFACE_DIGITAL1_HOUR8_map
                0x602e05a8     0x1059 lib/liblv_widgets.a(IMG_CLOCKFACE_DIGITAL1_HOUR8.c.obj)
                0x602e05a8                IMG_CLOCKFACE_DIGITAL1_HOUR8_map
 *fill*         0x602e1601        0x3 
 .rodata.IMG_CLOCKFACE_DIGITAL1_HOUR9
                0x602e1604        0xc lib/liblv_widgets.a(IMG_CLOCKFACE_DIGITAL1_HOUR9.c.obj)
                0x602e1604                IMG_CLOCKFACE_DIGITAL1_HOUR9
 .rodata.IMG_CLOCKFACE_DIGITAL1_HOUR9_map
                0x602e1610     0x1059 lib/liblv_widgets.a(IMG_CLOCKFACE_DIGITAL1_HOUR9.c.obj)
                0x602e1610                IMG_CLOCKFACE_DIGITAL1_HOUR9_map
 *fill*         0x602e2669        0x3 
 .text.iclv_time_get_image_id
                0x602e266c      0x36c lib/liblv_widgets.a(image_resource.c.obj)
                0x602e266c                iclv_time_get_image_id
 .rodata.IMG_CLOCKFACE_DIGITAL1_DATE0
                0x602e29d8        0xc lib/liblv_widgets.a(IMG_CLOCKFACE_DIGITAL1_DATE0.c.obj)
                0x602e29d8                IMG_CLOCKFACE_DIGITAL1_DATE0
 .rodata.IMG_CLOCKFACE_DIGITAL1_DATE0_map
                0x602e29e4       0xf0 lib/liblv_widgets.a(IMG_CLOCKFACE_DIGITAL1_DATE0.c.obj)
                0x602e29e4                IMG_CLOCKFACE_DIGITAL1_DATE0_map
 .rodata.IMG_CLOCKFACE_DIGITAL1_DATE1
                0x602e2ad4        0xc lib/liblv_widgets.a(IMG_CLOCKFACE_DIGITAL1_DATE1.c.obj)
                0x602e2ad4                IMG_CLOCKFACE_DIGITAL1_DATE1
 .rodata.IMG_CLOCKFACE_DIGITAL1_DATE1_map
                0x602e2ae0       0xf0 lib/liblv_widgets.a(IMG_CLOCKFACE_DIGITAL1_DATE1.c.obj)
                0x602e2ae0                IMG_CLOCKFACE_DIGITAL1_DATE1_map
 .rodata.IMG_CLOCKFACE_DIGITAL1_DATE2
                0x602e2bd0        0xc lib/liblv_widgets.a(IMG_CLOCKFACE_DIGITAL1_DATE2.c.obj)
                0x602e2bd0                IMG_CLOCKFACE_DIGITAL1_DATE2
 .rodata.IMG_CLOCKFACE_DIGITAL1_DATE2_map
                0x602e2bdc       0xf0 lib/liblv_widgets.a(IMG_CLOCKFACE_DIGITAL1_DATE2.c.obj)
                0x602e2bdc                IMG_CLOCKFACE_DIGITAL1_DATE2_map
 .rodata.IMG_CLOCKFACE_DIGITAL1_DATE3
                0x602e2ccc        0xc lib/liblv_widgets.a(IMG_CLOCKFACE_DIGITAL1_DATE3.c.obj)
                0x602e2ccc                IMG_CLOCKFACE_DIGITAL1_DATE3
 .rodata.IMG_CLOCKFACE_DIGITAL1_DATE3_map
                0x602e2cd8       0xf0 lib/liblv_widgets.a(IMG_CLOCKFACE_DIGITAL1_DATE3.c.obj)
                0x602e2cd8                IMG_CLOCKFACE_DIGITAL1_DATE3_map
 .rodata.IMG_CLOCKFACE_DIGITAL1_DATE4
                0x602e2dc8        0xc lib/liblv_widgets.a(IMG_CLOCKFACE_DIGITAL1_DATE4.c.obj)
                0x602e2dc8                IMG_CLOCKFACE_DIGITAL1_DATE4
 .rodata.IMG_CLOCKFACE_DIGITAL1_DATE4_map
                0x602e2dd4       0xf0 lib/liblv_widgets.a(IMG_CLOCKFACE_DIGITAL1_DATE4.c.obj)
                0x602e2dd4                IMG_CLOCKFACE_DIGITAL1_DATE4_map
 .rodata.IMG_CLOCKFACE_DIGITAL1_DATE5
                0x602e2ec4        0xc lib/liblv_widgets.a(IMG_CLOCKFACE_DIGITAL1_DATE5.c.obj)
                0x602e2ec4                IMG_CLOCKFACE_DIGITAL1_DATE5
 .rodata.IMG_CLOCKFACE_DIGITAL1_DATE5_map
                0x602e2ed0       0xf0 lib/liblv_widgets.a(IMG_CLOCKFACE_DIGITAL1_DATE5.c.obj)
                0x602e2ed0                IMG_CLOCKFACE_DIGITAL1_DATE5_map
 .rodata.IMG_CLOCKFACE_DIGITAL1_DATE6
                0x602e2fc0        0xc lib/liblv_widgets.a(IMG_CLOCKFACE_DIGITAL1_DATE6.c.obj)
                0x602e2fc0                IMG_CLOCKFACE_DIGITAL1_DATE6
 .rodata.IMG_CLOCKFACE_DIGITAL1_DATE6_map
                0x602e2fcc       0xf0 lib/liblv_widgets.a(IMG_CLOCKFACE_DIGITAL1_DATE6.c.obj)
                0x602e2fcc                IMG_CLOCKFACE_DIGITAL1_DATE6_map
 .rodata.IMG_CLOCKFACE_DIGITAL1_DATE7
                0x602e30bc        0xc lib/liblv_widgets.a(IMG_CLOCKFACE_DIGITAL1_DATE7.c.obj)
                0x602e30bc                IMG_CLOCKFACE_DIGITAL1_DATE7
 .rodata.IMG_CLOCKFACE_DIGITAL1_DATE7_map
                0x602e30c8       0xf0 lib/liblv_widgets.a(IMG_CLOCKFACE_DIGITAL1_DATE7.c.obj)
                0x602e30c8                IMG_CLOCKFACE_DIGITAL1_DATE7_map
 .rodata.IMG_CLOCKFACE_DIGITAL1_DATE8
                0x602e31b8        0xc lib/liblv_widgets.a(IMG_CLOCKFACE_DIGITAL1_DATE8.c.obj)
                0x602e31b8                IMG_CLOCKFACE_DIGITAL1_DATE8
 .rodata.IMG_CLOCKFACE_DIGITAL1_DATE8_map
                0x602e31c4       0xf0 lib/liblv_widgets.a(IMG_CLOCKFACE_DIGITAL1_DATE8.c.obj)
                0x602e31c4                IMG_CLOCKFACE_DIGITAL1_DATE8_map
 .rodata.IMG_CLOCKFACE_DIGITAL1_DATE9
                0x602e32b4        0xc lib/liblv_widgets.a(IMG_CLOCKFACE_DIGITAL1_DATE9.c.obj)
                0x602e32b4                IMG_CLOCKFACE_DIGITAL1_DATE9
 .rodata.IMG_CLOCKFACE_DIGITAL1_DATE9_map
                0x602e32c0       0xf0 lib/liblv_widgets.a(IMG_CLOCKFACE_DIGITAL1_DATE9.c.obj)
                0x602e32c0                IMG_CLOCKFACE_DIGITAL1_DATE9_map
 .rodata.IMG_CLOCKFACE_DIGITAL1_SLASH
                0x602e33b0        0xc lib/liblv_widgets.a(IMG_CLOCKFACE_DIGITAL1_SLASH.c.obj)
                0x602e33b0                IMG_CLOCKFACE_DIGITAL1_SLASH
 .rodata.IMG_CLOCKFACE_DIGITAL1_SLASH_map
                0x602e33bc       0xf0 lib/liblv_widgets.a(IMG_CLOCKFACE_DIGITAL1_SLASH.c.obj)
                0x602e33bc                IMG_CLOCKFACE_DIGITAL1_SLASH_map
 .rodata.IMG_CLOCKFACE_DIGITAL1_MON
                0x602e34ac        0xc lib/liblv_widgets.a(IMG_CLOCKFACE_DIGITAL1_MON.c.obj)
                0x602e34ac                IMG_CLOCKFACE_DIGITAL1_MON
 .rodata.IMG_CLOCKFACE_DIGITAL1_MON_map
                0x602e34b8      0x46b lib/liblv_widgets.a(IMG_CLOCKFACE_DIGITAL1_MON.c.obj)
                0x602e34b8                IMG_CLOCKFACE_DIGITAL1_MON_map
 *fill*         0x602e3923        0x1 
 .rodata.IMG_CLOCKFACE_DIGITAL1_TUE
                0x602e3924        0xc lib/liblv_widgets.a(IMG_CLOCKFACE_DIGITAL1_TUE.c.obj)
                0x602e3924                IMG_CLOCKFACE_DIGITAL1_TUE
 .rodata.IMG_CLOCKFACE_DIGITAL1_TUE_map
                0x602e3930      0x46b lib/liblv_widgets.a(IMG_CLOCKFACE_DIGITAL1_TUE.c.obj)
                0x602e3930                IMG_CLOCKFACE_DIGITAL1_TUE_map
 *fill*         0x602e3d9b        0x1 
 .rodata.IMG_CLOCKFACE_DIGITAL1_WED
                0x602e3d9c        0xc lib/liblv_widgets.a(IMG_CLOCKFACE_DIGITAL1_WED.c.obj)
                0x602e3d9c                IMG_CLOCKFACE_DIGITAL1_WED
 .rodata.IMG_CLOCKFACE_DIGITAL1_WED_map
                0x602e3da8      0x46b lib/liblv_widgets.a(IMG_CLOCKFACE_DIGITAL1_WED.c.obj)
                0x602e3da8                IMG_CLOCKFACE_DIGITAL1_WED_map
 *fill*         0x602e4213        0x1 
 .rodata.IMG_CLOCKFACE_DIGITAL1_THU
                0x602e4214        0xc lib/liblv_widgets.a(IMG_CLOCKFACE_DIGITAL1_THU.c.obj)
                0x602e4214                IMG_CLOCKFACE_DIGITAL1_THU
 .rodata.IMG_CLOCKFACE_DIGITAL1_THU_map
                0x602e4220      0x46b lib/liblv_widgets.a(IMG_CLOCKFACE_DIGITAL1_THU.c.obj)
                0x602e4220                IMG_CLOCKFACE_DIGITAL1_THU_map
 *fill*         0x602e468b        0x1 
 .rodata.IMG_CLOCKFACE_DIGITAL1_FRI
                0x602e468c        0xc lib/liblv_widgets.a(IMG_CLOCKFACE_DIGITAL1_FRI.c.obj)
                0x602e468c                IMG_CLOCKFACE_DIGITAL1_FRI
 .rodata.IMG_CLOCKFACE_DIGITAL1_FRI_map
                0x602e4698      0x46b lib/liblv_widgets.a(IMG_CLOCKFACE_DIGITAL1_FRI.c.obj)
                0x602e4698                IMG_CLOCKFACE_DIGITAL1_FRI_map
 *fill*         0x602e4b03        0x1 
 .rodata.IMG_CLOCKFACE_DIGITAL1_SAT
                0x602e4b04        0xc lib/liblv_widgets.a(IMG_CLOCKFACE_DIGITAL1_SAT.c.obj)
                0x602e4b04                IMG_CLOCKFACE_DIGITAL1_SAT
 .rodata.IMG_CLOCKFACE_DIGITAL1_SAT_map
                0x602e4b10      0x46b lib/liblv_widgets.a(IMG_CLOCKFACE_DIGITAL1_SAT.c.obj)
                0x602e4b10                IMG_CLOCKFACE_DIGITAL1_SAT_map
 *fill*         0x602e4f7b        0x1 
 .rodata.IMG_CLOCKFACE_DIGITAL1_SUN
                0x602e4f7c        0xc lib/liblv_widgets.a(IMG_CLOCKFACE_DIGITAL1_SUN.c.obj)
                0x602e4f7c                IMG_CLOCKFACE_DIGITAL1_SUN
 .rodata.IMG_CLOCKFACE_DIGITAL1_SUN_map
                0x602e4f88      0x46b lib/liblv_widgets.a(IMG_CLOCKFACE_DIGITAL1_SUN.c.obj)
                0x602e4f88                IMG_CLOCKFACE_DIGITAL1_SUN_map
 *fill*         0x602e53f3        0x1 
 .rodata.IMG_CLOCKFACE_DIGITAL2_BG
                0x602e53f4        0xc lib/liblv_widgets.a(IMG_CLOCKFACE_DIGITAL2_BG.c.obj)
                0x602e53f4                IMG_CLOCKFACE_DIGITAL2_BG
 .rodata.IMG_CLOCKFACE_DIGITAL2_BG_map
                0x602e5400     0xc000 lib/liblv_widgets.a(IMG_CLOCKFACE_DIGITAL2_BG.c.obj)
                0x602e5400                IMG_CLOCKFACE_DIGITAL2_BG_map
 .rodata.IMG_CLOCKFACE_DIGITAL2_HOUR0
                0x602f1400        0xc lib/liblv_widgets.a(IMG_CLOCKFACE_DIGITAL2_HOUR0.c.obj)
                0x602f1400                IMG_CLOCKFACE_DIGITAL2_HOUR0
 .rodata.IMG_CLOCKFACE_DIGITAL2_HOUR0_map
                0x602f140c     0x10a1 lib/liblv_widgets.a(IMG_CLOCKFACE_DIGITAL2_HOUR0.c.obj)
                0x602f140c                IMG_CLOCKFACE_DIGITAL2_HOUR0_map
 *fill*         0x602f24ad        0x3 
 .rodata.IMG_CLOCKFACE_DIGITAL2_HOUR1
                0x602f24b0        0xc lib/liblv_widgets.a(IMG_CLOCKFACE_DIGITAL2_HOUR1.c.obj)
                0x602f24b0                IMG_CLOCKFACE_DIGITAL2_HOUR1
 .rodata.IMG_CLOCKFACE_DIGITAL2_HOUR1_map
                0x602f24bc     0x10a1 lib/liblv_widgets.a(IMG_CLOCKFACE_DIGITAL2_HOUR1.c.obj)
                0x602f24bc                IMG_CLOCKFACE_DIGITAL2_HOUR1_map
 *fill*         0x602f355d        0x3 
 .rodata.IMG_CLOCKFACE_DIGITAL2_HOUR2
                0x602f3560        0xc lib/liblv_widgets.a(IMG_CLOCKFACE_DIGITAL2_HOUR2.c.obj)
                0x602f3560                IMG_CLOCKFACE_DIGITAL2_HOUR2
 .rodata.IMG_CLOCKFACE_DIGITAL2_HOUR2_map
                0x602f356c     0x10a1 lib/liblv_widgets.a(IMG_CLOCKFACE_DIGITAL2_HOUR2.c.obj)
                0x602f356c                IMG_CLOCKFACE_DIGITAL2_HOUR2_map
 *fill*         0x602f460d        0x3 
 .rodata.IMG_CLOCKFACE_DIGITAL2_HOUR3
                0x602f4610        0xc lib/liblv_widgets.a(IMG_CLOCKFACE_DIGITAL2_HOUR3.c.obj)
                0x602f4610                IMG_CLOCKFACE_DIGITAL2_HOUR3
 .rodata.IMG_CLOCKFACE_DIGITAL2_HOUR3_map
                0x602f461c     0x10a1 lib/liblv_widgets.a(IMG_CLOCKFACE_DIGITAL2_HOUR3.c.obj)
                0x602f461c                IMG_CLOCKFACE_DIGITAL2_HOUR3_map
 *fill*         0x602f56bd        0x3 
 .rodata.IMG_CLOCKFACE_DIGITAL2_HOUR4
                0x602f56c0        0xc lib/liblv_widgets.a(IMG_CLOCKFACE_DIGITAL2_HOUR4.c.obj)
                0x602f56c0                IMG_CLOCKFACE_DIGITAL2_HOUR4
 .rodata.IMG_CLOCKFACE_DIGITAL2_HOUR4_map
                0x602f56cc     0x10a1 lib/liblv_widgets.a(IMG_CLOCKFACE_DIGITAL2_HOUR4.c.obj)
                0x602f56cc                IMG_CLOCKFACE_DIGITAL2_HOUR4_map
 *fill*         0x602f676d        0x3 
 .rodata.IMG_CLOCKFACE_DIGITAL2_HOUR5
                0x602f6770        0xc lib/liblv_widgets.a(IMG_CLOCKFACE_DIGITAL2_HOUR5.c.obj)
                0x602f6770                IMG_CLOCKFACE_DIGITAL2_HOUR5
 .rodata.IMG_CLOCKFACE_DIGITAL2_HOUR5_map
                0x602f677c     0x10a1 lib/liblv_widgets.a(IMG_CLOCKFACE_DIGITAL2_HOUR5.c.obj)
                0x602f677c                IMG_CLOCKFACE_DIGITAL2_HOUR5_map
 *fill*         0x602f781d        0x3 
 .rodata.IMG_CLOCKFACE_DIGITAL2_HOUR6
                0x602f7820        0xc lib/liblv_widgets.a(IMG_CLOCKFACE_DIGITAL2_HOUR6.c.obj)
                0x602f7820                IMG_CLOCKFACE_DIGITAL2_HOUR6
 .rodata.IMG_CLOCKFACE_DIGITAL2_HOUR6_map
                0x602f782c     0x10a1 lib/liblv_widgets.a(IMG_CLOCKFACE_DIGITAL2_HOUR6.c.obj)
                0x602f782c                IMG_CLOCKFACE_DIGITAL2_HOUR6_map
 *fill*         0x602f88cd        0x3 
 .rodata.IMG_CLOCKFACE_DIGITAL2_HOUR7
                0x602f88d0        0xc lib/liblv_widgets.a(IMG_CLOCKFACE_DIGITAL2_HOUR7.c.obj)
                0x602f88d0                IMG_CLOCKFACE_DIGITAL2_HOUR7
 .rodata.IMG_CLOCKFACE_DIGITAL2_HOUR7_map
                0x602f88dc     0x10a1 lib/liblv_widgets.a(IMG_CLOCKFACE_DIGITAL2_HOUR7.c.obj)
                0x602f88dc                IMG_CLOCKFACE_DIGITAL2_HOUR7_map
 *fill*         0x602f997d        0x3 
 .rodata.IMG_CLOCKFACE_DIGITAL2_HOUR8
                0x602f9980        0xc lib/liblv_widgets.a(IMG_CLOCKFACE_DIGITAL2_HOUR8.c.obj)
                0x602f9980                IMG_CLOCKFACE_DIGITAL2_HOUR8
 .rodata.IMG_CLOCKFACE_DIGITAL2_HOUR8_map
                0x602f998c     0x10a1 lib/liblv_widgets.a(IMG_CLOCKFACE_DIGITAL2_HOUR8.c.obj)
                0x602f998c                IMG_CLOCKFACE_DIGITAL2_HOUR8_map
 *fill*         0x602faa2d        0x3 
 .rodata.IMG_CLOCKFACE_DIGITAL2_HOUR9
                0x602faa30        0xc lib/liblv_widgets.a(IMG_CLOCKFACE_DIGITAL2_HOUR9.c.obj)
                0x602faa30                IMG_CLOCKFACE_DIGITAL2_HOUR9
 .rodata.IMG_CLOCKFACE_DIGITAL2_HOUR9_map
                0x602faa3c     0x10a1 lib/liblv_widgets.a(IMG_CLOCKFACE_DIGITAL2_HOUR9.c.obj)
                0x602faa3c                IMG_CLOCKFACE_DIGITAL2_HOUR9_map
 *fill*         0x602fbadd        0x3 
 .rodata.IMG_CLOCKFACE_DIGITAL2_MIN0
                0x602fbae0        0xc lib/liblv_widgets.a(IMG_CLOCKFACE_DIGITAL2_MIN0.c.obj)
                0x602fbae0                IMG_CLOCKFACE_DIGITAL2_MIN0
 .rodata.IMG_CLOCKFACE_DIGITAL2_MIN0_map
                0x602fbaec     0x10a1 lib/liblv_widgets.a(IMG_CLOCKFACE_DIGITAL2_MIN0.c.obj)
                0x602fbaec                IMG_CLOCKFACE_DIGITAL2_MIN0_map
 *fill*         0x602fcb8d        0x3 
 .rodata.IMG_CLOCKFACE_DIGITAL2_MIN1
                0x602fcb90        0xc lib/liblv_widgets.a(IMG_CLOCKFACE_DIGITAL2_MIN1.c.obj)
                0x602fcb90                IMG_CLOCKFACE_DIGITAL2_MIN1
 .rodata.IMG_CLOCKFACE_DIGITAL2_MIN1_map
                0x602fcb9c     0x10a1 lib/liblv_widgets.a(IMG_CLOCKFACE_DIGITAL2_MIN1.c.obj)
                0x602fcb9c                IMG_CLOCKFACE_DIGITAL2_MIN1_map
 *fill*         0x602fdc3d        0x3 
 .rodata.IMG_CLOCKFACE_DIGITAL2_MIN2
                0x602fdc40        0xc lib/liblv_widgets.a(IMG_CLOCKFACE_DIGITAL2_MIN2.c.obj)
                0x602fdc40                IMG_CLOCKFACE_DIGITAL2_MIN2
 .rodata.IMG_CLOCKFACE_DIGITAL2_MIN2_map
                0x602fdc4c     0x10a1 lib/liblv_widgets.a(IMG_CLOCKFACE_DIGITAL2_MIN2.c.obj)
                0x602fdc4c                IMG_CLOCKFACE_DIGITAL2_MIN2_map
 *fill*         0x602feced        0x3 
 .rodata.IMG_CLOCKFACE_DIGITAL2_MIN3
                0x602fecf0        0xc lib/liblv_widgets.a(IMG_CLOCKFACE_DIGITAL2_MIN3.c.obj)
                0x602fecf0                IMG_CLOCKFACE_DIGITAL2_MIN3
 .rodata.IMG_CLOCKFACE_DIGITAL2_MIN3_map
                0x602fecfc     0x10a1 lib/liblv_widgets.a(IMG_CLOCKFACE_DIGITAL2_MIN3.c.obj)
                0x602fecfc                IMG_CLOCKFACE_DIGITAL2_MIN3_map
 *fill*         0x602ffd9d        0x3 
 .rodata.IMG_CLOCKFACE_DIGITAL2_MIN4
                0x602ffda0        0xc lib/liblv_widgets.a(IMG_CLOCKFACE_DIGITAL2_MIN4.c.obj)
                0x602ffda0                IMG_CLOCKFACE_DIGITAL2_MIN4
 .rodata.IMG_CLOCKFACE_DIGITAL2_MIN4_map
                0x602ffdac     0x10a1 lib/liblv_widgets.a(IMG_CLOCKFACE_DIGITAL2_MIN4.c.obj)
                0x602ffdac                IMG_CLOCKFACE_DIGITAL2_MIN4_map
 *fill*         0x60300e4d        0x3 
 .rodata.IMG_CLOCKFACE_DIGITAL2_MIN5
                0x60300e50        0xc lib/liblv_widgets.a(IMG_CLOCKFACE_DIGITAL2_MIN5.c.obj)
                0x60300e50                IMG_CLOCKFACE_DIGITAL2_MIN5
 .rodata.IMG_CLOCKFACE_DIGITAL2_MIN5_map
                0x60300e5c     0x10a1 lib/liblv_widgets.a(IMG_CLOCKFACE_DIGITAL2_MIN5.c.obj)
                0x60300e5c                IMG_CLOCKFACE_DIGITAL2_MIN5_map
 *fill*         0x60301efd        0x3 
 .rodata.IMG_CLOCKFACE_DIGITAL2_MIN6
                0x60301f00        0xc lib/liblv_widgets.a(IMG_CLOCKFACE_DIGITAL2_MIN6.c.obj)
                0x60301f00                IMG_CLOCKFACE_DIGITAL2_MIN6
 .rodata.IMG_CLOCKFACE_DIGITAL2_MIN6_map
                0x60301f0c     0x10a1 lib/liblv_widgets.a(IMG_CLOCKFACE_DIGITAL2_MIN6.c.obj)
                0x60301f0c                IMG_CLOCKFACE_DIGITAL2_MIN6_map
 *fill*         0x60302fad        0x3 
 .rodata.IMG_CLOCKFACE_DIGITAL2_MIN7
                0x60302fb0        0xc lib/liblv_widgets.a(IMG_CLOCKFACE_DIGITAL2_MIN7.c.obj)
                0x60302fb0                IMG_CLOCKFACE_DIGITAL2_MIN7
 .rodata.IMG_CLOCKFACE_DIGITAL2_MIN7_map
                0x60302fbc     0x10a1 lib/liblv_widgets.a(IMG_CLOCKFACE_DIGITAL2_MIN7.c.obj)
                0x60302fbc                IMG_CLOCKFACE_DIGITAL2_MIN7_map
 *fill*         0x6030405d        0x3 
 .rodata.IMG_CLOCKFACE_DIGITAL2_MIN8
                0x60304060        0xc lib/liblv_widgets.a(IMG_CLOCKFACE_DIGITAL2_MIN8.c.obj)
                0x60304060                IMG_CLOCKFACE_DIGITAL2_MIN8
 .rodata.IMG_CLOCKFACE_DIGITAL2_MIN8_map
                0x6030406c     0x10a1 lib/liblv_widgets.a(IMG_CLOCKFACE_DIGITAL2_MIN8.c.obj)
                0x6030406c                IMG_CLOCKFACE_DIGITAL2_MIN8_map
 *fill*         0x6030510d        0x3 
 .rodata.IMG_CLOCKFACE_DIGITAL2_MIN9
                0x60305110        0xc lib/liblv_widgets.a(IMG_CLOCKFACE_DIGITAL2_MIN9.c.obj)
                0x60305110                IMG_CLOCKFACE_DIGITAL2_MIN9
 .rodata.IMG_CLOCKFACE_DIGITAL2_MIN9_map
                0x6030511c     0x10a1 lib/liblv_widgets.a(IMG_CLOCKFACE_DIGITAL2_MIN9.c.obj)
                0x6030511c                IMG_CLOCKFACE_DIGITAL2_MIN9_map
 *fill*         0x603061bd        0x3 
 .rodata.IMG_CLOCKFACE_DIGITAL3_BG
                0x603061c0        0xc lib/liblv_widgets.a(IMG_CLOCKFACE_DIGITAL3_BG.c.obj)
                0x603061c0                IMG_CLOCKFACE_DIGITAL3_BG
 .rodata.IMG_CLOCKFACE_DIGITAL3_BG_map
                0x603061cc     0xc000 lib/liblv_widgets.a(IMG_CLOCKFACE_DIGITAL3_BG.c.obj)
                0x603061cc                IMG_CLOCKFACE_DIGITAL3_BG_map
 .rodata.IMG_CLOCKFACE_DIGITAL3_COLON
                0x603121cc        0xc lib/liblv_widgets.a(IMG_CLOCKFACE_DIGITAL3_COLON.c.obj)
                0x603121cc                IMG_CLOCKFACE_DIGITAL3_COLON
 .rodata.IMG_CLOCKFACE_DIGITAL3_COLON_map
                0x603121d8      0x546 lib/liblv_widgets.a(IMG_CLOCKFACE_DIGITAL3_COLON.c.obj)
                0x603121d8                IMG_CLOCKFACE_DIGITAL3_COLON_map
 *fill*         0x6031271e        0x2 
 .rodata.IMG_CLOCKFACE_DIGITAL3_HOUR0
                0x60312720        0xc lib/liblv_widgets.a(IMG_CLOCKFACE_DIGITAL3_HOUR0.c.obj)
                0x60312720                IMG_CLOCKFACE_DIGITAL3_HOUR0
 .rodata.IMG_CLOCKFACE_DIGITAL3_HOUR0_map
                0x6031272c      0x546 lib/liblv_widgets.a(IMG_CLOCKFACE_DIGITAL3_HOUR0.c.obj)
                0x6031272c                IMG_CLOCKFACE_DIGITAL3_HOUR0_map
 *fill*         0x60312c72        0x2 
 .rodata.IMG_CLOCKFACE_DIGITAL3_HOUR1
                0x60312c74        0xc lib/liblv_widgets.a(IMG_CLOCKFACE_DIGITAL3_HOUR1.c.obj)
                0x60312c74                IMG_CLOCKFACE_DIGITAL3_HOUR1
 .rodata.IMG_CLOCKFACE_DIGITAL3_HOUR1_map
                0x60312c80      0x546 lib/liblv_widgets.a(IMG_CLOCKFACE_DIGITAL3_HOUR1.c.obj)
                0x60312c80                IMG_CLOCKFACE_DIGITAL3_HOUR1_map
 *fill*         0x603131c6        0x2 
 .rodata.IMG_CLOCKFACE_DIGITAL3_HOUR2
                0x603131c8        0xc lib/liblv_widgets.a(IMG_CLOCKFACE_DIGITAL3_HOUR2.c.obj)
                0x603131c8                IMG_CLOCKFACE_DIGITAL3_HOUR2
 .rodata.IMG_CLOCKFACE_DIGITAL3_HOUR2_map
                0x603131d4      0x546 lib/liblv_widgets.a(IMG_CLOCKFACE_DIGITAL3_HOUR2.c.obj)
                0x603131d4                IMG_CLOCKFACE_DIGITAL3_HOUR2_map
 *fill*         0x6031371a        0x2 
 .rodata.IMG_CLOCKFACE_DIGITAL3_HOUR3
                0x6031371c        0xc lib/liblv_widgets.a(IMG_CLOCKFACE_DIGITAL3_HOUR3.c.obj)
                0x6031371c                IMG_CLOCKFACE_DIGITAL3_HOUR3
 .rodata.IMG_CLOCKFACE_DIGITAL3_HOUR3_map
                0x60313728      0x546 lib/liblv_widgets.a(IMG_CLOCKFACE_DIGITAL3_HOUR3.c.obj)
                0x60313728                IMG_CLOCKFACE_DIGITAL3_HOUR3_map
 *fill*         0x60313c6e        0x2 
 .rodata.IMG_CLOCKFACE_DIGITAL3_HOUR4
                0x60313c70        0xc lib/liblv_widgets.a(IMG_CLOCKFACE_DIGITAL3_HOUR4.c.obj)
                0x60313c70                IMG_CLOCKFACE_DIGITAL3_HOUR4
 .rodata.IMG_CLOCKFACE_DIGITAL3_HOUR4_map
                0x60313c7c      0x546 lib/liblv_widgets.a(IMG_CLOCKFACE_DIGITAL3_HOUR4.c.obj)
                0x60313c7c                IMG_CLOCKFACE_DIGITAL3_HOUR4_map
 *fill*         0x603141c2        0x2 
 .rodata.IMG_CLOCKFACE_DIGITAL3_HOUR5
                0x603141c4        0xc lib/liblv_widgets.a(IMG_CLOCKFACE_DIGITAL3_HOUR5.c.obj)
                0x603141c4                IMG_CLOCKFACE_DIGITAL3_HOUR5
 .rodata.IMG_CLOCKFACE_DIGITAL3_HOUR5_map
                0x603141d0      0x546 lib/liblv_widgets.a(IMG_CLOCKFACE_DIGITAL3_HOUR5.c.obj)
                0x603141d0                IMG_CLOCKFACE_DIGITAL3_HOUR5_map
 *fill*         0x60314716        0x2 
 .rodata.IMG_CLOCKFACE_DIGITAL3_HOUR6
                0x60314718        0xc lib/liblv_widgets.a(IMG_CLOCKFACE_DIGITAL3_HOUR6.c.obj)
                0x60314718                IMG_CLOCKFACE_DIGITAL3_HOUR6
 .rodata.IMG_CLOCKFACE_DIGITAL3_HOUR6_map
                0x60314724      0x546 lib/liblv_widgets.a(IMG_CLOCKFACE_DIGITAL3_HOUR6.c.obj)
                0x60314724                IMG_CLOCKFACE_DIGITAL3_HOUR6_map
 *fill*         0x60314c6a        0x2 
 .rodata.IMG_CLOCKFACE_DIGITAL3_HOUR7
                0x60314c6c        0xc lib/liblv_widgets.a(IMG_CLOCKFACE_DIGITAL3_HOUR7.c.obj)
                0x60314c6c                IMG_CLOCKFACE_DIGITAL3_HOUR7
 .rodata.IMG_CLOCKFACE_DIGITAL3_HOUR7_map
                0x60314c78      0x546 lib/liblv_widgets.a(IMG_CLOCKFACE_DIGITAL3_HOUR7.c.obj)
                0x60314c78                IMG_CLOCKFACE_DIGITAL3_HOUR7_map
 *fill*         0x603151be        0x2 
 .rodata.IMG_CLOCKFACE_DIGITAL3_HOUR8
                0x603151c0        0xc lib/liblv_widgets.a(IMG_CLOCKFACE_DIGITAL3_HOUR8.c.obj)
                0x603151c0                IMG_CLOCKFACE_DIGITAL3_HOUR8
 .rodata.IMG_CLOCKFACE_DIGITAL3_HOUR8_map
                0x603151cc      0x546 lib/liblv_widgets.a(IMG_CLOCKFACE_DIGITAL3_HOUR8.c.obj)
                0x603151cc                IMG_CLOCKFACE_DIGITAL3_HOUR8_map
 *fill*         0x60315712        0x2 
 .rodata.IMG_CLOCKFACE_DIGITAL3_HOUR9
                0x60315714        0xc lib/liblv_widgets.a(IMG_CLOCKFACE_DIGITAL3_HOUR9.c.obj)
                0x60315714                IMG_CLOCKFACE_DIGITAL3_HOUR9
 .rodata.IMG_CLOCKFACE_DIGITAL3_HOUR9_map
                0x60315720      0x546 lib/liblv_widgets.a(IMG_CLOCKFACE_DIGITAL3_HOUR9.c.obj)
                0x60315720                IMG_CLOCKFACE_DIGITAL3_HOUR9_map
 *fill*         0x60315c66        0x2 
 .rodata.IMG_CLOCKFACE_DIGITAL3_MON
                0x60315c68        0xc lib/liblv_widgets.a(IMG_CLOCKFACE_DIGITAL3_MON.c.obj)
                0x60315c68                IMG_CLOCKFACE_DIGITAL3_MON
 .rodata.IMG_CLOCKFACE_DIGITAL3_MON_map
                0x60315c74      0x276 lib/liblv_widgets.a(IMG_CLOCKFACE_DIGITAL3_MON.c.obj)
                0x60315c74                IMG_CLOCKFACE_DIGITAL3_MON_map
 *fill*         0x60315eea        0x2 
 .rodata.IMG_CLOCKFACE_DIGITAL3_TUE
                0x60315eec        0xc lib/liblv_widgets.a(IMG_CLOCKFACE_DIGITAL3_TUE.c.obj)
                0x60315eec                IMG_CLOCKFACE_DIGITAL3_TUE
 .rodata.IMG_CLOCKFACE_DIGITAL3_TUE_map
                0x60315ef8      0x276 lib/liblv_widgets.a(IMG_CLOCKFACE_DIGITAL3_TUE.c.obj)
                0x60315ef8                IMG_CLOCKFACE_DIGITAL3_TUE_map
 *fill*         0x6031616e        0x2 
 .rodata.IMG_CLOCKFACE_DIGITAL3_WED
                0x60316170        0xc lib/liblv_widgets.a(IMG_CLOCKFACE_DIGITAL3_WED.c.obj)
                0x60316170                IMG_CLOCKFACE_DIGITAL3_WED
 .rodata.IMG_CLOCKFACE_DIGITAL3_WED_map
                0x6031617c      0x276 lib/liblv_widgets.a(IMG_CLOCKFACE_DIGITAL3_WED.c.obj)
                0x6031617c                IMG_CLOCKFACE_DIGITAL3_WED_map
 *fill*         0x603163f2        0x2 
 .rodata.IMG_CLOCKFACE_DIGITAL3_THU
                0x603163f4        0xc lib/liblv_widgets.a(IMG_CLOCKFACE_DIGITAL3_THU.c.obj)
                0x603163f4                IMG_CLOCKFACE_DIGITAL3_THU
 .rodata.IMG_CLOCKFACE_DIGITAL3_THU_map
                0x60316400      0x276 lib/liblv_widgets.a(IMG_CLOCKFACE_DIGITAL3_THU.c.obj)
                0x60316400                IMG_CLOCKFACE_DIGITAL3_THU_map
 *fill*         0x60316676        0x2 
 .rodata.IMG_CLOCKFACE_DIGITAL3_FRI
                0x60316678        0xc lib/liblv_widgets.a(IMG_CLOCKFACE_DIGITAL3_FRI.c.obj)
                0x60316678                IMG_CLOCKFACE_DIGITAL3_FRI
 .rodata.IMG_CLOCKFACE_DIGITAL3_FRI_map
                0x60316684      0x276 lib/liblv_widgets.a(IMG_CLOCKFACE_DIGITAL3_FRI.c.obj)
                0x60316684                IMG_CLOCKFACE_DIGITAL3_FRI_map
 *fill*         0x603168fa        0x2 
 .rodata.IMG_CLOCKFACE_DIGITAL3_SAT
                0x603168fc        0xc lib/liblv_widgets.a(IMG_CLOCKFACE_DIGITAL3_SAT.c.obj)
                0x603168fc                IMG_CLOCKFACE_DIGITAL3_SAT
 .rodata.IMG_CLOCKFACE_DIGITAL3_SAT_map
                0x60316908      0x276 lib/liblv_widgets.a(IMG_CLOCKFACE_DIGITAL3_SAT.c.obj)
                0x60316908                IMG_CLOCKFACE_DIGITAL3_SAT_map
 *fill*         0x60316b7e        0x2 
 .rodata.IMG_CLOCKFACE_DIGITAL3_SUN
                0x60316b80        0xc lib/liblv_widgets.a(IMG_CLOCKFACE_DIGITAL3_SUN.c.obj)
                0x60316b80                IMG_CLOCKFACE_DIGITAL3_SUN
 .rodata.IMG_CLOCKFACE_DIGITAL3_SUN_map
                0x60316b8c      0x276 lib/liblv_widgets.a(IMG_CLOCKFACE_DIGITAL3_SUN.c.obj)
                0x60316b8c                IMG_CLOCKFACE_DIGITAL3_SUN_map
 *fill*         0x60316e02        0x2 
 .rodata.IMG_MAINMENU_PHONEBOOK
                0x60316e04        0xc lib/liblv_widgets.a(IMG_MAINMENU_PHONEBOOK.c.obj)
                0x60316e04                IMG_MAINMENU_PHONEBOOK
 .rodata.IMG_MAINMENU_PHONEBOOK_map
                0x60316e10     0x4ecc lib/liblv_widgets.a(IMG_MAINMENU_PHONEBOOK.c.obj)
                0x60316e10                IMG_MAINMENU_PHONEBOOK_map
 .rodata.IMG_MAINMENU_SETTING
                0x6031bcdc        0xc lib/liblv_widgets.a(IMG_MAINMENU_SETTING.c.obj)
                0x6031bcdc                IMG_MAINMENU_SETTING
 .rodata.IMG_MAINMENU_SETTING_map
                0x6031bce8     0x4ecc lib/liblv_widgets.a(IMG_MAINMENU_SETTING.c.obj)
                0x6031bce8                IMG_MAINMENU_SETTING_map
 .rodata.IMG_MAINMENU_STUDENTCAR
                0x60320bb4        0xc lib/liblv_widgets.a(IMG_MAINMENU_STUDENTCAR.c.obj)
                0x60320bb4                IMG_MAINMENU_STUDENTCAR
 .rodata.IMG_MAINMENU_STUDENTCAR_map
                0x60320bc0     0x4ecc lib/liblv_widgets.a(IMG_MAINMENU_STUDENTCAR.c.obj)
                0x60320bc0                IMG_MAINMENU_STUDENTCAR_map
 .rodata.IMG_MAINMENU_TEMPERATURE
                0x60325a8c        0xc lib/liblv_widgets.a(IMG_MAINMENU_TEMPERATURE.c.obj)
                0x60325a8c                IMG_MAINMENU_TEMPERATURE
 .rodata.IMG_MAINMENU_TEMPERATURE_map
                0x60325a98     0x4ecc lib/liblv_widgets.a(IMG_MAINMENU_TEMPERATURE.c.obj)
                0x60325a98                IMG_MAINMENU_TEMPERATURE_map
 .rodata.IMG_MAINMENU_TOOLS
                0x6032a964        0xc lib/liblv_widgets.a(IMG_MAINMENU_TOOLS.c.obj)
                0x6032a964                IMG_MAINMENU_TOOLS
 .rodata.IMG_MAINMENU_TOOLS_map
                0x6032a970     0x4ecc lib/liblv_widgets.a(IMG_MAINMENU_TOOLS.c.obj)
                0x6032a970                IMG_MAINMENU_TOOLS_map
 .rodata.IMG_MAINMENU_WEATHER
                0x6032f83c        0xc lib/liblv_widgets.a(IMG_MAINMENU_WEATHER.c.obj)
                0x6032f83c                IMG_MAINMENU_WEATHER
 .rodata.IMG_MAINMENU_WEATHER_map
                0x6032f848     0x4ecc lib/liblv_widgets.a(IMG_MAINMENU_WEATHER.c.obj)
                0x6032f848                IMG_MAINMENU_WEATHER_map
 .rodata.clock_table
                0x60334714      0xda4 lib/liblv_widgets.a(clockface_table.c.obj)
                0x60334714                clock_table
 .text.missed_calllog_exit
                0x603354b8       0x18 lib/liblv_widgets.a(ic_mainmenu_calllog.c.obj)
 .text.calllog_information_exit
                0x603354d0       0x1c lib/liblv_widgets.a(ic_mainmenu_calllog.c.obj)
 .text.missed_calllog_entry
                0x603354ec        0x6 lib/liblv_widgets.a(ic_mainmenu_calllog.c.obj)
 .text.calllog_information_entry
                0x603354f2        0x4 lib/liblv_widgets.a(ic_mainmenu_calllog.c.obj)
 .text.missed_calllog_deinit
                0x603354f6        0x6 lib/liblv_widgets.a(ic_mainmenu_calllog.c.obj)
 .text.calllog_information_deinit
                0x603354fc        0x4 lib/liblv_widgets.a(ic_mainmenu_calllog.c.obj)
 .text.missed_calllog_init
                0x60335500      0x110 lib/liblv_widgets.a(ic_mainmenu_calllog.c.obj)
 .text.calllog_information_init
                0x60335610      0x218 lib/liblv_widgets.a(ic_mainmenu_calllog.c.obj)
 .text.calllog_missed_call_screen_create
                0x60335828       0x64 lib/liblv_widgets.a(ic_mainmenu_calllog.c.obj)
                0x60335828                calllog_missed_call_screen_create
 .text.calllog_information_screen_create
                0x6033588c       0x1c lib/liblv_widgets.a(ic_mainmenu_calllog.c.obj)
                0x6033588c                calllog_information_screen_create
 .text.calllog_screen_event_cb
                0x603358a8      0x2a0 lib/liblv_widgets.a(ic_mainmenu_calllog.c.obj)
 .text.ic_calllog_create
                0x60335b48       0x68 lib/liblv_widgets.a(ic_mainmenu_calllog.c.obj)
                0x60335b48                ic_calllog_create
 .rodata        0x60335bb0        0x2 lib/liblv_widgets.a(ic_mainmenu_calllog.c.obj)
 .rodata.__FUNCTION__.14609
                0x60335bb2       0x14 lib/liblv_widgets.a(ic_mainmenu_calllog.c.obj)
 .rodata.__FUNCTION__.14632
                0x60335bc6       0x22 lib/liblv_widgets.a(ic_mainmenu_calllog.c.obj)
 .rodata.__FUNCTION__.14654
                0x60335be8       0x18 lib/liblv_widgets.a(ic_mainmenu_calllog.c.obj)
 .rodata.__FUNCTION__.14710
                0x60335c00       0x19 lib/liblv_widgets.a(ic_mainmenu_calllog.c.obj)
 .rodata.__FUNCTION__.14719
                0x60335c19       0x12 lib/liblv_widgets.a(ic_mainmenu_calllog.c.obj)
 .rodata.calllog_information_exit.str1.1
                0x60335c2b       0x37 lib/liblv_widgets.a(ic_mainmenu_calllog.c.obj)
 .rodata.calllog_information_init.str1.1
                0x60335c62       0x14 lib/liblv_widgets.a(ic_mainmenu_calllog.c.obj)
 .rodata.calllog_missed_call_screen_create.str1.1
                0x60335c76       0x68 lib/liblv_widgets.a(ic_mainmenu_calllog.c.obj)
 .rodata.calllog_screen_event_cb.str1.1
                0x60335cde      0x2e6 lib/liblv_widgets.a(ic_mainmenu_calllog.c.obj)
 .rodata.ic_calllog_create.str1.1
                0x60335cde       0x79 lib/liblv_widgets.a(ic_mainmenu_calllog.c.obj)
 .rodata.missed_calllog_exit.str1.1
                0x60335d57       0x31 lib/liblv_widgets.a(ic_mainmenu_calllog.c.obj)
 .rodata.missed_calllog_init.str1.1
                0x60335d88        0x4 lib/liblv_widgets.a(ic_mainmenu_calllog.c.obj)
 .text.iclv_obj_move_task
                0x60335d8c      0x190 lib/liblv_widgets.a(animation.c.obj)
 .text.ic_start_move_objs
                0x60335f1c       0x20 lib/liblv_widgets.a(animation.c.obj)
                0x60335f1c                ic_start_move_objs
 .rodata.__FUNCTION__.14614
                0x60335f3c       0x13 lib/liblv_widgets.a(animation.c.obj)
 .rodata.iclv_obj_move_task.str1.1
                0x60335f4f       0x30 lib/liblv_widgets.a(animation.c.obj)
 *fill*         0x60335f7f        0x1 
 .text.control_screen_event_cb
                0x60335f80      0x2cc lib/liblv_widgets.a(control_center.c.obj)
 .text.ic_control_center_create
                0x6033624c      0x168 lib/liblv_widgets.a(control_center.c.obj)
                0x6033624c                ic_control_center_create
 .rodata        0x603363b4        0x2 lib/liblv_widgets.a(control_center.c.obj)
 .rodata.__FUNCTION__.14622
                0x603363b6       0x18 lib/liblv_widgets.a(control_center.c.obj)
 .rodata.control_screen_event_cb.str1.1
                0x603363ce      0x2e6 lib/liblv_widgets.a(control_center.c.obj)
 .rodata.ic_control_center_create.str1.1
                0x603363ce        0xa lib/liblv_widgets.a(control_center.c.obj)
 *fill*         0x603363ce        0x2 
 .text.infocard_screen_event_cb
                0x603363d0      0x348 lib/liblv_widgets.a(infocard_center.c.obj)
 .text.ic_create_card
                0x60336718       0x50 lib/liblv_widgets.a(infocard_center.c.obj)
                0x60336718                ic_create_card
 .text.ic_infocard_create
                0x60336768      0x250 lib/liblv_widgets.a(infocard_center.c.obj)
                0x60336768                ic_infocard_create
 .rodata        0x603369b8        0x4 lib/liblv_widgets.a(infocard_center.c.obj)
 .rodata.__FUNCTION__.14636
                0x603369bc       0x19 lib/liblv_widgets.a(infocard_center.c.obj)
 .rodata.ic_infocard_create.str1.1
                0x603369d5       0x29 lib/liblv_widgets.a(infocard_center.c.obj)
 .rodata.infocard_screen_event_cb.str1.1
                0x603369d5       0x37 lib/liblv_widgets.a(infocard_center.c.obj)
                                0x31d (size before relaxing)
 .text.obj_to_foreground
                0x60336a0c       0x26 lib/liblvgl.a(lv_group.c.obj)
 .text.focus_next_core.part.0
                0x60336a32       0xee lib/liblvgl.a(lv_group.c.obj)
 .text._lv_group_init
                0x60336b20        0xc lib/liblvgl.a(lv_group.c.obj)
                0x60336b20                _lv_group_init
 .text.lv_group_create
                0x60336b2c       0x60 lib/liblvgl.a(lv_group.c.obj)
                0x60336b2c                lv_group_create
 .text.lv_group_focus_next
                0x60336b8c       0x18 lib/liblvgl.a(lv_group.c.obj)
                0x60336b8c                lv_group_focus_next
 .text.lv_group_focus_prev
                0x60336ba4       0x18 lib/liblvgl.a(lv_group.c.obj)
                0x60336ba4                lv_group_focus_prev
 .text.lv_group_refocus
                0x60336bbc       0x28 lib/liblvgl.a(lv_group.c.obj)
 .text.lv_group_add_obj
                0x60336be4       0xb4 lib/liblvgl.a(lv_group.c.obj)
                0x60336be4                lv_group_add_obj
 .text.lv_group_remove_obj
                0x60336c98       0x7e lib/liblvgl.a(lv_group.c.obj)
                0x60336c98                lv_group_remove_obj
 .text.lv_group_get_focused
                0x60336d16        0xa lib/liblvgl.a(lv_group.c.obj)
                0x60336d16                lv_group_get_focused
 .text.lv_group_send_data
                0x60336d20       0x2a lib/liblvgl.a(lv_group.c.obj)
                0x60336d20                lv_group_send_data
 .text.lv_group_set_editing
                0x60336d4a       0x42 lib/liblvgl.a(lv_group.c.obj)
                0x60336d4a                lv_group_set_editing
 .text.lv_group_focus_obj
                0x60336d8c       0x9c lib/liblvgl.a(lv_group.c.obj)
                0x60336d8c                lv_group_focus_obj
 .text.lv_group_get_editing
                0x60336e28        0xa lib/liblvgl.a(lv_group.c.obj)
                0x60336e28                lv_group_get_editing
 .rodata.__func__.10109
                0x60336e32       0x10 lib/liblvgl.a(lv_group.c.obj)
 .rodata.__func__.10123
                0x60336e42       0x11 lib/liblvgl.a(lv_group.c.obj)
 .rodata.lv_group_add_obj.str1.1
                0x60336e53       0x6e lib/liblvgl.a(lv_group.c.obj)
 .rodata.lv_group_create.str1.1
                0x60336ec1       0x54 lib/liblvgl.a(lv_group.c.obj)
 *fill*         0x60336f15        0x3 
 .text.indev_reset_check
                0x60336f18       0x1c lib/liblvgl.a(lv_indev.c.obj)
 .text.indev_proc_reset_query_handler
                0x60336f34       0x48 lib/liblvgl.a(lv_indev.c.obj)
 .text.get_dragged_obj
                0x60336f7c       0x24 lib/liblvgl.a(lv_indev.c.obj)
 .text.indev_drag_throw.part.2
                0x60336fa0      0x15c lib/liblvgl.a(lv_indev.c.obj)
 .text.lv_indev_reset.part.3
                0x603370fc       0x40 lib/liblvgl.a(lv_indev.c.obj)
 .text.indev_proc_release
                0x6033713c      0x158 lib/liblvgl.a(lv_indev.c.obj)
 .text._lv_indev_init
                0x60337294        0x6 lib/liblvgl.a(lv_indev.c.obj)
                0x60337294                _lv_indev_init
 *fill*         0x6033729a        0x2 
 .text.lv_indev_get_act
                0x6033729c        0xc lib/liblvgl.a(lv_indev.c.obj)
                0x6033729c                lv_indev_get_act
 .text.lv_indev_get_type
                0x603372a8        0x6 lib/liblvgl.a(lv_indev.c.obj)
                0x603372a8                lv_indev_get_type
 *fill*         0x603372ae        0x2 
 .text.lv_indev_reset
                0x603372b0       0x3c lib/liblvgl.a(lv_indev.c.obj)
                0x603372b0                lv_indev_reset
 .text.lv_indev_set_group
                0x603372ec        0xe lib/liblvgl.a(lv_indev.c.obj)
                0x603372ec                lv_indev_set_group
 .text.lv_indev_get_point
                0x603372fa       0x28 lib/liblvgl.a(lv_indev.c.obj)
                0x603372fa                lv_indev_get_point
 .text.lv_indev_is_dragging
                0x60337322       0x1a lib/liblvgl.a(lv_indev.c.obj)
                0x60337322                lv_indev_is_dragging
 .text.lv_indev_get_obj_act
                0x6033733c        0xc lib/liblvgl.a(lv_indev.c.obj)
                0x6033733c                lv_indev_get_obj_act
 .text.lv_indev_search_obj
                0x60337348       0x66 lib/liblvgl.a(lv_indev.c.obj)
                0x60337348                lv_indev_search_obj
 *fill*         0x603373ae        0x2 
 .text.indev_proc_press
                0x603373b0      0x780 lib/liblvgl.a(lv_indev.c.obj)
 .text._lv_indev_read_task
                0x60337b30      0x784 lib/liblvgl.a(lv_indev.c.obj)
                0x60337b30                _lv_indev_read_task
 .rodata.__func__.10195
                0x603382b4       0x12 lib/liblvgl.a(lv_indev.c.obj)
 .rodata._lv_indev_read_task.str1.1
                0x603382c6       0x28 lib/liblvgl.a(lv_indev.c.obj)
 .rodata.lv_indev_get_read_task.str1.1
                0x603382ee       0x6d lib/liblvgl.a(lv_indev.c.obj)
 *fill*         0x6033835b        0x1 
 .text.lv_disp_get_scr_act
                0x6033835c       0x34 lib/liblvgl.a(lv_disp.c.obj)
                0x6033835c                lv_disp_get_scr_act
 .text.lv_disp_get_scr_prev
                0x60338390       0x34 lib/liblvgl.a(lv_disp.c.obj)
                0x60338390                lv_disp_get_scr_prev
 .text.lv_disp_load_scr
                0x603383c4       0x18 lib/liblvgl.a(lv_disp.c.obj)
                0x603383c4                lv_disp_load_scr
 .text.lv_disp_get_layer_top
                0x603383dc       0x34 lib/liblvgl.a(lv_disp.c.obj)
                0x603383dc                lv_disp_get_layer_top
 .text.lv_disp_get_layer_sys
                0x60338410       0x34 lib/liblvgl.a(lv_disp.c.obj)
                0x60338410                lv_disp_get_layer_sys
 .text.lv_disp_get_inactive_time
                0x60338444       0x38 lib/liblvgl.a(lv_disp.c.obj)
                0x60338444                lv_disp_get_inactive_time
 .text.lv_disp_trig_activity
                0x6033847c       0x3c lib/liblvgl.a(lv_disp.c.obj)
                0x6033847c                lv_disp_trig_activity
 .rodata.__func__.10004
                0x603384b8       0x16 lib/liblvgl.a(lv_disp.c.obj)
 .rodata.__func__.9929
                0x603384ce       0x14 lib/liblvgl.a(lv_disp.c.obj)
 .rodata.__func__.9933
                0x603384e2       0x15 lib/liblvgl.a(lv_disp.c.obj)
 .rodata.__func__.9941
                0x603384f7       0x16 lib/liblvgl.a(lv_disp.c.obj)
 .rodata.__func__.9945
                0x6033850d       0x16 lib/liblvgl.a(lv_disp.c.obj)
 .rodata.lv_disp_get_layer_sys.str1.1
                0x60338523       0x3a lib/liblvgl.a(lv_disp.c.obj)
 .rodata.lv_disp_get_layer_top.str1.1
                0x6033855d       0x39 lib/liblvgl.a(lv_disp.c.obj)
 .rodata.lv_disp_get_scr_act.str1.1
                0x60338596       0x74 lib/liblvgl.a(lv_disp.c.obj)
 .rodata.lv_disp_get_scr_prev.str1.1
                0x6033860a       0x31 lib/liblvgl.a(lv_disp.c.obj)
 .rodata.lv_disp_trig_activity.str1.1
                0x6033863b       0x2d lib/liblvgl.a(lv_disp.c.obj)
 .text.style_prop_is_cacheble
                0x60338668       0x96 lib/liblvgl.a(lv_obj.c.obj)
 .text.refresh_children_position
                0x603386fe       0x4e lib/liblvgl.a(lv_obj.c.obj)
 .text.lv_area_copy
                0x6033874c        0x6 lib/liblvgl.a(lv_obj.c.obj)
 *fill*         0x60338752        0x2 
 .text.lv_init  0x60338754       0xac lib/liblvgl.a(lv_obj.c.obj)
                0x60338754                lv_init
 .text.lv_obj_set_adv_hittest
                0x60338800       0x48 lib/liblvgl.a(lv_obj.c.obj)
                0x60338800                lv_obj_set_adv_hittest
 .text.lv_obj_set_click
                0x60338848       0x48 lib/liblvgl.a(lv_obj.c.obj)
                0x60338848                lv_obj_set_click
 .text.lv_obj_set_drag
                0x60338890       0x50 lib/liblvgl.a(lv_obj.c.obj)
                0x60338890                lv_obj_set_drag
 .text.lv_obj_set_drag_throw
                0x603388e0       0x48 lib/liblvgl.a(lv_obj.c.obj)
                0x603388e0                lv_obj_set_drag_throw
 .text.lv_obj_set_drag_parent
                0x60338928       0x48 lib/liblvgl.a(lv_obj.c.obj)
                0x60338928                lv_obj_set_drag_parent
 .text.lv_obj_add_protect
                0x60338970       0x44 lib/liblvgl.a(lv_obj.c.obj)
                0x60338970                lv_obj_add_protect
 .text.lv_obj_clear_protect
                0x603389b4       0x48 lib/liblvgl.a(lv_obj.c.obj)
                0x603389b4                lv_obj_clear_protect
 .text.lv_obj_set_event_cb
                0x603389fc       0x3c lib/liblvgl.a(lv_obj.c.obj)
                0x603389fc                lv_obj_set_event_cb
 .text.lv_event_send_func
                0x60338a38       0xc0 lib/liblvgl.a(lv_obj.c.obj)
                0x60338a38                lv_event_send_func
 .text.lv_event_send
                0x60338af8       0x54 lib/liblvgl.a(lv_obj.c.obj)
                0x60338af8                lv_event_send
 .text.lv_event_get_data
                0x60338b4c        0xc lib/liblvgl.a(lv_obj.c.obj)
                0x60338b4c                lv_event_get_data
 .text.lv_obj_set_signal_cb
                0x60338b58       0x3c lib/liblvgl.a(lv_obj.c.obj)
                0x60338b58                lv_obj_set_signal_cb
 .text.lv_signal_send
                0x60338b94        0xc lib/liblvgl.a(lv_obj.c.obj)
                0x60338b94                lv_signal_send
 .text.lv_obj_set_design_cb
                0x60338ba0       0x3c lib/liblvgl.a(lv_obj.c.obj)
                0x60338ba0                lv_obj_set_design_cb
 .text.lv_obj_allocate_ext_attr
                0x60338bdc       0x48 lib/liblvgl.a(lv_obj.c.obj)
                0x60338bdc                lv_obj_allocate_ext_attr
 .text.lv_obj_refresh_ext_draw_pad
                0x60338c24       0x48 lib/liblvgl.a(lv_obj.c.obj)
                0x60338c24                lv_obj_refresh_ext_draw_pad
 .text.lv_obj_get_parent
                0x60338c6c       0x3c lib/liblvgl.a(lv_obj.c.obj)
                0x60338c6c                lv_obj_get_parent
 .text.lv_obj_get_screen
                0x60338ca8       0x48 lib/liblvgl.a(lv_obj.c.obj)
                0x60338ca8                lv_obj_get_screen
 .text.lv_obj_get_disp
                0x60338cf0       0x94 lib/liblvgl.a(lv_obj.c.obj)
                0x60338cf0                lv_obj_get_disp
 .text.lv_obj_get_child
                0x60338d84       0x50 lib/liblvgl.a(lv_obj.c.obj)
                0x60338d84                lv_obj_get_child
 .text.lv_obj_get_child_back
                0x60338dd4       0x50 lib/liblvgl.a(lv_obj.c.obj)
                0x60338dd4                lv_obj_get_child_back
 .text.lv_obj_get_coords
                0x60338e24       0x48 lib/liblvgl.a(lv_obj.c.obj)
                0x60338e24                lv_obj_get_coords
 .text.lv_obj_get_x
                0x60338e6c       0x50 lib/liblvgl.a(lv_obj.c.obj)
                0x60338e6c                lv_obj_get_x
 .text.lv_obj_get_y
                0x60338ebc       0x50 lib/liblvgl.a(lv_obj.c.obj)
                0x60338ebc                lv_obj_get_y
 .text.lv_obj_get_width
                0x60338f0c       0x44 lib/liblvgl.a(lv_obj.c.obj)
                0x60338f0c                lv_obj_get_width
 .text.lv_obj_get_height
                0x60338f50       0x44 lib/liblvgl.a(lv_obj.c.obj)
                0x60338f50                lv_obj_get_height
 .text.lv_obj_get_auto_realign
                0x60338f94       0x40 lib/liblvgl.a(lv_obj.c.obj)
                0x60338f94                lv_obj_get_auto_realign
 .text.lv_obj_get_style_list
                0x60338fd4       0x24 lib/liblvgl.a(lv_obj.c.obj)
                0x60338fd4                lv_obj_get_style_list
 .text.trans_del
                0x60338ff8       0x70 lib/liblvgl.a(lv_obj.c.obj)
 .text.lv_obj_clean_style_list
                0x60339068       0x44 lib/liblvgl.a(lv_obj.c.obj)
                0x60339068                lv_obj_clean_style_list
 .text._lv_obj_disable_style_caching