Archive member included to satisfy reference by file (symbol)

lib/libbootloader.a(boot_platform_8910.c.obj)
                              (--whole-archive)
lib/libbootloader.a(boot_secure.c.obj)
                              (--whole-archive)
lib/libbootloader.a(boot_entry_v7a.S.obj)
                              (--whole-archive)
lib/libbootloader.a(boot_sffs_port.c.obj)
                              (--whole-archive)
lib/libbootloader.a(boot_stub.c.obj)
                              (--whole-archive)
lib/libbootloader.a(boot_delay.c.obj)
                              (--whole-archive)
lib/libbootloader.a(boot_mem.c.obj)
                              (--whole-archive)
lib/libbootloader.a(boot_spi_flash.c.obj)
                              (--whole-archive)
lib/libbootloader.a(boot_debuguart.c.obj)
                              (--whole-archive)
lib/libbootloader.a(boot_trace.c.obj)
                              (--whole-archive)
lib/libbootloader.a(boot_fdl.c.obj)
                              (--whole-archive)
lib/libbootloader.a(boot_fdl_dnld.c.obj)
                              (--whole-archive)
lib/libbootloader.a(boot_aes.c.obj)
                              (--whole-archive)
lib/libbootloader.a(boot_vfs.c.obj)
                              (--whole-archive)
lib/libbootloader.a(boot_irq.c.obj)
                              (--whole-archive)
lib/libbootloader.a(boot_timer.c.obj)
                              (--whole-archive)
lib/libbootloader.a(boot_uart.c.obj)
                              (--whole-archive)
lib/libbootloader.a(boot_uart_cmn.c.obj)
                              (--whole-archive)
lib/libbootloader.a(boot_mmu.c.obj)
                              (--whole-archive)
lib/libbootloader.a(boot_uimage.c.obj)
                              (--whole-archive)
lib/libbootloader.a(boot_udc.c.obj)
                              (--whole-archive)
lib/libbootloader.a(boot_usb_fdl_channel.c.obj)
                              (--whole-archive)
lib/libbootloader.a(boot_pdl.c.obj)
                              (--whole-archive)
lib/libbootloader.a(boot_pdl_uimage.c.obj)
                              (--whole-archive)
lib/libbootloader.a(quec_boot_fota.c.obj)
                              (--whole-archive)
lib/libbootloader.a(quec_boot_uart.c.obj)
                              (--whole-archive)
lib/libbootloader.a(quec_boot_pin_index.c.obj)
                              (--whole-archive)
lib/libhal.a(hal_clock_init.c.obj)
                              components/bootloader/CMakeFiles/boot2.dir/boot/boot2_start_8910.c.obj (halRamInit)
lib/libhal.a(hal_chip_8910.c.obj)
                              lib/libbootloader.a(boot_usb_fdl_channel.c.obj) (osiDCacheClean)
lib/libhal.a(hal_pmu_8910.c.obj)
                              components/bootloader/CMakeFiles/boot2.dir/boot/boot2_start_8910.c.obj (halPmuExtFlashPowerOn)
lib/libhal.a(hal_efuse_8910.c.obj)
                              lib/libbootloader.a(boot_secure.c.obj) (halEfuseOpen)
lib/libhal.a(hal_delay.c.obj)
                              components/bootloader/CMakeFiles/boot2.dir/boot/boot2_start_8910.c.obj (osiDelayUS)
lib/libhal.a(hal_iomux.c.obj)
                              lib/libhal.a(hal_chip_8910.c.obj) (halIomuxSetFunction)
lib/libhal.a(hal_reg_apply.c.obj)
                              lib/libhal.a(hal_clock_init.c.obj) (halApplyRegisters)
lib/libhal.a(hal_chip.c.obj)  lib/libbootloader.a(boot_uart.c.obj) (halCalcDivider20)
lib/libhal.a(hal_adi_bus.c.obj)
                              components/bootloader/CMakeFiles/boot2.dir/boot/boot2_start_8910.c.obj (halAdiBusInit)
lib/libhal.a(hal_hwspinlock.c.obj)
                              lib/libhal.a(hal_efuse_8910.c.obj) (halHwspinlockAcquire)
lib/libhal.a(hal_spi_flash.c.obj)
                              lib/libbootloader.a(boot_spi_flash.c.obj) (halSpiFlashPageProgram)
lib/libhal.a(hal_blue_screen.c.obj)
                              lib/libbootloader.a(boot_platform_8910.c.obj) (halBlueScreenSaveContext)
lib/libosi_lib.a(osi_log.c.obj)
                              components/bootloader/CMakeFiles/boot2.dir/boot/boot2_start_8910.c.obj (osiTraceBasic)
lib/libosi_lib.a(osi_fifo.c.obj)
                              lib/libbootloader.a(boot_usb_fdl_channel.c.obj) (osiFifoInit)
lib/libfupdate_core.a(fupdate_bootloader.c.obj)
                              components/bootloader/CMakeFiles/boot2.dir/boot/boot2_start_8910.c.obj (fupdateRun)
lib/libfupdate_core.a(fupdate_common.c.obj)
                              lib/libfupdate_core.a(fupdate_bootloader.c.obj) (fupdateBlockedFname)
lib/libfsmount.a(fs_mount.c.obj)
                              lib/libbootloader.a(boot_fdl_dnld.c.obj) (fsMountFsPath)
lib/libfsmount.a(partinfo.bin.S.obj)
                              lib/libfsmount.a(fs_mount.c.obj) (gPartInfo)
lib/libsffs_core.a(sffs.c.obj)
[...]
Memory Configuration

Name             Origin             Length             Attributes
sram             0x00810040         0x0002ffc0         xrw
*default*        0x00000000         0xffffffff

Linker script and memory map

LOAD components/bootloader/CMakeFiles/boot2.dir/boot/boot2_start_8910.c.obj
LOAD lib/libbootloader.a
START GROUP
LOAD lib/libhal.a
LOAD lib/libosi_lib.a
LOAD lib/libfupdate_core.a
LOAD lib/libfsmount.a
LOAD lib/libsffs_core.a
LOAD lib/libbdev.a
LOAD lib/libbdev_core.a
END GROUP
LOAD ../../components/newlib/armca5/libc.a
LOAD ../../prebuilts/win32/gcc-arm-none-eabi/bin/../lib/gcc/arm-none-eabi/7.2.1/thumb/v7-ar/fpv3/hard/libgcc.a
LOAD ../../components/libs/boot_encrypt/libboot_encrypt.a
LOAD lib/libcalclib.a
LOAD lib/libdriver.a

.text           0x00810040     0xd2c0
                0x00810040                __text_start = .
 *(BOOT_ENTRY)
 BOOT_ENTRY     0x00810040      0x184 lib/libbootloader.a(boot_entry_v7a.S.obj)
                0x008100f0                bootEntry
                0x0081015c                bootJumpImageEntry
 SORT_BY_NAME(*)(.sramboottext .sramboottext.*)
 .sramboottext  0x008101c4       0x64 lib/libhal.a(hal_delay.c.obj)
                0x008101c4                osiDelayLoops
                0x008101d0                osiDelayUS
                0x008101f0                osiDebugEvent
                0x0081021c                osiHWTick16K
 .sramboottext  0x00810228       0x56 lib/libhal.a(hal_reg_apply.c.obj)
                0x00810228                halApplyRegisters
                0x0081025a                halApplyRegisterList
 SORT_BY_NAME(*)(.sramtext .sramtext.*)
 .sramtext      0x0081027e       0x1e lib/libhal.a(hal_chip_8910.c.obj)
                0x0081027e                uxPortSetInterruptMaskFromISR
                0x0081027e                vPortDisableInterrupts
                0x0081027e                uxPortEnterCritical
                0x0081027e                osiEnterCritical
                0x0081027e                osiIrqSave
                0x0081028e                osiExitCritical
                0x0081028e                osiIrqRestore
                0x0081028e                vPortExitCritical
                0x0081028e                vPortClearInterruptMaskFromISR
 SORT_BY_NAME(*)(.ramtext .ramtext.*)
 .ramtext.flashhal.962
                0x0081029c       0xe4 lib/libhal.a(hal_spi_flash.c.obj)
                0x0081029c                halSpiFlashCmd
 .ramtext.flashhal.245
                0x00810380       0x20 lib/libhal.a(hal_spi_flash.c.obj)
 .ramtext.flashhal.302
                0x008103a0       0x14 lib/libhal.a(hal_spi_flash.c.obj)
 .ramtext.flashhal.318
                0x008103b4       0x24 lib/libhal.a(hal_spi_flash.c.obj)
 .ramtext.flashhal.227
                0x008103d8       0x12 lib/libhal.a(hal_spi_flash.c.obj)
 .ramtext.flashhal.335
                0x008103ea       0x18 lib/libhal.a(hal_spi_flash.c.obj)
 .ramtext.flashhal.449
                0x00810402        0xc lib/libhal.a(hal_spi_flash.c.obj)
                0x00810402                halSpiFlashPageProgram
 .ramtext.flashhal.239
                0x0081040e       0x16 lib/libhal.a(hal_spi_flash.c.obj)
 .ramtext.flashhal.482
                0x00810424        0xa lib/libhal.a(hal_spi_flash.c.obj)
 .ramtext.flashhal.471
                0x0081042e        0xa lib/libhal.a(hal_spi_flash.c.obj)
 .ramtext.flashhal.460
                0x00810438        0xa lib/libhal.a(hal_spi_flash.c.obj)
 .ramtext.flashhal.880
                0x00810442       0x1a lib/libhal.a(hal_spi_flash.c.obj)
                0x00810442                halSpiFlashErase
 .ramtext.flashhal.386
                0x0081045c       0x24 lib/libhal.a(hal_spi_flash.c.obj)
 .ramtext.flashhal.359
                0x00810480       0x64 lib/libhal.a(hal_spi_flash.c.obj)
 .ramtext.flashhal.428
                0x008104e4       0x54 lib/libhal.a(hal_spi_flash.c.obj)
                0x008104e4                halSpiFlashFinishEraseProgram
 .ramtext.flashhal.1041
                0x00810538        0xa lib/libhal.a(hal_spi_flash.c.obj)
                0x00810538                halSpiFlashWriteEnable
 *fill*         0x00810542        0x2 
 .ramtext.flashhal.403
                0x00810544      0x130 lib/libhal.a(hal_spi_flash.c.obj)
                0x00810544                halSpiFlashPrepareEraseProgram
 .ramtext.flashhal.1049
                0x00810674        0xa lib/libhal.a(hal_spi_flash.c.obj)
                0x00810674                halSpiFlashWriteDisable
 .ramtext.flashhal.1057
                0x0081067e        0xa lib/libhal.a(hal_spi_flash.c.obj)
                0x0081067e                halSpiFlashResetEnable
 .ramtext.flashhal.1065
                0x00810688        0xa lib/libhal.a(hal_spi_flash.c.obj)
                0x00810688                halSpiFlashReset
 .ramtext.flashhal.1073
                0x00810692       0x1a lib/libhal.a(hal_spi_flash.c.obj)
                0x00810692                halSpiFlashReadSR
 .ramtext.flashhal.1109
                0x008106ac       0x26 lib/libhal.a(hal_spi_flash.c.obj)
                0x008106ac                halSpiFlashIsWipFinished
 .ramtext.flashhal.1122
                0x008106d2       0x10 lib/libhal.a(hal_spi_flash.c.obj)
                0x008106d2                halSpiFlashWaitWipFinish
 .ramtext.flashhal.1081
                0x008106e2       0x6c lib/libhal.a(hal_spi_flash.c.obj)
                0x008106e2                halSpiFlashWriteSR
 .ramtext.flashhal.1211
                0x0081074e      0x116 lib/libhal.a(hal_spi_flash.c.obj)
                0x0081074e                halSpiFlashStatusCheck
 .ramtext.flashhal.1288
                0x00810864       0x94 lib/libhal.a(hal_spi_flash.c.obj)
                0x00810864                halSpiFlashInit
 .ramtext.flashhal.115
                0x008108f8       0x44 lib/libhal.a(hal_spi_flash.c.obj)
 .ramtext.flashhal.138
                0x0081093c       0x44 lib/libhal.a(hal_spi_flash.c.obj)
 .ramtext.flashhal.161
                0x00810980       0x3c lib/libhal.a(hal_spi_flash.c.obj)
 .ramtext.flashhal.52
                0x008109bc       0x34 lib/libhal.a(hal_spi_flash.c.obj)
 .ramtext.flashhal.71
                0x008109f0       0x3c lib/libhal.a(hal_spi_flash.c.obj)
 .ramtext.flashhal.92
                0x00810a2c       0x44 lib/libhal.a(hal_spi_flash.c.obj)
 .ramtext.osi_log.423
                0x00810a70       0xa8 lib/libosi_lib.a(osi_log.c.obj)
 .ramtext.osi_log.450
                0x00810b18       0x88 lib/libosi_lib.a(osi_log.c.obj)
 .ramtext.osi_log.518
                0x00810ba0       0x24 lib/libosi_lib.a(osi_log.c.obj)
                0x00810ba0                osiTraceBasic
 .ramtext.osi_log.532
                0x00810bc4       0x24 lib/libosi_lib.a(osi_log.c.obj)
                0x00810bc4                osiTraceIdBasic
 SORT_BY_NAME(*)(.text .text.* .gnu.linkonce.t.* .rdata .rodata .rodata.* .rodata1 .gnu.linkonce.r.*)
 .text.__itoa   0x00810be8       0x30 ../../components/newlib/armca5/libc.a(lib_a-itoa.o)
                0x00810be8                __itoa
 .text.itoa     0x00810c18        0x4 ../../components/newlib/armca5/libc.a(lib_a-itoa.o)
                0x00810c18                itoa
 .text.memcmp   0x00810c1c       0x5c ../../components/newlib/armca5/libc.a(lib_a-memcmp.o)
                0x00810c1c                memcmp
 .text.memcpy   0x00810c78       0xc8 ../../components/newlib/armca5/libc.a(lib_a-memcpy-stub.o)
                0x00810c78                memcpy
 .text.memmove  0x00810d40       0xd4 ../../components/newlib/armca5/libc.a(lib_a-memmove.o)
                0x00810d40                memmove
 .text.memset   0x00810e14       0xa8 ../../components/newlib/armca5/libc.a(lib_a-memset.o)
                0x00810e14                memset
 .text.strcat   0x00810ebc       0x40 ../../components/newlib/armca5/libc.a(lib_a-strcat.o)
                0x00810ebc                strcat
 .text.strchr   0x00810efc       0xd0 ../../components/newlib/armca5/libc.a(lib_a-strchr.o)
                0x00810efc                strchr
 .text.strcpy   0x00810fcc       0xc4 ../../components/newlib/armca5/libc.a(lib_a-strcpy.o)
                0x00810fcc                strcpy
 .text.strdup   0x00811090       0x10 ../../components/newlib/armca5/libc.a(lib_a-strdup.o)
                0x00811090                strdup
 .text._strdup_r
                0x008110a0       0x24 ../../components/newlib/armca5/libc.a(lib_a-strdup_r.o)
                0x008110a0                _strdup_r
 *fill*         0x008110c4       0x3c 
 .text          0x00811100       0xdc ../../components/newlib/armca5/libc.a(lib_a-strlen.o)
                0x00811100                strlen
 .text.strncmp  0x008111dc       0x84 ../../components/newlib/armca5/libc.a(lib_a-strncmp.o)
                0x008111dc                strncmp
 .text.strrchr  0x00811260       0x24 ../../components/newlib/armca5/libc.a(lib_a-strrchr.o)
                0x00811260                strrchr
 .rodata.__utoa.str1.1
                0x00811284       0x25 ../../components/newlib/armca5/libc.a(lib_a-utoa.o)
 *fill*         0x008112a9        0x3 
 .text.__utoa   0x008112ac       0x78 ../../components/newlib/armca5/libc.a(lib_a-utoa.o)
                0x008112ac                __utoa
 *fill*         0x00811324        0x4 
 .text          0x00811328      0x2b0 ../../prebuilts/win32/gcc-arm-none-eabi/bin/../lib/gcc/arm-none-eabi/7.2.1/thumb/v7-ar/fpv3/hard/libgcc.a(_divsi3.o)
                0x00811328                __divsi3
                0x00811328                __aeabi_idiv
                0x008115bc                __aeabi_idivmod
 .text          0x008115d8        0x4 ../../prebuilts/win32/gcc-arm-none-eabi/bin/../lib/gcc/arm-none-eabi/7.2.1/thumb/v7-ar/fpv3/hard/libgcc.a(_dvmd_tls.o)
                0x008115d8                __aeabi_idiv0
                0x008115d8                __aeabi_ldiv0
 *fill*         0x008115dc        0x4 
 .text          0x008115e0      0x278 ../../prebuilts/win32/gcc-arm-none-eabi/bin/../lib/gcc/arm-none-eabi/7.2.1/thumb/v7-ar/fpv3/hard/libgcc.a(_udivsi3.o)
                0x008115e0                __aeabi_uidiv
                0x008115e0                __udivsi3
                0x0081183c                __aeabi_uidivmod
 .text.prvFirmwareUpdateProgress
                0x00811858       0x88 components/bootloader/CMakeFiles/boot2.dir/boot/boot2_start_8910.c.obj
 .text.bootStart
                0x008118e0      0x3c4 components/bootloader/CMakeFiles/boot2.dir/boot/boot2_start_8910.c.obj
                0x008118e0                bootStart
 .rodata        0x00811ca4       0x28 components/bootloader/CMakeFiles/boot2.dir/boot/boot2_start_8910.c.obj
 .rodata.bootStart.str1.1
                0x00811ccc      0x142 components/bootloader/CMakeFiles/boot2.dir/boot/boot2_start_8910.c.obj
 .rodata.prvFirmwareUpdateProgress.str1.1
                0x00811e0e       0x1a components/bootloader/CMakeFiles/boot2.dir/boot/boot2_start_8910.c.obj
 .text.blockDeviceRead
                0x00811e28        0xc lib/libbdev.a(block_device.c.obj)
                0x00811e28                blockDeviceRead
 .text.blockDeviceWrite
                0x00811e34        0xc lib/libbdev.a(block_device.c.obj)
                0x00811e34                blockDeviceWrite
 .text.blockDeviceErase
                0x00811e40        0xc lib/libbdev.a(block_device.c.obj)
                0x00811e40                blockDeviceErase
 .text.blockDeviceDestroy
                0x00811e4c        0x8 lib/libbdev.a(block_device.c.obj)
                0x00811e4c                blockDeviceDestroy
 .text._destroy
                0x00811e54        0x4 lib/libbdev.a(partition_block_device.c.obj)
 .text._erase   0x00811e58       0x14 lib/libbdev.a(partition_block_device.c.obj)
 .text._write   0x00811e6c       0x14 lib/libbdev.a(partition_block_device.c.obj)
 .text._read    0x00811e80       0x14 lib/libbdev.a(partition_block_device.c.obj)
 .text.partBlockDeviceCreate
                0x00811e94       0x78 lib/libbdev.a(partition_block_device.c.obj)
                0x00811e94                partBlockDeviceCreate
 .text.prvDestroy
                0x00811f0c       0x1c lib/libbdev_core.a(flash_block_device_v2.c.obj)
 .text.prvStat  0x00811f28       0x64 lib/libbdev_core.a(flash_block_device_v2.c.obj)
 .text.prvPbGetStatus.isra.8
                0x00811f8c       0x14 lib/libbdev_core.a(flash_block_device_v2.c.obj)
 .text.prvEbFindGcTo
                0x00811fa0       0x56 lib/libbdev_core.a(flash_block_device_v2.c.obj)
 .text.prvPbSetStatus.isra.9
                0x00811ff6       0x2e lib/libbdev_core.a(flash_block_device_v2.c.obj)
 .text.prvFlashWrite
                0x00812024       0x3c lib/libbdev_core.a(flash_block_device_v2.c.obj)
 .text.prvPbDelete
                0x00812060       0x1e lib/libbdev_core.a(flash_block_device_v2.c.obj)
 .text.prvErase
                0x0081207e       0x72 lib/libbdev_core.a(flash_block_device_v2.c.obj)
 .text.prvFlashWriteCheck
                0x008120f0       0x28 lib/libbdev_core.a(flash_block_device_v2.c.obj)
 .text.prvFlashRead
                0x00812118       0x44 lib/libbdev_core.a(flash_block_device_v2.c.obj)
 .text.prvPbReadTail
                0x0081215c        0xe lib/libbdev_core.a(flash_block_device_v2.c.obj)
 .text.prvRead  0x0081216a       0x7e lib/libbdev_core.a(flash_block_device_v2.c.obj)
 .text.prvPbMemCalcCrc.isra.13
                0x008121e8       0x1c lib/libbdev_core.a(flash_block_device_v2.c.obj)
 .text.prvPbReadStatus
                0x00812204       0xa8 lib/libbdev_core.a(flash_block_device_v2.c.obj)
 .text.prvSetGeom
                0x008122ac       0xbe lib/libbdev_core.a(flash_block_device_v2.c.obj)
 *fill*         0x0081236a        0x2 
 .text.prvScan  0x0081236c      0x228 lib/libbdev_core.a(flash_block_device_v2.c.obj)
 .text.prvWrite
                0x00812594      0x34c lib/libbdev_core.a(flash_block_device_v2.c.obj)
 .text.flashBlockDeviceCreateV2
                0x008128e0       0xfc lib/libbdev_core.a(flash_block_device_v2.c.obj)
                0x008128e0                flashBlockDeviceCreateV2
 .text.flashBlockDeviceFormatV2
                0x008129dc       0x70 lib/libbdev_core.a(flash_block_device_v2.c.obj)
                0x008129dc                flashBlockDeviceFormatV2
 .rodata.gFbdev2Ops
                0x00812a4c       0x14 lib/libbdev_core.a(flash_block_device_v2.c.obj)
 .text.bootDebuguartInit
                0x00812a60       0x3c lib/libbootloader.a(boot_debuguart.c.obj)
                0x00812a60                bootDebuguartInit
 .text.bootDebuguartWrite
                0x00812a9c       0x34 lib/libbootloader.a(boot_debuguart.c.obj)
                0x00812a9c                bootDebuguartWrite
 .text.bootDebuguartWriteAll
                0x00812ad0       0x2e lib/libbootloader.a(boot_debuguart.c.obj)
                0x00812ad0                bootDebuguartWriteAll
 .text.bootPanic
                0x00812afe        0x2 lib/libbootloader.a(boot_delay.c.obj)
                0x00812afe                osiPanic
                0x00812afe                bootPanic
 .text.bootElapsedTimerStart
                0x00812b00       0x10 lib/libbootloader.a(boot_delay.c.obj)
                0x00812b00                osiElapsedTimerStart
                0x00812b00                bootElapsedTimerStart
 .text.bootElapsedTime
                0x00812b10       0x1c lib/libbootloader.a(boot_delay.c.obj)
                0x00812b10                bootElapsedTime
                0x00812b10                osiElapsedTime
 .text.bootElapsedTimeUS
                0x00812b2c       0x14 lib/libbootloader.a(boot_delay.c.obj)
                0x00812b2c                bootElapsedTimeUS
                0x00812b2c                osiElapsedTimeUS
 .text._fdl_read.isra.1
                0x00812b40       0x2e lib/libbootloader.a(boot_fdl.c.obj)
 .text._fdl_write_all.isra.2
                0x00812b6e       0x1c lib/libbootloader.a(boot_fdl.c.obj)
 .text._calc_crc16_frm
                0x00812b8a       0x4e lib/libbootloader.a(boot_fdl.c.obj)
                0x00812b8a                _calc_crc16_frm
 .text.fdlEngineCreate
                0x00812bd8       0x34 lib/libbootloader.a(boot_fdl.c.obj)
                0x00812bd8                fdlEngineCreate
 .text.fdlEngineReadRaw
                0x00812c0c        0xe lib/libbootloader.a(boot_fdl.c.obj)
                0x00812c0c                fdlEngineReadRaw
 .text.fdlEngineSendPacket
                0x00812c1a      0x114 lib/libbootloader.a(boot_fdl.c.obj)
                0x00812c1a                fdlEngineSendPacket
 *fill*         0x00812d2e        0x2 
 .text.fdlEngineSendVersion
                0x00812d30       0x40 lib/libbootloader.a(boot_fdl.c.obj)
                0x00812d30                fdlEngineSendVersion
 .rodata.fdlEngineCreate.str1.1
                0x00812d70       0x23 lib/libbootloader.a(boot_fdl.c.obj)
 .rodata.fdlEngineSendVersion.str1.1
                0x00812d93       0x22 lib/libbootloader.a(boot_fdl.c.obj)
 *fill*         0x00812db5        0x3 
 .text.bootIrqHandler
                0x00812db8       0x1c lib/libbootloader.a(boot_irq.c.obj)
                0x00812db8                bootIrqHandler
 .text._heap_malloc
                0x00812dd4       0x38 lib/libbootloader.a(boot_mem.c.obj)
 .text._heap_calloc
                0x00812e0c       0x26 lib/libbootloader.a(boot_mem.c.obj)
 .text._heap_free
                0x00812e32       0x76 lib/libbootloader.a(boot_mem.c.obj)
 .text.bootHeapInit
                0x00812ea8       0x48 lib/libbootloader.a(boot_mem.c.obj)
                0x00812ea8                bootHeapInit
 .text.bootFree
                0x00812ef0       0x38 lib/libbootloader.a(boot_mem.c.obj)
                0x00812ef0                bootFree
 .text.bootHeapDefaultExtRam
                0x00812f28       0x10 lib/libbootloader.a(boot_mem.c.obj)
                0x00812f28                bootHeapDefaultExtRam
 .text.malloc   0x00812f38       0x10 lib/libbootloader.a(boot_mem.c.obj)
                0x00812f38                malloc
 .text.calloc   0x00812f48       0x10 lib/libbootloader.a(boot_mem.c.obj)
                0x00812f48                calloc
 .text.free     0x00812f58        0x4 lib/libbootloader.a(boot_mem.c.obj)
                0x00812f58                free
 .text.bootMmuEnable
                0x00812f5c      0x214 lib/libbootloader.a(boot_mmu.c.obj)
                0x00812f5c                bootMmuEnable
 .text.prvPdlWriteAll.isra.1
                0x00813170       0x1a lib/libbootloader.a(boot_pdl.c.obj)
 .text.pdlEngineSendResp
                0x0081318a       0x38 lib/libbootloader.a(boot_pdl.c.obj)
                0x0081318a                pdlEngineSendResp
 *fill*         0x008131c2        0x2 
 .text.pdlEngineCreate
                0x008131c4       0x10 lib/libbootloader.a(boot_pdl.c.obj)
                0x008131c4                pdlEngineCreate
 .text.pdlEngineLoop
                0x008131d4       0xee lib/libbootloader.a(boot_pdl.c.obj)
                0x008131d4                pdlEngineLoop
 .text.prvPdlProcess
                0x008132c2       0xb6 lib/libbootloader.a(boot_pdl_uimage.c.obj)
 .text.prvPdlPolling
                0x00813378       0x22 lib/libbootloader.a(boot_pdl_uimage.c.obj)
 *fill*         0x0081339a        0x2 
 .text.pdlDnldUimage
                0x0081339c       0x50 lib/libbootloader.a(boot_pdl_uimage.c.obj)
                0x0081339c                pdlDnldUimage
 .text.bootReset
                0x008133ec       0x48 lib/libbootloader.a(boot_platform_8910.c.obj)
                0x008133ec                bootReset
 .text._psmPrepare
                0x00813434      0x144 lib/libbootloader.a(boot_platform_8910.c.obj)
                0x00813434                _psmPrepare
 .text.bootPowerOff
                0x00813578       0x34 lib/libbootloader.a(boot_platform_8910.c.obj)
                0x00813578                bootPowerOff
 .text.bootIsFromPsmSleep
                0x008135ac       0x3c lib/libbootloader.a(boot_platform_8910.c.obj)
                0x008135ac                bootIsFromPsmSleep
 .text.bootPowerOnCause
                0x008135e8       0x44 lib/libbootloader.a(boot_platform_8910.c.obj)
                0x008135e8                bootPowerOnCause
 .text.bootResetPinEnable
                0x0081362c       0x48 lib/libbootloader.a(boot_platform_8910.c.obj)
                0x0081362c                bootResetPinEnable
 .text.bootBlueScreen
                0x00813674        0xc lib/libbootloader.a(boot_platform_8910.c.obj)
                0x00813674                bootBlueScreen
 .text.prvRomHashInit
                0x00813680       0x10 lib/libbootloader.a(boot_secure.c.obj)
 .text.prvRomHashUpdate
                0x00813690        0xc lib/libbootloader.a(boot_secure.c.obj)
 .text.prvSecureInit
                0x0081369c       0x8c lib/libbootloader.a(boot_secure.c.obj)
 .text.prvEmbeddedSigCheck
                0x00813728      0x100 lib/libbootloader.a(boot_secure.c.obj)
 .text.bootSecureBootEnable
                0x00813828       0x28 lib/libbootloader.a(boot_secure.c.obj)
                0x00813828                bootSecureBootEnable
 .text.bootSecureUimageSigCheck
                0x00813850       0x22 lib/libbootloader.a(boot_secure.c.obj)
                0x00813850                bootSecureUimageSigCheck
 .rodata.prvEmbeddedSigCheck.str1.1
                0x00813872       0x10 lib/libbootloader.a(boot_secure.c.obj)
 .text.osiMutexCreate
                0x00813882        0x4 lib/libbootloader.a(boot_sffs_port.c.obj)
                0x00813882                osiMutexCreate
 .text.osiMutexDelete
                0x00813886        0x2 lib/libbootloader.a(boot_sffs_port.c.obj)
                0x00813886                osiMutexDelete
 .text.osiMutexLock
                0x00813888        0x2 lib/libbootloader.a(boot_sffs_port.c.obj)
                0x00813888                osiMutexLock
 .text.osiMutexUnlock
                0x0081388a        0x2 lib/libbootloader.a(boot_sffs_port.c.obj)
                0x0081388a                osiMutexUnlock
 .text.drvSpiFlashOpen
                0x0081388c        0x4 lib/libbootloader.a(boot_sffs_port.c.obj)
                0x0081388c                drvSpiFlashOpen
 .text.drvSpiFlashMapAddress
                0x00813890        0x4 lib/libbootloader.a(boot_sffs_port.c.obj)
                0x00813890                drvSpiFlashMapAddress
 .text.drvSpiFlashWrite
                0x00813894        0x4 lib/libbootloader.a(boot_sffs_port.c.obj)
                0x00813894                drvSpiFlashWrite
 .text.drvSpiFlashErase
                0x00813898        0x4 lib/libbootloader.a(boot_sffs_port.c.obj)
                0x00813898                drvSpiFlashErase
 .text.prvErase
                0x0081389c       0x1e lib/libbootloader.a(boot_spi_flash.c.obj)
 *fill*         0x008138ba        0x2 
 .text.bootSpiFlashOpen
                0x008138bc       0x38 lib/libbootloader.a(boot_spi_flash.c.obj)
                0x008138bc                bootSpiFlashOpen
 .text.bootSpiFlashSetRangeWriteProhibit
                0x008138f4       0x38 lib/libbootloader.a(boot_spi_flash.c.obj)
                0x008138f4                bootSpiFlashSetRangeWriteProhibit
 .text.bootSpiFlashMapAddress
                0x0081392c        0x6 lib/libbootloader.a(boot_spi_flash.c.obj)
                0x0081392c                bootSpiFlashMapAddress
 .text.bootSpiFlashWriteNoWait
                0x00813932       0x72 lib/libbootloader.a(boot_spi_flash.c.obj)
                0x00813932                bootSpiFlashWriteNoWait
 .text.bootSpiFlashEraseNoWait
                0x008139a4       0xb2 lib/libbootloader.a(boot_spi_flash.c.obj)
                0x008139a4                bootSpiFlashEraseNoWait
 .text.bootSpiFlashErase
                0x00813a56       0x3c lib/libbootloader.a(boot_spi_flash.c.obj)
                0x00813a56                bootSpiFlashErase
 .text.bootSpiFlashWrite
                0x00813a92       0x46 lib/libbootloader.a(boot_spi_flash.c.obj)
                0x00813a92                bootSpiFlashWrite
 .text.osiPmSourceCreate
                0x00813ad8        0x8 lib/libbootloader.a(boot_stub.c.obj)
                0x00813ad8                osiPmSourceCreate
 .text.bootTimerISR
                0x00813ae0       0x1c lib/libbootloader.a(boot_timer.c.obj)
                0x00813ae0                bootTimerISR
 .text.bootTraceInit
                0x00813afc       0x18 lib/libbootloader.a(boot_trace.c.obj)
                0x00813afc                bootTraceInit
 .text.bootTraceBufPut
                0x00813b14        0xa lib/libbootloader.a(boot_trace.c.obj)
                0x00813b14                bootTraceBufPut
                0x00813b14                osiTraceBufPut
 .text.bootTraceBufPutMulti
                0x00813b1e       0x22 lib/libbootloader.a(boot_trace.c.obj)
                0x00813b1e                bootTraceBufPutMulti
                0x00813b1e                osiTraceBufPutMulti
 .text.prvUartAvail
                0x00813b40        0xa lib/libbootloader.a(boot_uart.c.obj)
 .text.prvUartFlush
                0x00813b4a        0x2 lib/libbootloader.a(boot_uart.c.obj)
 .text.prvUartConnected
                0x00813b4c        0x4 lib/libbootloader.a(boot_uart.c.obj)
 .text.prvUartDestroy
                0x00813b50        0x4 lib/libbootloader.a(boot_uart.c.obj)
 .text.prvUartBaudSupported
                0x00813b54        0x4 lib/libbootloader.a(boot_uart.c.obj)
 .text.bootUartSetBaud
                0x00813b58       0x18 lib/libbootloader.a(boot_uart.c.obj)
                0x00813b58                bootUartSetBaud
 .text.bootUartOpen
                0x00813b70       0x94 lib/libbootloader.a(boot_uart.c.obj)
                0x00813b70                bootUartOpen
 .text.prvUartSetBaud
                0x00813c04        0x6 lib/libbootloader.a(boot_uart.c.obj)
 .text.bootUartRead
                0x00813c0a       0x24 lib/libbootloader.a(boot_uart.c.obj)
                0x00813c0a                bootUartRead
 .text.prvUartFlushInput
                0x00813c2e       0x18 lib/libbootloader.a(boot_uart.c.obj)
 .text.prvUartRead
                0x00813c46        0x6 lib/libbootloader.a(boot_uart.c.obj)
 .text.bootUartWrite
                0x00813c4c       0x2e lib/libbootloader.a(boot_uart.c.obj)
                0x00813c4c                bootUartWrite
 .text.prvUartWrite
                0x00813c7a        0x6 lib/libbootloader.a(boot_uart.c.obj)
                0x00813c7a                prvUartWrite
 .text.fdlOpenUart
                0x00813c80       0x70 lib/libbootloader.a(boot_uart.c.obj)
                0x00813c80                fdlOpenUart
 .text.bootUimageCheck
                0x00813cf0       0x64 lib/libbootloader.a(boot_uimage.c.obj)
                0x00813cf0                bootUimageCheck
 .text.bootUimageEntry
                0x00813d54        0xc lib/libbootloader.a(boot_uimage.c.obj)
                0x00813d54                bootUimageEntry
 .text._getFileByFd
                0x00813d60       0x34 lib/libbootloader.a(boot_vfs.c.obj)
 .text._getFileByPath
                0x00813d94       0x70 lib/libbootloader.a(boot_vfs.c.obj)
 .text.bootVfsMount
                0x00813e04       0x6c lib/libbootloader.a(boot_vfs.c.obj)
                0x00813e04                bootVfsMount
 .text.bootVfsMountHandle
                0x00813e70       0x34 lib/libbootloader.a(boot_vfs.c.obj)
                0x00813e70                vfs_mount_handle
                0x00813e70                bootVfsMountHandle
 .text.bootVfsOpen
                0x00813ea4       0x34 lib/libbootloader.a(boot_vfs.c.obj)
                0x00813ea4                vfs_open
                0x00813ea4                bootVfsOpen
 .text.bootVfsRead
                0x00813ed8       0x2e lib/libbootloader.a(boot_vfs.c.obj)
                0x00813ed8                vfs_read
                0x00813ed8                bootVfsRead
 .text.bootVfsLseek
                0x00813f06       0x2e lib/libbootloader.a(boot_vfs.c.obj)
                0x00813f06                vfs_lseek
                0x00813f06                bootVfsLseek
 .text.bootVfsFstat
                0x00813f34       0x28 lib/libbootloader.a(boot_vfs.c.obj)
                0x00813f34                vfs_fstat
                0x00813f34                bootVfsFstat
 .text.bootVfsClose
                0x00813f5c       0x26 lib/libbootloader.a(boot_vfs.c.obj)
                0x00813f5c                vfs_close
                0x00813f5c                bootVfsClose
 .text.bootVfsUnlink
                0x00813f82       0x24 lib/libbootloader.a(boot_vfs.c.obj)
                0x00813f82                bootVfsUnlink
                0x00813f82                vfs_unlink
 .text.bootVfsFileSize
                0x00813fa6       0x2c lib/libbootloader.a(boot_vfs.c.obj)
                0x00813fa6                vfs_file_size
                0x00813fa6                bootVfsFileSize
                0x00813fa6                vfs_sfile_size
 .text.bootVfsFileRead
                0x00813fd2       0x2a lib/libbootloader.a(boot_vfs.c.obj)
                0x00813fd2                vfs_sfile_read
                0x00813fd2                vfs_file_read
                0x00813fd2                bootVfsFileRead
 .text.bootVfsFileWrite
                0x00813ffc       0x2c lib/libbootloader.a(boot_vfs.c.obj)
                0x00813ffc                vfs_file_write
                0x00813ffc                bootVfsFileWrite
 .text.bootVfsSfileInit
                0x00814028        0xa lib/libbootloader.a(boot_vfs.c.obj)
                0x00814028                bootVfsSfileInit
                0x00814028                vfs_sfile_init
 .text.bootVfsSfileWrite
                0x00814032        0x4 lib/libbootloader.a(boot_vfs.c.obj)
                0x00814032                vfs_sfile_write
                0x00814032                bootVfsSfileWrite
 .text.bootVfsMkFilePath
                0x00814036       0x70 lib/libbootloader.a(boot_vfs.c.obj)
                0x00814036                vfs_mkfilepath
                0x00814036                bootVfsMkFilePath
 .text.bootSffsMount
                0x008140a6       0x3e lib/libbootloader.a(boot_vfs.c.obj)
                0x008140a6                bootSffsMount
                0x008140a6                sffsVfsMount
 .text.bootSffsMkfs
                0x008140e4        0xa lib/libbootloader.a(boot_vfs.c.obj)
                0x008140e4                sffsVfsMkfs
                0x008140e4                bootSffsMkfs
 *fill*         0x008140ee        0x2 
 .text.prvQuec_Load_Fota_nv_Cfg
                0x008140f0       0x7c lib/libbootloader.a(quec_boot_fota.c.obj)
                0x008140f0                prvQuec_Load_Fota_nv_Cfg
 .rodata.__FUNCTION__.7564
                0x0081416c       0x19 lib/libbootloader.a(quec_boot_fota.c.obj)
 .rodata.prvQuec_Load_Fota_nv_Cfg.str1.1
                0x00814185       0xd6 lib/libbootloader.a(quec_boot_fota.c.obj)
 *fill*         0x0081425b        0x1 
 .text.quec_boot_uart_open
                0x0081425c       0x8c lib/libbootloader.a(quec_boot_uart.c.obj)
 .text.quec_pin_set_func_internal
                0x008142e8       0x70 lib/libbootloader.a(quec_boot_uart.c.obj)
 .text.quec_boot_write_to_uart
                0x00814358       0x4c lib/libbootloader.a(quec_boot_uart.c.obj)
 .text.quec_pin_get_func
                0x008143a4       0x58 lib/libbootloader.a(quec_boot_uart.c.obj)
 .text.quec_boot_uart_pin_init
                0x008143fc       0xc4 lib/libbootloader.a(quec_boot_uart.c.obj)
 .text.quec_verify_output
                0x008144c0       0xc8 lib/libbootloader.a(quec_boot_uart.c.obj)
                0x008144c0                quec_verify_output
 .text.quec_boot_urc_send
                0x00814588       0x34 lib/libbootloader.a(quec_boot_uart.c.obj)
                0x00814588                quec_boot_urc_send
 *fill*         0x008145bc        0x4 
 .text.quec_boot_urc_init
                0x008145c0       0xb4 lib/libbootloader.a(quec_boot_uart.c.obj)
                0x008145c0                quec_boot_urc_init
 .rodata.quec_boot_uart_open.str1.1
                0x00814674       0x5c lib/libbootloader.a(quec_boot_uart.c.obj)
                                 0x6f (size before relaxing)
 .rodata.quec_boot_uart_pin_init.str1.1
                0x008146d0       0x2f lib/libbootloader.a(quec_boot_uart.c.obj)
 .rodata.quec_boot_urc_init.str1.1
                0x008146ff       0x7c lib/libbootloader.a(quec_boot_uart.c.obj)
 .rodata.quec_boot_write_to_uart.str1.1
                0x0081477b       0x3a lib/libbootloader.a(quec_boot_uart.c.obj)
 .rodata.quec_pin_get_func.str1.1
                0x008147b5       0x1c lib/libbootloader.a(quec_boot_uart.c.obj)
 .rodata.quec_pin_set_func_internal.str1.1
                0x008147d1       0x56 lib/libbootloader.a(quec_boot_uart.c.obj)
 *fill*         0x00814827        0x1 
 .text.crc32Calc
                0x00814828       0x30 lib/libcalclib.a(crc32.c.obj)
                0x00814828                crc32Calc
 .text.crc32VariantInit
                0x00814858        0x4 lib/libcalclib.a(crc32.c.obj)
                0x00814858                crc32VariantInit
 .text.crc32VariantUpdate
                0x0081485c       0x28 lib/libcalclib.a(crc32.c.obj)
                0x0081485c                crc32VariantUpdate
 .text.crc32VariantCalc
                0x00814884       0x30 lib/libcalclib.a(crc32.c.obj)
                0x00814884                crc32VariantCalc
 .text.crc8RohcCalc
                0x008148b4       0x28 lib/libcalclib.a(crc32.c.obj)
                0x008148b4                crc8RohcCalc
 .rodata.gCrc8Table
                0x008148dc      0x100 lib/libcalclib.a(crc32.c.obj)
 .rodata.vds_crc32_table
                0x008149dc      0x400 lib/libcalclib.a(crc32.c.obj)
                0x008149dc                vds_crc32_table
 .text.read_int
                0x00814ddc       0x22 lib/libcalclib.a(decompress_unlzma.c.obj)
 .text.noerror  0x00814dfe        0x2 lib/libcalclib.a(decompress_unlzma.c.obj)
 .text.nofill   0x00814e00        0x6 lib/libcalclib.a(decompress_unlzma.c.obj)
 *fill*         0x00814e06        0x2 
 .text.rc_read  0x00814e08       0x2c lib/libcalclib.a(decompress_unlzma.c.obj)
 .text.rc_do_normalize
                0x00814e34       0x28 lib/libcalclib.a(decompress_unlzma.c.obj)
 .text.rc_update_bit_0
                0x00814e5c       0x12 lib/libcalclib.a(decompress_unlzma.c.obj)
 .text.rc_update_bit_1
                0x00814e6e       0x1a lib/libcalclib.a(decompress_unlzma.c.obj)
 .text.write_byte
                0x00814e88       0x8c lib/libcalclib.a(decompress_unlzma.c.obj)
 .text.peek_old_byte
                0x00814f14       0x38 lib/libcalclib.a(decompress_unlzma.c.obj)
 .text.rc_is_bit_0
                0x00814f4c       0x28 lib/libcalclib.a(decompress_unlzma.c.obj)
 .text.rc_get_bit
                0x00814f74       0x32 lib/libcalclib.a(decompress_unlzma.c.obj)
 *fill*         0x00814fa6        0x2 
 .text.lzmaDecompress
                0x00814fa8      0x660 lib/libcalclib.a(decompress_unlzma.c.obj)
                0x00814fa8                lzmaDecompress
 .text.lzmaDecompressProbe
                0x00815608       0x88 lib/libcalclib.a(decompress_unlzma.c.obj)
                0x00815608                lzmaDecompressProbe
 .text.lzmaDecompressMem
                0x00815690       0x1e lib/libcalclib.a(decompress_unlzma.c.obj)
                0x00815690                lzmaDecompressMem
 .rodata.lzmaDecompress.str1.1
                0x008156ae       0x40 lib/libcalclib.a(decompress_unlzma.c.obj)
 .rodata.rc_read.str1.1
                0x008156ee        0xf lib/libcalclib.a(decompress_unlzma.c.obj)
 *fill*         0x008156fd        0x3 
 .text.prvFlagIgnored
                0x00815700       0x20 lib/libfsmount.a(fs_mount.c.obj)
 .text.prvMountSffs
                0x00815720       0xb4 lib/libfsmount.a(fs_mount.c.obj)
 .text.prvRegisterBlockDevice
                0x008157d4       0x44 lib/libfsmount.a(fs_mount.c.obj)
 .text.fsFindBlockDeviceByName
                0x00815818       0x18 lib/libfsmount.a(fs_mount.c.obj)
                0x00815818                fsFindBlockDeviceByName
 .text.prvCreateFbdev2
                0x00815830       0xc0 lib/libfsmount.a(fs_mount.c.obj)
 .text.prvCreateSubpart
                0x008158f0       0x64 lib/libfsmount.a(fs_mount.c.obj)
 .text.fsMountSetScenario
                0x00815954        0xc lib/libfsmount.a(fs_mount.c.obj)
                0x00815954                fsMountSetScenario
 .text.fsMountAll
                0x00815960      0x138 lib/libfsmount.a(fs_mount.c.obj)
                0x00815960                fsMountAll
 .text          0x00815a98      0x160 lib/libfsmount.a(partinfo.bin.S.obj)
                0x00815a98                gPartInfo
 .text.prvProgressNone
                0x00815bf8        0x2 lib/libfupdate_core.a(fupdate_bootloader.c.obj)
 .text._bulkBlockedFileAllocMem
                0x00815bfa       0x50 lib/libfupdate_core.a(fupdate_bootloader.c.obj)
 *fill*         0x00815c4a        0x2 
 .text._decompressBundle
                0x00815c4c       0x94 lib/libfupdate_core.a(fupdate_bootloader.c.obj)
 .text._decompBlockedFile
                0x00815ce0       0x54 lib/libfupdate_core.a(fupdate_bootloader.c.obj)
 .text.fupdateRun
                0x00815d34      0xd4c lib/libfupdate_core.a(fupdate_bootloader.c.obj)
                0x00815d34                fupdateRun
 .rodata.fupdateRun.str1.1
                0x00816a80        0x9 lib/libfupdate_core.a(fupdate_bootloader.c.obj)
 *fill*         0x00816a89        0x1 
 .text._updateFileCrc
                0x00816a8a       0x3c lib/libfupdate_core.a(fupdate_common.c.obj)
 *fill*         0x00816ac6        0x2 
 .text.fupdateBlockedFname
                0x00816ac8       0x60 lib/libfupdate_core.a(fupdate_common.c.obj)
                0x00816ac8                fupdateBlockedFname
 .text.fupdateCheckFileSizeCrc
                0x00816b28       0x6c lib/libfupdate_core.a(fupdate_common.c.obj)
                0x00816b28                fupdateCheckFileSizeCrc
 .text.fupdateCheckPlainFileSizeCrc
                0x00816b94       0x54 lib/libfupdate_core.a(fupdate_common.c.obj)
                0x00816b94                fupdateCheckPlainFileSizeCrc
 .text.fupdateCheckBlockedFileSizeCrc
                0x00816be8       0x92 lib/libfupdate_core.a(fupdate_common.c.obj)
                0x00816be8                fupdateCheckBlockedFileSizeCrc
 *fill*         0x00816c7a        0x2 
 .text.fupdateReadContext
                0x00816c7c       0x1c lib/libfupdate_core.a(fupdate_common.c.obj)
                0x00816c7c                fupdateReadContext
 .text.fupdateWriteContext
                0x00816c98       0x1c lib/libfupdate_core.a(fupdate_common.c.obj)
                0x00816c98                fupdateWriteContext
 .text.fupdateParseBulk
                0x00816cb4      0x178 lib/libfupdate_core.a(fupdate_common.c.obj)
                0x00816cb4                fupdateParseBulk
 .text.fupdateParsePack
                0x00816e2c       0x5e lib/libfupdate_core.a(fupdate_common.c.obj)
                0x00816e2c                fupdateParsePack
 .text.fupdateParseBundle
                0x00816e8a       0x12 lib/libfupdate_core.a(fupdate_common.c.obj)
                0x00816e8a                fupdateParseBundle
 .text.fupdateParseBundleData
                0x00816e9c       0x6a lib/libfupdate_core.a(fupdate_common.c.obj)
                0x00816e9c                fupdateParseBundleData
 .text.fupdateParseBlock
                0x00816f06       0x18 lib/libfupdate_core.a(fupdate_common.c.obj)
                0x00816f06                fupdateParseBlock
 .text.fupdateParseBlockSize
                0x00816f1e       0x24 lib/libfupdate_core.a(fupdate_common.c.obj)
                0x00816f1e                fupdateParseBlockSize
 .text.fupdateParsePiece
                0x00816f42       0x18 lib/libfupdate_core.a(fupdate_common.c.obj)
                0x00816f42                fupdateParsePiece
 .rodata.str1.1
                0x00816f5a       0x30 lib/libfupdate_core.a(fupdate_common.c.obj)
 *fill*         0x00816f8a        0x2 
 .text._initCfgReg
                0x00816f8c       0x28 lib/libhal.a(hal_adi_bus.c.obj)
                0x00816f8c                _initCfgReg
 .text._adiBusResume
                0x00816fb4        0xa lib/libhal.a(hal_adi_bus.c.obj)
 *fill*         0x00816fbe        0x2 
 .text.halAdiBusInit
                0x00816fc0       0x1c lib/libhal.a(hal_adi_bus.c.obj)
                0x00816fc0                halAdiBusInit
 .text.halAdiBusRead
                0x00816fdc       0x3c lib/libhal.a(hal_adi_bus.c.obj)
                0x00816fdc                halAdiBusRead
 .text.halAdiBusWrite
                0x00817018       0x2c lib/libhal.a(hal_adi_bus.c.obj)
                0x00817018                halAdiBusWrite
 .text.halAdiBusChange
                0x00817044       0x64 lib/libhal.a(hal_adi_bus.c.obj)
                0x00817044                halAdiBusChange
 .rodata        0x008170a8        0x4 lib/libhal.a(hal_adi_bus.c.obj)
 .rodata._adiBusPmOps
                0x008170ac       0x10 lib/libhal.a(hal_adi_bus.c.obj)
 .text.halBlueScreenSaveContext
                0x008170bc       0x34 lib/libhal.a(hal_blue_screen.c.obj)
                0x008170bc                halBlueScreenSaveContext
 .text.halCalcDivider20
                0x008170f0       0x88 lib/libhal.a(hal_chip.c.obj)
                0x008170f0                halCalcDivider20
 .text.osiDCacheClean
                0x00817178       0x1c lib/libhal.a(hal_chip_8910.c.obj)
                0x00817178                osiDCacheClean
 .text.osiDCacheInvalidate
                0x00817194       0x18 lib/libhal.a(hal_chip_8910.c.obj)
                0x00817194                osiDCacheInvalidate
 .text.osiDCacheCleanInvalidateAll
                0x008171ac       0xac lib/libhal.a(hal_chip_8910.c.obj)
                0x008171ac                osiDCacheCleanInvalidateAll
 .text.prvRamPhyPadCfg
                0x00817258       0xb4 lib/libhal.a(hal_clock_init.c.obj)
 .text.prvRamDmcCfg
                0x0081730c       0xbc lib/libhal.a(hal_clock_init.c.obj)
 .text.prvDelayUS
                0x008173c8       0x14 lib/libhal.a(hal_clock_init.c.obj)
 .text._dmc400QosConfig
                0x008173dc      0x164 lib/libhal.a(hal_clock_init.c.obj)
 .text.halPsramPllTrainAds0
                0x00817540       0x3c lib/libhal.a(hal_clock_init.c.obj)
 .text.halPsramPllTrainAds1
                0x0081757c       0x3c lib/libhal.a(hal_clock_init.c.obj)
 .text.halWriteDllTrain
                0x008175b8       0x40 lib/libhal.a(hal_clock_init.c.obj)
 .text.halRamInit
                0x008175f8       0xb8 lib/libhal.a(hal_clock_init.c.obj)
                0x008175f8                halRamInit
 .text.halClockInit
                0x008176b0      0x240 lib/libhal.a(hal_clock_init.c.obj)
                0x008176b0                halClockInit
 .rodata        0x008178f0        0x8 lib/libhal.a(hal_clock_init.c.obj)
 .text.prvEfuseSetDouble
                0x008178f8       0x10 lib/libhal.a(hal_efuse_8910.c.obj)
 .text.halEfuseOpen
                0x00817908       0x60 lib/libhal.a(hal_efuse_8910.c.obj)
                0x00817908                halEfuseOpen
 .text.halEfuseClose
                0x00817968       0x48 lib/libhal.a(hal_efuse_8910.c.obj)
                0x00817968                halEfuseClose
 .text.halEfuseDoubleRead
                0x008179b0       0x3c lib/libhal.a(hal_efuse_8910.c.obj)
                0x008179b0                halEfuseDoubleRead
 .text.halHwspinlockAcquire
                0x008179ec       0x38 lib/libhal.a(hal_hwspinlock.c.obj)
                0x008179ec                halHwspinlockAcquire
 .text.halHwspinlockRelease
                0x00817a24       0x14 lib/libhal.a(hal_hwspinlock.c.obj)
                0x00817a24                halHwspinlockRelease
 .text.halHwspinlockReleaseInCritical
                0x00817a38       0x14 lib/libhal.a(hal_hwspinlock.c.obj)
                0x00817a38                halHwspinlockReleaseInCritical
 .text.halLzmaDataSize
                0x00817a4c        0xc lib/libhal.a(hal_lzma.c.obj)
                0x00817a4c                halLzmaDataSize
 .text.halLzmaReset
                0x00817a58       0x30 lib/libhal.a(hal_lzma.c.obj)
                0x00817a58                halLzmaReset
 .text.halLzmaEnable
                0x00817a88       0x18 lib/libhal.a(hal_lzma.c.obj)
                0x00817a88                halLzmaEnable
 .text.halLzmaDisable
                0x00817aa0       0x18 lib/libhal.a(hal_lzma.c.obj)
                0x00817aa0                halLzmaDisable
 .text.halLzmaDecompressBlock
                0x00817ab8       0xd0 lib/libhal.a(hal_lzma.c.obj)
                0x00817ab8                halLzmaDecompressBlock
 .text.halLzmaDecompressFile
                0x00817b88       0xc0 lib/libhal.a(hal_lzma.c.obj)
                0x00817b88                halLzmaDecompressFile
 .text.halPmuExtFlashPowerOn
                0x00817c48        0x2 lib/libhal.a(hal_pmu_8910.c.obj)
                0x00817c48                halPmuExtFlashPowerOn
 *fill*         0x00817c4a        0x2 
 .rodata.gSpiFlashProps
                0x00817c4c      0x12c lib/libhal.a(hal_spi_flash.c.obj)
 .text.prvParamCount
                0x00817d78       0x30 lib/libosi_lib.a(osi_log.c.obj)
 .text.prvParamBuf
                0x00817da8       0xc4 lib/libosi_lib.a(osi_log.c.obj)
 .text.prvTraceIdEx
                0x00817e6c       0xa8 lib/libosi_lib.a(osi_log.c.obj)
 .text.osiTraceIdEx
                0x00817f14       0x24 lib/libosi_lib.a(osi_log.c.obj)
                0x00817f14                osiTraceIdEx
 .text.osiTraceVprintf
                0x00817f38      0x2a4 lib/libosi_lib.a(osi_log.c.obj)
                0x00817f38                osiTraceVprintf
 .text.osiTracePrintf
                0x008181dc       0x24 lib/libosi_lib.a(osi_log.c.obj)
                0x008181dc                osiTracePrintf
 .rodata.parbufsize.47531
                0x00818200       0x18 lib/libosi_lib.a(osi_log.c.obj)
 .rodata.parcount.47530
                0x00818218       0x18 lib/libosi_lib.a(osi_log.c.obj)
 .rodata.prvParamBuf.str1.1
                0x00818230        0x7 lib/libosi_lib.a(osi_log.c.obj)
 *fill*         0x00818237        0x1 
 .text.MatchFinder_GetPointerToCurrentPos
                0x00818238        0x4 lib/libsffs_core.a(LzFind.c.obj)
                0x00818238                MatchFinder_GetPointerToCurrentPos
 .text.MatchFinder_GetIndexByte
                0x0081823c        0x6 lib/libsffs_core.a(LzFind.c.obj)
                0x0081823c                MatchFinder_GetIndexByte
 .text.MatchFinder_GetNumAvailableBytes
                0x00818242        0x8 lib/libsffs_core.a(LzFind.c.obj)
                0x00818242                MatchFinder_GetNumAvailableBytes
 .text.MatchFinder_SetLimits
                0x0081824a       0x3c lib/libsffs_core.a(LzFind.c.obj)
 .text.Hc_GetMatchesSpec
                0x00818286       0x8a lib/libsffs_core.a(LzFind.c.obj)
 .text.SkipMatchesSpec
                0x00818310       0xa0 lib/libsffs_core.a(LzFind.c.obj)
 .text.MatchFinder_ReadBlock
                0x008183b0       0x6a lib/libsffs_core.a(LzFind.c.obj)
 .text.MatchFinder_Init
                0x0081841a       0x38 lib/libsffs_core.a(LzFind.c.obj)
                0x0081841a                MatchFinder_Init
 .text.MatchFinder_ReduceOffsets
                0x00818452       0x14 lib/libsffs_core.a(LzFind.c.obj)
                0x00818452                MatchFinder_ReduceOffsets
 .text.MatchFinder_MoveBlock
                0x00818466       0x22 lib/libsffs_core.a(LzFind.c.obj)
                0x00818466                MatchFinder_MoveBlock
 .text.MatchFinder_NeedMove
                0x00818488       0x1e lib/libsffs_core.a(LzFind.c.obj)
                0x00818488                MatchFinder_NeedMove
 *fill*         0x008184a6        0x2 
 .text.MatchFinder_Construct
                0x008184a8       0x40 lib/libsffs_core.a(LzFind.c.obj)
                0x008184a8                MatchFinder_Construct
 .text.MatchFinder_Free
                0x008184e8       0x22 lib/libsffs_core.a(LzFind.c.obj)
                0x008184e8                MatchFinder_Free
 *fill*         0x0081850a        0x2 
 .text.MatchFinder_Create
                0x0081850c      0x128 lib/libsffs_core.a(LzFind.c.obj)
                0x0081850c                MatchFinder_Create
 .text.MatchFinder_Normalize3
                0x00818634       0x1a lib/libsffs_core.a(LzFind.c.obj)
                0x00818634                MatchFinder_Normalize3
 .text.MatchFinder_CheckLimits
                0x0081864e       0x6a lib/libsffs_core.a(LzFind.c.obj)
 .text.MatchFinder_MovePos
                0x008186b8       0x1e lib/libsffs_core.a(LzFind.c.obj)
 .text.Bt4_MatchFinder_Skip
                0x008186d6       0xa2 lib/libsffs_core.a(LzFind.c.obj)
 .text.Bt3_MatchFinder_Skip
                0x00818778       0x86 lib/libsffs_core.a(LzFind.c.obj)
 .text.Bt2_MatchFinder_Skip
                0x008187fe       0x68 lib/libsffs_core.a(LzFind.c.obj)
 .text.Hc4_MatchFinder_Skip
                0x00818866       0x8a lib/libsffs_core.a(LzFind.c.obj)
 .text.Hc4_MatchFinder_GetMatches
                0x008188f0      0x146 lib/libsffs_core.a(LzFind.c.obj)
 .text.GetMatchesSpec1
                0x00818a36       0xfa lib/libsffs_core.a(LzFind.c.obj)
                0x00818a36                GetMatchesSpec1
 .text.Bt4_MatchFinder_GetMatches
                0x00818b30      0x156 lib/libsffs_core.a(LzFind.c.obj)
 .text.Bt3_MatchFinder_GetMatches
                0x00818c86      0x10c lib/libsffs_core.a(LzFind.c.obj)
 .text.Bt2_MatchFinder_GetMatches
                0x00818d92       0x74 lib/libsffs_core.a(LzFind.c.obj)
 *fill*         0x00818e06        0x2 
 .text.MatchFinder_CreateVTable
                0x00818e08       0x70 lib/libsffs_core.a(LzFind.c.obj)
                0x00818e08                MatchFinder_CreateVTable
 .text.RangeEnc_FlushStream
                0x00818e78       0x32 lib/libsffs_core.a(LzmaEnc.c.obj)
 .text.RangeEnc_ShiftLow
                0x00818eaa       0x66 lib/libsffs_core.a(LzmaEnc.c.obj)
 .text.RangeEnc_EncodeDirectBits
                0x00818f10       0x44 lib/libsffs_core.a(LzmaEnc.c.obj)
 .text.RangeEnc_EncodeBit
                0x00818f54       0x4e lib/libsffs_core.a(LzmaEnc.c.obj)
 .text.LitEnc_Encode
                0x00818fa2       0x24 lib/libsffs_core.a(LzmaEnc.c.obj)
 .text.LitEnc_GetPrice
                0x00818fc6       0x2c lib/libsffs_core.a(LzmaEnc.c.obj)
 .text.LitEnc_GetPriceMatched
                0x00818ff2       0x42 lib/libsffs_core.a(LzmaEnc.c.obj)
 .text.RcTree_Encode
                0x00819034       0x30 lib/libsffs_core.a(LzmaEnc.c.obj)
 .text.RcTree_ReverseEncode
                0x00819064       0x32 lib/libsffs_core.a(LzmaEnc.c.obj)
 .text.RcTree_GetPrice
                0x00819096       0x2e lib/libsffs_core.a(LzmaEnc.c.obj)
 .text.RcTree_ReverseGetPrice
                0x008190c4       0x2e lib/libsffs_core.a(LzmaEnc.c.obj)
 .text.LenEnc_Init
                0x008190f2       0x3a lib/libsffs_core.a(LzmaEnc.c.obj)
 .text.LenEnc_SetPrices
                0x0081912c       0xb2 lib/libsffs_core.a(LzmaEnc.c.obj)
 .text.MovePos  0x008191de       0x22 lib/libsffs_core.a(LzmaEnc.c.obj)
 .text.ReadMatchDistances
                0x00819200       0x88 lib/libsffs_core.a(LzmaEnc.c.obj)
 .text.FillAlignPrices
                0x00819288       0x3a lib/libsffs_core.a(LzmaEnc.c.obj)
 .text.FillDistancesPrices
                0x008192c2      0x110 lib/libsffs_core.a(LzmaEnc.c.obj)
 .text.MyWrite  0x008193d2       0x2c lib/libsffs_core.a(LzmaEnc.c.obj)
 .text.LenEnc_Encode2
                0x008193fe       0xa4 lib/libsffs_core.a(LzmaEnc.c.obj)
 .text.GetPureRepPrice
                0x008194a2       0x7a lib/libsffs_core.a(LzmaEnc.c.obj)
 .text.Flush    0x0081951c      0x114 lib/libsffs_core.a(LzmaEnc.c.obj)
 .text.CheckErrors
                0x00819630       0x32 lib/libsffs_core.a(LzmaEnc.c.obj)
 *fill*         0x00819662        0x2 
 .text.LzmaEnc_CodeOneBlock
                0x00819664     0x1674 lib/libsffs_core.a(LzmaEnc.c.obj)
 .text.LzmaEnc_Encode2
                0x0081acd8       0x60 lib/libsffs_core.a(LzmaEnc.c.obj)
 .text.LzmaEncProps_Init
                0x0081ad38       0x22 lib/libsffs_core.a(LzmaEnc.c.obj)
                0x0081ad38                LzmaEncProps_Init
 .text.LzmaEncProps_Normalize
                0x0081ad5a       0xa4 lib/libsffs_core.a(LzmaEnc.c.obj)
                0x0081ad5a                LzmaEncProps_Normalize
 .text.LzmaEnc_FastPosInit
                0x0081adfe       0x32 lib/libsffs_core.a(LzmaEnc.c.obj)
                0x0081adfe                LzmaEnc_FastPosInit
 .text.LzmaEnc_SetProps
                0x0081ae30       0xa8 lib/libsffs_core.a(LzmaEnc.c.obj)
                0x0081ae30                LzmaEnc_SetProps
 .text.LzmaEnc_InitPriceTables
                0x0081aed8       0x32 lib/libsffs_core.a(LzmaEnc.c.obj)
                0x0081aed8                LzmaEnc_InitPriceTables
 .text.LzmaEnc_Construct
                0x0081af0a       0x48 lib/libsffs_core.a(LzmaEnc.c.obj)
                0x0081af0a                LzmaEnc_Construct
 *fill*         0x0081af52        0x2 
 .text.LzmaEnc_Create
                0x0081af54       0x18 lib/libsffs_core.a(LzmaEnc.c.obj)
                0x0081af54                LzmaEnc_Create
 .text.LzmaEnc_FreeLits
                0x0081af6c       0x2e lib/libsffs_core.a(LzmaEnc.c.obj)
                0x0081af6c                LzmaEnc_FreeLits
 .text.LzmaEnc_Destruct
                0x0081af9a       0x2c lib/libsffs_core.a(LzmaEnc.c.obj)
                0x0081af9a                LzmaEnc_Destruct
 .text.LzmaEnc_Destroy
                0x0081afc6       0x16 lib/libsffs_core.a(LzmaEnc.c.obj)
                0x0081afc6                LzmaEnc_Destroy
 .text.LzmaEnc_Init
                0x0081afdc      0x122 lib/libsffs_core.a(LzmaEnc.c.obj)
                0x0081afdc                LzmaEnc_Init
 .text.LzmaEnc_InitPrices
                0x0081b0fe       0xd8 lib/libsffs_core.a(LzmaEnc.c.obj)
                0x0081b0fe                LzmaEnc_InitPrices
 .text.LzmaEnc_AllocAndInit
                0x0081b1d6      0x11e lib/libsffs_core.a(LzmaEnc.c.obj)
 .text.LzmaEnc_WriteProperties
                0x0081b2f4       0x6a lib/libsffs_core.a(LzmaEnc.c.obj)
                0x0081b2f4                LzmaEnc_WriteProperties
 *fill*         0x0081b35e        0x2 
 .text.LzmaEnc_MemEncode
                0x0081b360       0x5c lib/libsffs_core.a(LzmaEnc.c.obj)
                0x0081b360                LzmaEnc_MemEncode
 .text.LzmaEncode
                0x0081b3bc       0x6e lib/libsffs_core.a(LzmaEnc.c.obj)
                0x0081b3bc                LzmaEncode
 *fill*         0x0081b42a        0x2 
 .rodata.kLiteralNextStates
                0x0081b42c       0x30 lib/libsffs_core.a(LzmaEnc.c.obj)
 .rodata.kMatchNextStates
                0x0081b45c       0x30 lib/libsffs_core.a(LzmaEnc.c.obj)
 .rodata.kRepNextStates
                0x0081b48c       0x30 lib/libsffs_core.a(LzmaEnc.c.obj)
 .rodata.kShortRepNextStates
                0x0081b4bc       0x30 lib/libsffs_core.a(LzmaEnc.c.obj)
 .text.SzFree   0x0081b4ec        0x6 lib/libsffs_core.a(lzmar.c.obj)
 .text.SzAlloc  0x0081b4f2        0x6 lib/libsffs_core.a(lzmar.c.obj)
 .text.lzmarCompress
                0x0081b4f8      0x12c lib/libsffs_core.a(lzmar.c.obj)
                0x0081b4f8                lzmarCompress
 .text._cacheDataIsRootDir
                0x0081b624       0x1c lib/libsffs_core.a(sffs.c.obj)
 .text._cacheSetDirty
                0x0081b640       0x38 lib/libsffs_core.a(sffs.c.obj)
 .text._pathFileName
                0x0081b678       0x12 lib/libsffs_core.a(sffs.c.obj)
 .text._blockAllocFree
                0x0081b68a       0x5c lib/libsffs_core.a(sffs.c.obj)
 .text._blockIsFree.isra.12
                0x0081b6e6       0x1a lib/libsffs_core.a(sffs.c.obj)
 .text._blockSetUsed
                0x0081b700       0x2e lib/libsffs_core.a(sffs.c.obj)
 .text._blockSetFree
                0x0081b72e       0x30 lib/libsffs_core.a(sffs.c.obj)
 .text._isNodeOpened
                0x0081b75e       0x24 lib/libsffs_core.a(sffs.c.obj)
 .text._getFileFromFd.isra.14
                0x0081b782        0xe lib/libsffs_core.a(sffs.c.obj)
 .text._cacheFindNotBusyByState.isra.20
                0x0081b790       0x14 lib/libsffs_core.a(sffs.c.obj)
 .text._cacheFlush
                0x0081b7a4       0x2a lib/libsffs_core.a(sffs.c.obj)
 .text._cacheFlushAll
                0x0081b7ce       0x1a lib/libsffs_core.a(sffs.c.obj)
 .text._cacheAllocForNode
                0x0081b7e8       0xe0 lib/libsffs_core.a(sffs.c.obj)
 .text._cacheAllocWithData
                0x0081b8c8        0x6 lib/libsffs_core.a(sffs.c.obj)
 *fill*         0x0081b8ce        0x2 
 .text._fileGetDataNode
                0x0081b8d0       0x94 lib/libsffs_core.a(sffs.c.obj)
 .text._cacheAllocForWrite
                0x0081b964        0x6 lib/libsffs_core.a(sffs.c.obj)
 *fill*         0x0081b96a        0x2 
 .text._allocTablBlock
                0x0081b96c       0x3c lib/libsffs_core.a(sffs.c.obj)
 .text._fileWriteAll
                0x0081b9a8      0x1ac lib/libsffs_core.a(sffs.c.obj)
 .text._dirRemoveChildNode
                0x0081bb54       0x58 lib/libsffs_core.a(sffs.c.obj)
 .text._dirAddChildNodeIfNotExist
                0x0081bbac       0x66 lib/libsffs_core.a(sffs.c.obj)
 .text.prvFileWriteAllNotExit
                0x0081bc12       0x3e lib/libsffs_core.a(sffs.c.obj)
 .text.prvIsRootDirFull
                0x0081bc50       0x42 lib/libsffs_core.a(sffs.c.obj)
 *fill*         0x0081bc92        0x2 
 .text._blockScanDir
                0x0081bc94      0x214 lib/libsffs_core.a(sffs.c.obj)
 .text._findByPathInParent
                0x0081bea8       0x98 lib/libsffs_core.a(sffs.c.obj)
 .text._findByPath
                0x0081bf40       0x4c lib/libsffs_core.a(sffs.c.obj)
 .text._findParentByPath
                0x0081bf8c       0x40 lib/libsffs_core.a(sffs.c.obj)
 .text._removeNode
                0x0081bfcc       0x3c lib/libsffs_core.a(sffs.c.obj)
 .text._removeMultiTabl
                0x0081c008       0x70 lib/libsffs_core.a(sffs.c.obj)
 .text._fileDecreaseSize
                0x0081c078      0x2ec lib/libsffs_core.a(sffs.c.obj)
 .text._moveNodeRecovery
                0x0081c364      0x124 lib/libsffs_core.a(sffs.c.obj)
 .text._scanMoveRecovery
                0x0081c488       0x98 lib/libsffs_core.a(sffs.c.obj)
 .text.sffsFileBlockNeeded
                0x0081c520       0x4c lib/libsffs_core.a(sffs.c.obj)
                0x0081c520                sffsFileBlockNeeded
 .text.sffsMount
                0x0081c56c      0x1fc lib/libsffs_core.a(sffs.c.obj)
                0x0081c56c                sffsMount
 .text.sffsUnmount
                0x0081c768       0x14 lib/libsffs_core.a(sffs.c.obj)
                0x0081c768                sffsUnmount
 .text.sffsMakeFs
                0x0081c77c       0x90 lib/libsffs_core.a(sffs.c.obj)
                0x0081c77c                sffsMakeFs
 .text.sffsOpen
                0x0081c80c      0x274 lib/libsffs_core.a(sffs.c.obj)
                0x0081c80c                sffsOpen
 .text.sffsSfileWrite
                0x0081ca80      0x3ec lib/libsffs_core.a(sffs.c.obj)
                0x0081ca80                sffsSfileWrite
 .text.sffsRead
                0x0081ce6c      0x128 lib/libsffs_core.a(sffs.c.obj)
                0x0081ce6c                sffsRead
 .text.sffsSeek
                0x0081cf94       0x7c lib/libsffs_core.a(sffs.c.obj)
                0x0081cf94                sffsSeek
 .text.sffsClose
                0x0081d010       0x4c lib/libsffs_core.a(sffs.c.obj)
                0x0081d010                sffsClose
 .text.sffsFstat
                0x0081d05c       0x78 lib/libsffs_core.a(sffs.c.obj)
                0x0081d05c                sffsFstat
 .text.sffsMkDir
                0x0081d0d4      0x14c lib/libsffs_core.a(sffs.c.obj)
                0x0081d0d4                sffsMkDir
 .text.sffsUnlink
                0x0081d220       0xc4 lib/libsffs_core.a(sffs.c.obj)
                0x0081d220                sffsUnlink
 .text.sffsSetSfileReserveCount
                0x0081d2e4       0x14 lib/libsffs_core.a(sffs.c.obj)
                0x0081d2e4                sffsSetSfileReserveCount
 .text.sffsSetSfileReserveCount.__stub
                0x0081d2f8        0x8 linker stubs
 *(.rokeep)
                0x0081d300                __text_end = .
                0x0081d300                . = ALIGN (0x20)
 *fill*         0x0081d300        0x0 

.data           0x0081d300      0x140
                0x0081d300                __data_start = .
 SORT_BY_NAME(*)(.sramdata .sramdata.*)
 SORT_BY_NAME(*)(.data .data.* .sdata .sdata.* .data1 .gnu.linkonce.d.*)
 .data._impure_ptr
                0x0081d300        0x4 components/bootloader/CMakeFiles/boot2.dir/boot/boot2_start_8910.c.obj
                0x0081d300                _impure_ptr
 .data.gDrvSpiFlashCtx
                0x0081d304       0x80 lib/libbootloader.a(boot_spi_flash.c.obj)
 .data.gBootUarts
                0x0081d384       0x18 lib/libbootloader.a(boot_uart.c.obj)
 .data.quec_pin_cfg_map
                0x0081d39c       0x30 lib/libbootloader.a(quec_boot_pin_index.c.obj)
                0x0081d39c                quec_pin_cfg_map
 .data.quec_uart_info
                0x0081d3cc       0x24 lib/libbootloader.a(quec_boot_uart.c.obj)
                0x0081d3cc                quec_uart_info
 .data.quec_uart_pin_func
                0x0081d3f0        0xa lib/libbootloader.a(quec_boot_uart.c.obj)
                0x0081d3f0                quec_uart_pin_func
 *fill*         0x0081d3fa        0x2 
 .data.urc_count.47376
                0x0081d3fc        0x4 lib/libbootloader.a(quec_boot_uart.c.obj)
 .data.urc_output_first
                0x0081d400        0x1 lib/libbootloader.a(quec_boot_uart.c.obj)
                0x0081d400                urc_output_first
 .data.gFsScenario
                0x0081d401        0x1 lib/libfsmount.a(fs_mount.c.obj)
 *fill*         0x0081d402        0x2 
 .data.gFupdatePackFileName
                0x0081d404        0x4 lib/libfupdate_core.a(fupdate_common.c.obj)
                0x0081d404                gFupdatePackFileName
 .data.gFupdateStageFileName
                0x0081d408        0x4 lib/libfupdate_core.a(fupdate_common.c.obj)
                0x0081d408                gFupdateStageFileName
 .data.gFupdateTempFileName
                0x0081d40c        0x4 lib/libfupdate_core.a(fupdate_common.c.obj)
                0x0081d40c                gFupdateTempFileName
 .data.g_Alloc  0x0081d410        0x8 lib/libsffs_core.a(lzmar.c.obj)
 *(.rwkeep)
 .rwkeep        0x0081d418        0xc lib/libhal.a(hal_blue_screen.c.obj)
                0x0081d418                gGdbRegAddress
                0x0081d41c                gCpGdbRegAddress
                0x0081d420                gGdbCtxType
                0x0081d424                __data_end = .
                0x0081d440                . = ALIGN (0x20)
 *fill*         0x0081d424       0x1c 

.lastflash      0x0081d440        0x0
                0x0081d440                . = ALIGN (0x20)

.bss            0x0081d440      0x500
                0x0081d440                __bss_start = .
 *(.srambss .srambss.*)
 *(.bss .bss.* COMMON .scommon .sbss .sbss.* .sbss2 .sbss2.* .gnu.linkonce.b.*)
 .bss.gZeroedReent
                0x0081d440      0x428 components/bootloader/CMakeFiles/boot2.dir/boot/boot2_start_8910.c.obj
 .bss.updata_urc_num
                0x0081d868        0x4 components/bootloader/CMakeFiles/boot2.dir/boot/boot2_start_8910.c.obj
                0x0081d868                updata_urc_num
 .bss.gSecureCtx
                0x0081d86c       0x30 lib/libbootloader.a(boot_secure.c.obj)
 .bss.gDefaultHeap
                0x0081d89c        0x4 lib/libbootloader.a(boot_mem.c.obj)
 .bss.gExtRamHeap
                0x0081d8a0        0xc lib/libbootloader.a(boot_mem.c.obj)
 .bss.gIramHeap
                0x0081d8ac        0xc lib/libbootloader.a(boot_mem.c.obj)
 .bss.gBootVfsRegList
                0x0081d8b8        0x4 lib/libbootloader.a(boot_vfs.c.obj)
 .bss.gTimerCb  0x0081d8bc        0x8 lib/libbootloader.a(boot_timer.c.obj)
 .bss.gPdlEngine
                0x0081d8c4        0x8 lib/libbootloader.a(boot_pdl.c.obj)
 .bss.updata_urc_step
                0x0081d8cc        0x4 lib/libbootloader.a(quec_boot_uart.c.obj)
                0x0081d8cc                updata_urc_step
 .bss.gTraceEnabled
                0x0081d8d0        0x1 lib/libosi_lib.a(osi_log.c.obj)
                0x0081d8d0                gTraceEnabled
 *fill*         0x0081d8d1        0x3 
 COMMON         0x0081d8d4       0x54 lib/libosi_lib.a(osi_log.c.obj)
                0x0081d8d4                v_tra_pubModuleControl
                0x0081d8d8                v_tra_categoryControl
                0x0081d8dc                gTraceSequence
                0x0081d8e0                v_tra_lteModuleControl
                0x0081d8e4                sxs_IoCtx
 .bss.gBdevList
                0x0081d928        0x4 lib/libfsmount.a(fs_mount.c.obj)
                0x0081d92c                __bss_end = .
                0x0081d940                . = ALIGN (0x20)
 *fill*         0x0081d92c       0x14 

.sys_stack      0x0081d940     0x1800
                0x0081d940                __sys_stack_start = .
                0x0081f140                . = (. + 0x1800)
 *fill*         0x0081d940     0x1800 
                0x0081f140                __sys_stack_end = .
                0x0081f140                . = ALIGN (0x20)

.irq_stack      0x0081f140      0x800
                0x0081f140                __irq_stack_start = .
                0x0081f940                . = (. + 0x800)
 *fill*         0x0081f140      0x800 
                0x0081f940                __irq_stack_end = .
                0x0081f940                . = ALIGN (0x20)

.blue_screen    0x0081f940      0x400
                0x0081f940                __blue_screen_start = .
                0x0081fd40                . = (. + 0x400)
 *fill*         0x0081f940      0x400 
                0x0081fd40                __blue_screen_end = .
                0x0081fd40                . = ALIGN (0x20)

.sram_heap      0x0081fd40    0x1bec0
                0x0081fd40                __sram_heap_start = .
                0x0083bc00                . = ((ORIGIN (sram) + LENGTH (sram)) - 0x4400)
 *fill*         0x0081fd40    0x1bec0 
                0x0083bc00                __sram_heap_end = .
                0x0083bc00                . = ALIGN (0x20)

.mmu_ttbl2      0x0083bc00      0x400
                0x0083bc00                __mmu_ttbl2_start = .
                0x0083c000                . = (. + 0x400)
 *fill*         0x0083bc00      0x400 
                0x0083c000                __mmu_ttbl2_end = .
                0x0083c000                . = ALIGN (0x20)

.mmu_ttbl1      0x0083c000     0x4000
                0x0083c000                __mmu_ttbl1_start = .
                0x00840000                . = (. + 0x4000)
 *fill*         0x0083c000     0x4000 
                0x00840000                __mmu_ttbl1_end = .
                0x00840000                . = ALIGN (0x20)
                0x00000001                ASSERT (((__mmu_ttbl1_start % 0x4000) == 0x0), TTB L1 is not aligned)
                0x00810040                __flash_start = LOADADDR (.text)
                0x0081d440                __flash_end = ADDR (.lastflash)

.comment        0x00000000       0xf7
 *(.comment)
 .comment       0x00000000       0x7e components/bootloader/CMakeFiles/boot2.dir/boot/boot2_start_8910.c.obj
                                 0x7f (size before relaxing)
 .comment       0x0000007e       0x7f lib/libbootloader.a(boot_platform_8910.c.obj)
 .comment       0x0000007e       0x7f lib/libbootloader.a(boot_secure.c.obj)
 .comment       0x0000007e       0x7f lib/libbootloader.a(boot_sffs_port.c.obj)
 .comment       0x0000007e       0x7f lib/libbootloader.a(boot_stub.c.obj)
 .comment       0x0000007e       0x7f lib/libbootloader.a(boot_delay.c.obj)
 .comment       0x0000007e       0x7f lib/libbootloader.a(boot_mem.c.obj)
 .comment       0x0000007e       0x7f lib/libbootloader.a(boot_spi_flash.c.obj)
 .comment       0x0000007e       0x7f lib/libbootloader.a(boot_debuguart.c.obj)
 .comment       0x0000007e       0x7f lib/libbootloader.a(boot_trace.c.obj)
 .comment       0x0000007e       0x7f lib/libbootloader.a(boot_fdl.c.obj)
 .comment       0x0000007e       0x7f lib/libbootloader.a(boot_vfs.c.obj)
 .comment       0x0000007e       0x7f lib/libbootloader.a(boot_irq.c.obj)
 .comment       0x0000007e       0x7f lib/libbootloader.a(boot_timer.c.obj)
 .comment       0x0000007e       0x7f lib/libbootloader.a(boot_uart.c.obj)
 .comment       0x0000007e       0x7f lib/libbootloader.a(boot_mmu.c.obj)
 .comment       0x0000007e       0x7f lib/libbootloader.a(boot_uimage.c.obj)
 .comment       0x0000007e       0x7f lib/libbootloader.a(boot_pdl.c.obj)
 .comment       0x0000007e       0x7f lib/libbootloader.a(boot_pdl_uimage.c.obj)
 .comment       0x0000007e       0x7f lib/libbootloader.a(quec_boot_fota.c.obj)
 .comment       0x0000007e       0x7f lib/libbootloader.a(quec_boot_uart.c.obj)
 .comment       0x0000007e       0x7f lib/libbootloader.a(quec_boot_pin_index.c.obj)
 .comment       0x0000007e       0x7f lib/libhal.a(hal_clock_init.c.obj)
 .comment       0x0000007e       0x7f lib/libhal.a(hal_chip_8910.c.obj)
 .comment       0x0000007e       0x7f lib/libhal.a(hal_pmu_8910.c.obj)
 .comment       0x0000007e       0x7f lib/libhal.a(hal_efuse_8910.c.obj)
 .comment       0x0000007e       0x7f lib/libhal.a(hal_delay.c.obj)
 .comment       0x0000007e       0x7f lib/libhal.a(hal_reg_apply.c.obj)
 .comment       0x0000007e       0x7f lib/libhal.a(hal_chip.c.obj)
 .comment       0x0000007e       0x7f lib/libhal.a(hal_adi_bus.c.obj)
 .comment       0x0000007e       0x7f lib/libhal.a(hal_hwspinlock.c.obj)
 .comment       0x0000007e       0x7f lib/libhal.a(hal_spi_flash.c.obj)
 .comment       0x0000007e       0x7f lib/libhal.a(hal_blue_screen.c.obj)
 .comment       0x0000007e       0x7f lib/libosi_lib.a(osi_log.c.obj)
 .comment       0x0000007e       0x7f lib/libfupdate_core.a(fupdate_bootloader.c.obj)
 .comment       0x0000007e       0x7f lib/libfupdate_core.a(fupdate_common.c.obj)
 .comment       0x0000007e       0x7f lib/libfsmount.a(fs_mount.c.obj)
 .comment       0x0000007e       0x7f lib/libsffs_core.a(sffs.c.obj)
 .comment       0x0000007e       0x7f lib/libsffs_core.a(lzmar.c.obj)
 .comment       0x0000007e       0x7f lib/libsffs_core.a(LzmaEnc.c.obj)
 .comment       0x0000007e       0x7f lib/libsffs_core.a(LzFind.c.obj)
 .comment       0x0000007e       0x7f lib/libbdev.a(block_device.c.obj)
 .comment       0x0000007e       0x7f lib/libbdev.a(partition_block_device.c.obj)
 .comment       0x0000007e       0x7f lib/libbdev_core.a(flash_block_device_v2.c.obj)
 .comment       0x0000007e       0x7f lib/libhal.a(hal_lzma.c.obj)
 .comment       0x0000007e       0x79 ../../components/newlib/armca5/libc.a(lib_a-itoa.o)
                                 0x7a (size before relaxing)
 .comment       0x000000f7       0x7a ../../components/newlib/armca5/libc.a(lib_a-memcmp.o)
 .comment       0x000000f7       0x7a ../../components/newlib/armca5/libc.a(lib_a-memcpy-stub.o)
 .comment       0x000000f7       0x7a ../../components/newlib/armca5/libc.a(lib_a-memmove.o)
 .comment       0x000000f7       0x7a ../../components/newlib/armca5/libc.a(lib_a-memset.o)
 .comment       0x000000f7       0x7a ../../components/newlib/armca5/libc.a(lib_a-strcat.o)
 .comment       0x000000f7       0x7a ../../components/newlib/armca5/libc.a(lib_a-strchr.o)
 .comment       0x000000f7       0x7a ../../components/newlib/armca5/libc.a(lib_a-strcpy.o)
 .comment       0x000000f7       0x7a ../../components/newlib/armca5/libc.a(lib_a-strdup.o)
 .comment       0x000000f7       0x7a ../../components/newlib/armca5/libc.a(lib_a-strdup_r.o)
 .comment       0x000000f7       0x7a ../../components/newlib/armca5/libc.a(lib_a-strncmp.o)
 .comment       0x000000f7       0x7a ../../components/newlib/armca5/libc.a(lib_a-strrchr.o)
 .comment       0x000000f7       0x7a ../../components/newlib/armca5/libc.a(lib_a-utoa.o)
 .comment       0x000000f7       0x7f lib/libcalclib.a(crc32.c.obj)
 .comment       0x000000f7       0x7f lib/libcalclib.a(decompress_unlzma.c.obj)

.ARM.attributes
                0x00000000       0x3d
 *(.ARM.attributes)
 .ARM.attributes
                0x00000000       0x3d components/bootloader/CMakeFiles/boot2.dir/boot/boot2_start_8910.c.obj
 .ARM.attributes
                0x0000003d       0x3d lib/libbootloader.a(boot_platform_8910.c.obj)
 .ARM.attributes
                0x0000007a       0x3d lib/libbootloader.a(boot_secure.c.obj)
 .ARM.attributes
                0x000000b7       0x2b lib/libbootloader.a(boot_entry_v7a.S.obj)
 .ARM.attributes
                0x000000e2       0x3d lib/libbootloader.a(boot_sffs_port.c.obj)
 .ARM.attributes
                0x0000011f       0x3d lib/libbootloader.a(boot_stub.c.obj)
 .ARM.attributes
                0x0000015c       0x3d lib/libbootloader.a(boot_delay.c.obj)
 .ARM.attributes
                0x00000199       0x3d lib/libbootloader.a(boot_mem.c.obj)
 .ARM.attributes
                0x000001d6       0x3d lib/libbootloader.a(boot_spi_flash.c.obj)
 .ARM.attributes
                0x00000213       0x3d lib/libbootloader.a(boot_debuguart.c.obj)
 .ARM.attributes
                0x00000250       0x3d lib/libbootloader.a(boot_trace.c.obj)
 .ARM.attributes
                0x0000028d       0x3d lib/libbootloader.a(boot_fdl.c.obj)
 .ARM.attributes
                0x000002ca       0x3d lib/libbootloader.a(boot_vfs.c.obj)
 .ARM.attributes
                0x00000307       0x3d lib/libbootloader.a(boot_irq.c.obj)
 .ARM.attributes
                0x00000344       0x3d lib/libbootloader.a(boot_timer.c.obj)
 .ARM.attributes
                0x00000381       0x3d lib/libbootloader.a(boot_uart.c.obj)
 .ARM.attributes
                0x000003be       0x3d lib/libbootloader.a(boot_mmu.c.obj)
 .ARM.attributes
                0x000003fb       0x3d lib/libbootloader.a(boot_uimage.c.obj)
 .ARM.attributes
                0x00000438       0x3d lib/libbootloader.a(boot_pdl.c.obj)
 .ARM.attributes
                0x00000475       0x3d lib/libbootloader.a(boot_pdl_uimage.c.obj)
 .ARM.attributes
                0x000004b2       0x3d lib/libbootloader.a(quec_boot_fota.c.obj)
 .ARM.attributes
                0x000004ef       0x3d lib/libbootloader.a(quec_boot_uart.c.obj)
 .ARM.attributes
                0x0000052c       0x3d lib/libbootloader.a(quec_boot_pin_index.c.obj)
 .ARM.attributes
                0x00000569       0x3d lib/libhal.a(hal_clock_init.c.obj)
 .ARM.attributes
                0x000005a6       0x3d lib/libhal.a(hal_chip_8910.c.obj)
 .ARM.attributes
                0x000005e3       0x3d lib/libhal.a(hal_pmu_8910.c.obj)
 .ARM.attributes
                0x00000620       0x3d lib/libhal.a(hal_efuse_8910.c.obj)
 .ARM.attributes
                0x0000065d       0x3d lib/libhal.a(hal_delay.c.obj)
 .ARM.attributes
                0x0000069a       0x3d lib/libhal.a(hal_reg_apply.c.obj)
 .ARM.attributes
                0x000006d7       0x3d lib/libhal.a(hal_chip.c.obj)
 .ARM.attributes
                0x00000714       0x3d lib/libhal.a(hal_adi_bus.c.obj)
 .ARM.attributes
                0x00000751       0x3d lib/libhal.a(hal_hwspinlock.c.obj)
 .ARM.attributes
                0x0000078e       0x3d lib/libhal.a(hal_spi_flash.c.obj)
 .ARM.attributes
                0x000007cb       0x3d lib/libhal.a(hal_blue_screen.c.obj)
 .ARM.attributes
                0x00000808       0x3d lib/libosi_lib.a(osi_log.c.obj)
 .ARM.attributes
                0x00000845       0x3d lib/libfupdate_core.a(fupdate_bootloader.c.obj)
 .ARM.attributes
                0x00000882       0x3d lib/libfupdate_core.a(fupdate_common.c.obj)
 .ARM.attributes
                0x000008bf       0x3d lib/libfsmount.a(fs_mount.c.obj)
 .ARM.attributes
                0x000008fc       0x2b lib/libfsmount.a(partinfo.bin.S.obj)
 .ARM.attributes
                0x00000927       0x3d lib/libsffs_core.a(sffs.c.obj)
 .ARM.attributes
                0x00000964       0x3d lib/libsffs_core.a(lzmar.c.obj)
 .ARM.attributes
                0x000009a1       0x3d lib/libsffs_core.a(LzmaEnc.c.obj)
 .ARM.attributes
                0x000009de       0x3d lib/libsffs_core.a(LzFind.c.obj)
 .ARM.attributes
                0x00000a1b       0x3d lib/libbdev.a(block_device.c.obj)
 .ARM.attributes
                0x00000a58       0x3d lib/libbdev.a(partition_block_device.c.obj)
 .ARM.attributes
                0x00000a95       0x3d lib/libbdev_core.a(flash_block_device_v2.c.obj)
 .ARM.attributes
                0x00000ad2       0x3d lib/libhal.a(hal_lzma.c.obj)
 .ARM.attributes
                0x00000b0f       0x37 ../../components/newlib/armca5/libc.a(lib_a-itoa.o)
 .ARM.attributes
                0x00000b46       0x37 ../../components/newlib/armca5/libc.a(lib_a-memcmp.o)
 .ARM.attributes
                0x00000b7d       0x37 ../../components/newlib/armca5/libc.a(lib_a-memcpy-stub.o)
 .ARM.attributes
                0x00000bb4       0x37 ../../components/newlib/armca5/libc.a(lib_a-memmove.o)
 .ARM.attributes
                0x00000beb       0x37 ../../components/newlib/armca5/libc.a(lib_a-memset.o)
 .ARM.attributes
                0x00000c22       0x37 ../../components/newlib/armca5/libc.a(lib_a-strcat.o)
 .ARM.attributes
                0x00000c59       0x37 ../../components/newlib/armca5/libc.a(lib_a-strchr.o)
 .ARM.attributes
                0x00000c90       0x37 ../../components/newlib/armca5/libc.a(lib_a-strcpy.o)
 .ARM.attributes
                0x00000cc7       0x37 ../../components/newlib/armca5/libc.a(lib_a-strdup.o)
 .ARM.attributes
                0x00000cfe       0x37 ../../components/newlib/armca5/libc.a(lib_a-strdup_r.o)
 .ARM.attributes
                0x00000d35       0x1d ../../components/newlib/armca5/libc.a(lib_a-strlen.o)
 .ARM.attributes
                0x00000d52       0x37 ../../components/newlib/armca5/libc.a(lib_a-strncmp.o)
 .ARM.attributes
                0x00000d89       0x37 ../../components/newlib/armca5/libc.a(lib_a-strrchr.o)
 .ARM.attributes
                0x00000dc0       0x37 ../../components/newlib/armca5/libc.a(lib_a-utoa.o)
 .ARM.attributes
                0x00000df7       0x1b ../../prebuilts/win32/gcc-arm-none-eabi/bin/../lib/gcc/arm-none-eabi/7.2.1/thumb/v7-ar/fpv3/hard/libgcc.a(_udivsi3.o)
 .ARM.attributes
                0x00000e12       0x1b ../../prebuilts/win32/gcc-arm-none-eabi/bin/../lib/gcc/arm-none-eabi/7.2.1/thumb/v7-ar/fpv3/hard/libgcc.a(_divsi3.o)
 .ARM.attributes
                0x00000e2d       0x1b ../../prebuilts/win32/gcc-arm-none-eabi/bin/../lib/gcc/arm-none-eabi/7.2.1/thumb/v7-ar/fpv3/hard/libgcc.a(_dvmd_tls.o)
 .ARM.attributes
                0x00000e48       0x3d lib/libcalclib.a(crc32.c.obj)
 .ARM.attributes
                0x00000e85       0x3d lib/libcalclib.a(decompress_unlzma.c.obj)

.iplt           0x00000000        0x0
 *(.iplt)
 .iplt          0x00000000        0x0 components/bootloader/CMakeFiles/boot2.dir/boot/boot2_start_8910.c.obj

.igot.plt       0x00000000        0x0
 *(.igot.plt)
 .igot.plt      0x00000000        0x0 components/bootloader/CMakeFiles/boot2.dir/boot/boot2_start_8910.c.obj

.rel.dyn        0x00000000        0x0
 *(.rel.dyn)
 .rel.iplt      0x00000000        0x0 components/bootloader/CMakeFiles/boot2.dir/boot/boot2_start_8910.c.obj

.glue_7         0x00000000        0x0
 *(.glue_7)
 .glue_7        0x00000000        0x0 linker stubs

.glue_7t        0x00000000        0x0
 *(.glue_7t)
 .glue_7t       0x00000000        0x0 linker stubs

.vfp11_veneer   0x00000000        0x0
 *(.vfp11_veneer)
 .vfp11_veneer  0x00000000        0x0 linker stubs

.v4_bx          0x00000000        0x0
 *(.v4_bx)
 .v4_bx         0x00000000        0x0 linker stubs

/DISCARD/
 *(.ARM.exidx*)
 *(.gnu.linkonce.armexidx*)
OUTPUT(hex\boot2.elf elf32-littlearm)

.debug_info     0x00000000    0x559be
 .debug_info    0x00000000     0x2939 components/bootloader/CMakeFiles/boot2.dir/boot/boot2_start_8910.c.obj
 .debug_info    0x00002939     0x269d lib/libbootloader.a(boot_platform_8910.c.obj)
 .debug_info    0x00004fd6     0x1ba9 lib/libbootloader.a(boot_secure.c.obj)
 .debug_info    0x00006b7f       0x26 lib/libbootloader.a(boot_entry_v7a.S.obj)
 .debug_info    0x00006ba5      0x495 lib/libbootloader.a(boot_sffs_port.c.obj)
 .debug_info    0x0000703a      0x1cc lib/libbootloader.a(boot_stub.c.obj)
 .debug_info    0x00007206      0x1fb lib/libbootloader.a(boot_delay.c.obj)
 .debug_info    0x00007401      0x97f lib/libbootloader.a(boot_mem.c.obj)
 .debug_info    0x00007d80     0x18ca lib/libbootloader.a(boot_spi_flash.c.obj)
 .debug_info    0x0000964a      0x601 lib/libbootloader.a(boot_debuguart.c.obj)
 .debug_info    0x00009c4b      0x1f8 lib/libbootloader.a(boot_trace.c.obj)
 .debug_info    0x00009e43     0x1b28 lib/libbootloader.a(boot_fdl.c.obj)
 .debug_info    0x0000b96b     0x21e6 lib/libbootloader.a(boot_vfs.c.obj)
 .debug_info    0x0000db51     0x14d5 lib/libbootloader.a(boot_irq.c.obj)
 .debug_info    0x0000f026      0xe69 lib/libbootloader.a(boot_timer.c.obj)
 .debug_info    0x0000fe8f     0x154a lib/libbootloader.a(boot_uart.c.obj)
 .debug_info    0x000113d9      0xe5f lib/libbootloader.a(boot_mmu.c.obj)
 .debug_info    0x00012238      0xd68 lib/libbootloader.a(boot_uimage.c.obj)
 .debug_info    0x00012fa0     0x1067 lib/libbootloader.a(boot_pdl.c.obj)
 .debug_info    0x00014007      0xf29 lib/libbootloader.a(boot_pdl_uimage.c.obj)
 .debug_info    0x00014f30      0xb30 lib/libbootloader.a(quec_boot_fota.c.obj)
 .debug_info    0x00015a60     0x14ab lib/libbootloader.a(quec_boot_uart.c.obj)
 .debug_info    0x00016f0b      0x588 lib/libbootloader.a(quec_boot_pin_index.c.obj)
 .debug_info    0x00017493     0x7975 lib/libhal.a(hal_clock_init.c.obj)
 .debug_info    0x0001ee08     0x3871 lib/libhal.a(hal_chip_8910.c.obj)
 .debug_info    0x00022679     0x607c lib/libhal.a(hal_pmu_8910.c.obj)
 .debug_info    0x000286f5     0x1e65 lib/libhal.a(hal_efuse_8910.c.obj)
 .debug_info    0x0002a55a      0x32b lib/libhal.a(hal_delay.c.obj)
 .debug_info    0x0002a885      0x1b8 lib/libhal.a(hal_reg_apply.c.obj)
 .debug_info    0x0002aa3d      0x3e4 lib/libhal.a(hal_chip.c.obj)
 .debug_info    0x0002ae21      0x9fb lib/libhal.a(hal_adi_bus.c.obj)
 .debug_info    0x0002b81c      0x633 lib/libhal.a(hal_hwspinlock.c.obj)
 .debug_info    0x0002be4f     0x420a lib/libhal.a(hal_spi_flash.c.obj)
 .debug_info    0x00030059     0x2292 lib/libhal.a(hal_blue_screen.c.obj)
 .debug_info    0x000322eb     0x3237 lib/libosi_lib.a(osi_log.c.obj)
 .debug_info    0x00035522     0x3206 lib/libfupdate_core.a(fupdate_bootloader.c.obj)
 .debug_info    0x00038728     0x1bf4 lib/libfupdate_core.a(fupdate_common.c.obj)
 .debug_info    0x0003a31c     0x21bf lib/libfsmount.a(fs_mount.c.obj)
 .debug_info    0x0003c4db     0x753b lib/libsffs_core.a(sffs.c.obj)
 .debug_info    0x00043a16     0x1351 lib/libsffs_core.a(lzmar.c.obj)
 .debug_info    0x00044d67     0x5362 lib/libsffs_core.a(LzmaEnc.c.obj)
 .debug_info    0x0004a0c9     0x22a5 lib/libsffs_core.a(LzFind.c.obj)
 .debug_info    0x0004c36e      0xc44 lib/libbdev.a(block_device.c.obj)
 .debug_info    0x0004cfb2      0xd04 lib/libbdev.a(partition_block_device.c.obj)
 .debug_info    0x0004dcb6     0x318c lib/libbdev_core.a(flash_block_device_v2.c.obj)
 .debug_info    0x00050e42     0x29c8 lib/libhal.a(hal_lzma.c.obj)
 .debug_info    0x0005380a      0x486 lib/libcalclib.a(crc32.c.obj)
 .debug_info    0x00053c90     0x1d2e lib/libcalclib.a(decompress_unlzma.c.obj)

.debug_abbrev   0x00000000     0x96c4
 .debug_abbrev  0x00000000      0x408 components/bootloader/CMakeFiles/boot2.dir/boot/boot2_start_8910.c.obj
 .debug_abbrev  0x00000408      0x29a lib/libbootloader.a(boot_platform_8910.c.obj)
 .debug_abbrev  0x000006a2      0x4d4 lib/libbootloader.a(boot_secure.c.obj)
 .debug_abbrev  0x00000b76       0x14 lib/libbootloader.a(boot_entry_v7a.S.obj)
 .debug_abbrev  0x00000b8a      0x12f lib/libbootloader.a(boot_sffs_port.c.obj)
 .debug_abbrev  0x00000cb9       0xf3 lib/libbootloader.a(boot_stub.c.obj)
 .debug_abbrev  0x00000dac       0xd2 lib/libbootloader.a(boot_delay.c.obj)
 .debug_abbrev  0x00000e7e      0x2fe lib/libbootloader.a(boot_mem.c.obj)
 .debug_abbrev  0x0000117c      0x411 lib/libbootloader.a(boot_spi_flash.c.obj)
 .debug_abbrev  0x0000158d      0x159 lib/libbootloader.a(boot_debuguart.c.obj)
 .debug_abbrev  0x000016e6      0x116 lib/libbootloader.a(boot_trace.c.obj)
 .debug_abbrev  0x000017fc      0x4b3 lib/libbootloader.a(boot_fdl.c.obj)
 .debug_abbrev  0x00001caf      0x388 lib/libbootloader.a(boot_vfs.c.obj)
 .debug_abbrev  0x00002037      0x3db lib/libbootloader.a(boot_irq.c.obj)
 .debug_abbrev  0x00002412      0x273 lib/libbootloader.a(boot_timer.c.obj)
 .debug_abbrev  0x00002685      0x3ea lib/libbootloader.a(boot_uart.c.obj)
 .debug_abbrev  0x00002a6f      0x21e lib/libbootloader.a(boot_mmu.c.obj)
 .debug_abbrev  0x00002c8d      0x2a0 lib/libbootloader.a(boot_uimage.c.obj)
 .debug_abbrev  0x00002f2d      0x3dd lib/libbootloader.a(boot_pdl.c.obj)
 .debug_abbrev  0x0000330a      0x322 lib/libbootloader.a(boot_pdl_uimage.c.obj)
 .debug_abbrev  0x0000362c      0x249 lib/libbootloader.a(quec_boot_fota.c.obj)
 .debug_abbrev  0x00003875      0x3f8 lib/libbootloader.a(quec_boot_uart.c.obj)
 .debug_abbrev  0x00003c6d       0xad lib/libbootloader.a(quec_boot_pin_index.c.obj)
 .debug_abbrev  0x00003d1a      0x38b lib/libhal.a(hal_clock_init.c.obj)
 .debug_abbrev  0x000040a5      0x463 lib/libhal.a(hal_chip_8910.c.obj)
 .debug_abbrev  0x00004508      0x4db lib/libhal.a(hal_pmu_8910.c.obj)
 .debug_abbrev  0x000049e3      0x33d lib/libhal.a(hal_efuse_8910.c.obj)
 .debug_abbrev  0x00004d20      0x123 lib/libhal.a(hal_delay.c.obj)
 .debug_abbrev  0x00004e43      0x10f lib/libhal.a(hal_reg_apply.c.obj)
 .debug_abbrev  0x00004f52       0xec lib/libhal.a(hal_chip.c.obj)
 .debug_abbrev  0x0000503e      0x283 lib/libhal.a(hal_adi_bus.c.obj)
 .debug_abbrev  0x000052c1      0x15e lib/libhal.a(hal_hwspinlock.c.obj)
 .debug_abbrev  0x0000541f      0x52a lib/libhal.a(hal_spi_flash.c.obj)
 .debug_abbrev  0x00005949      0x4e7 lib/libhal.a(hal_blue_screen.c.obj)
 .debug_abbrev  0x00005e30      0x498 lib/libosi_lib.a(osi_log.c.obj)
 .debug_abbrev  0x000062c8      0x450 lib/libfupdate_core.a(fupdate_bootloader.c.obj)
 .debug_abbrev  0x00006718      0x3f4 lib/libfupdate_core.a(fupdate_common.c.obj)
 .debug_abbrev  0x00006b0c      0x4b0 lib/libfsmount.a(fs_mount.c.obj)
 .debug_abbrev  0x00006fbc      0x5a7 lib/libsffs_core.a(sffs.c.obj)
 .debug_abbrev  0x00007563      0x36b lib/libsffs_core.a(lzmar.c.obj)
 .debug_abbrev  0x000078ce      0x5a6 lib/libsffs_core.a(LzmaEnc.c.obj)
 .debug_abbrev  0x00007e74      0x4cb lib/libsffs_core.a(LzFind.c.obj)
 .debug_abbrev  0x0000833f      0x23d lib/libbdev.a(block_device.c.obj)
 .debug_abbrev  0x0000857c      0x28f lib/libbdev.a(partition_block_device.c.obj)
 .debug_abbrev  0x0000880b      0x519 lib/libbdev_core.a(flash_block_device_v2.c.obj)
 .debug_abbrev  0x00008d24      0x3a5 lib/libhal.a(hal_lzma.c.obj)
 .debug_abbrev  0x000090c9      0x151 lib/libcalclib.a(crc32.c.obj)
 .debug_abbrev  0x0000921a      0x4aa lib/libcalclib.a(decompress_unlzma.c.obj)

.debug_loc      0x00000000    0x24b1d
 .debug_loc     0x00000000      0x2d6 components/bootloader/CMakeFiles/boot2.dir/boot/boot2_start_8910.c.obj
 .debug_loc     0x000002d6      0x143 lib/libbootloader.a(boot_platform_8910.c.obj)
 .debug_loc     0x00000419      0x691 lib/libbootloader.a(boot_secure.c.obj)
 .debug_loc     0x00000aaa      0x339 lib/libbootloader.a(boot_sffs_port.c.obj)
 .debug_loc     0x00000de3       0x21 lib/libbootloader.a(boot_stub.c.obj)
 .debug_loc     0x00000e04       0x42 lib/libbootloader.a(boot_delay.c.obj)
 .debug_loc     0x00000e46      0x94c lib/libbootloader.a(boot_mem.c.obj)
 .debug_loc     0x00001792      0xae6 lib/libbootloader.a(boot_spi_flash.c.obj)
 .debug_loc     0x00002278      0x1b5 lib/libbootloader.a(boot_debuguart.c.obj)
 .debug_loc     0x0000242d       0xf8 lib/libbootloader.a(boot_trace.c.obj)
 .debug_loc     0x00002525      0xc38 lib/libbootloader.a(boot_fdl.c.obj)
 .debug_loc     0x0000315d      0xfb2 lib/libbootloader.a(boot_vfs.c.obj)
 .debug_loc     0x0000410f      0x2be lib/libbootloader.a(boot_irq.c.obj)
 .debug_loc     0x000043cd       0xdb lib/libbootloader.a(boot_timer.c.obj)
 .debug_loc     0x000044a8      0x710 lib/libbootloader.a(boot_uart.c.obj)
 .debug_loc     0x00004bb8      0xc13 lib/libbootloader.a(boot_mmu.c.obj)
 .debug_loc     0x000057cb      0x23f lib/libbootloader.a(boot_uimage.c.obj)
 .debug_loc     0x00005a0a      0x397 lib/libbootloader.a(boot_pdl.c.obj)
 .debug_loc     0x00005da1      0x41a lib/libbootloader.a(boot_pdl_uimage.c.obj)
 .debug_loc     0x000061bb       0x5e lib/libbootloader.a(quec_boot_fota.c.obj)
 .debug_loc     0x00006219      0x5b8 lib/libbootloader.a(quec_boot_uart.c.obj)
 .debug_loc     0x000067d1      0x555 lib/libhal.a(hal_clock_init.c.obj)
 .debug_loc     0x00006d26      0xed0 lib/libhal.a(hal_chip_8910.c.obj)
 .debug_loc     0x00007bf6      0xdd5 lib/libhal.a(hal_pmu_8910.c.obj)
 .debug_loc     0x000089cb      0x2d3 lib/libhal.a(hal_efuse_8910.c.obj)
 .debug_loc     0x00008c9e       0x84 lib/libhal.a(hal_delay.c.obj)
 .debug_loc     0x00008d22       0xbe lib/libhal.a(hal_reg_apply.c.obj)
 .debug_loc     0x00008de0      0x488 lib/libhal.a(hal_chip.c.obj)
 .debug_loc     0x00009268      0x3dd lib/libhal.a(hal_adi_bus.c.obj)
 .debug_loc     0x00009645       0xff lib/libhal.a(hal_hwspinlock.c.obj)
 .debug_loc     0x00009744     0x2c0c lib/libhal.a(hal_spi_flash.c.obj)
 .debug_loc     0x0000c350      0xcca lib/libhal.a(hal_blue_screen.c.obj)
 .debug_loc     0x0000d01a     0x1f50 lib/libosi_lib.a(osi_log.c.obj)
 .debug_loc     0x0000ef6a     0x1c72 lib/libfupdate_core.a(fupdate_bootloader.c.obj)
 .debug_loc     0x00010bdc      0xdb5 lib/libfupdate_core.a(fupdate_common.c.obj)
 .debug_loc     0x00011991      0xd7b lib/libfsmount.a(fs_mount.c.obj)
 .debug_loc     0x0001270c     0x582a lib/libsffs_core.a(sffs.c.obj)
 .debug_loc     0x00017f36      0x7fa lib/libsffs_core.a(lzmar.c.obj)
 .debug_loc     0x00018730     0x4894 lib/libsffs_core.a(LzmaEnc.c.obj)
 .debug_loc     0x0001cfc4     0x28df lib/libsffs_core.a(LzFind.c.obj)
 .debug_loc     0x0001f8a3      0x1da lib/libbdev.a(block_device.c.obj)
 .debug_loc     0x0001fa7d      0x277 lib/libbdev.a(partition_block_device.c.obj)
 .debug_loc     0x0001fcf4     0x1f04 lib/libbdev_core.a(flash_block_device_v2.c.obj)
 .debug_loc     0x00021bf8      0x97d lib/libhal.a(hal_lzma.c.obj)
 .debug_loc     0x00022575      0x65a lib/libcalclib.a(crc32.c.obj)
 .debug_loc     0x00022bcf     0x1f4e lib/libcalclib.a(decompress_unlzma.c.obj)

.debug_aranges  0x00000000     0x16a0
 .debug_aranges
                0x00000000       0x28 components/bootloader/CMakeFiles/boot2.dir/boot/boot2_start_8910.c.obj
 .debug_aranges
                0x00000028       0x58 lib/libbootloader.a(boot_platform_8910.c.obj)
 .debug_aranges
                0x00000080       0x68 lib/libbootloader.a(boot_secure.c.obj)
 .debug_aranges
                0x000000e8       0x20 lib/libbootloader.a(boot_entry_v7a.S.obj)
 .debug_aranges
                0x00000108       0x60 lib/libbootloader.a(boot_sffs_port.c.obj)
 .debug_aranges
                0x00000168       0x20 lib/libbootloader.a(boot_stub.c.obj)
 .debug_aranges
                0x00000188       0x38 lib/libbootloader.a(boot_delay.c.obj)
 .debug_aranges
                0x000001c0       0x98 lib/libbootloader.a(boot_mem.c.obj)
 .debug_aranges
                0x00000258       0xb0 lib/libbootloader.a(boot_spi_flash.c.obj)
 .debug_aranges
                0x00000308       0x30 lib/libbootloader.a(boot_debuguart.c.obj)
 .debug_aranges
                0x00000338       0x30 lib/libbootloader.a(boot_trace.c.obj)
 .debug_aranges
                0x00000368       0x98 lib/libbootloader.a(boot_fdl.c.obj)
 .debug_aranges
                0x00000400       0xf0 lib/libbootloader.a(boot_vfs.c.obj)
 .debug_aranges
                0x000004f0       0x50 lib/libbootloader.a(boot_irq.c.obj)
 .debug_aranges
                0x00000540       0x30 lib/libbootloader.a(boot_timer.c.obj)
 .debug_aranges
                0x00000570       0x90 lib/libbootloader.a(boot_uart.c.obj)
 .debug_aranges
                0x00000600       0x28 lib/libbootloader.a(boot_mmu.c.obj)
 .debug_aranges
                0x00000628       0x38 lib/libbootloader.a(boot_uimage.c.obj)
 .debug_aranges
                0x00000660       0x40 lib/libbootloader.a(boot_pdl.c.obj)
 .debug_aranges
                0x000006a0       0x30 lib/libbootloader.a(boot_pdl_uimage.c.obj)
 .debug_aranges