Archive member included to satisfy reference by file (symbol)

lib/libbootloader.a(boot_platform_8910.c.obj)
                              (--whole-archive)
lib/libbootloader.a(boot_secure.c.obj)
                              (--whole-archive)
lib/libbootloader.a(boot_entry_v7a.S.obj)
                              (--whole-archive)
lib/libbootloader.a(boot_sffs_port.c.obj)
                              (--whole-archive)
lib/libbootloader.a(boot_stub.c.obj)
                              (--whole-archive)
lib/libbootloader.a(boot_delay.c.obj)
                              (--whole-archive)
lib/libbootloader.a(boot_mem.c.obj)
                              (--whole-archive)
lib/libbootloader.a(boot_spi_flash.c.obj)
                              (--whole-archive)
lib/libbootloader.a(boot_debuguart.c.obj)
                              (--whole-archive)
lib/libbootloader.a(boot_trace.c.obj)
                              (--whole-archive)
lib/libbootloader.a(boot_fdl.c.obj)
                              (--whole-archive)
lib/libbootloader.a(boot_fdl_dnld.c.obj)
                              (--whole-archive)
lib/libbootloader.a(boot_aes.c.obj)
                              (--whole-archive)
lib/libbootloader.a(boot_vfs.c.obj)
                              (--whole-archive)
lib/libbootloader.a(boot_irq.c.obj)
                              (--whole-archive)
lib/libbootloader.a(boot_timer.c.obj)
                              (--whole-archive)
lib/libbootloader.a(boot_uart.c.obj)
                              (--whole-archive)
lib/libbootloader.a(boot_uart_cmn.c.obj)
                              (--whole-archive)
lib/libbootloader.a(boot_mmu.c.obj)
                              (--whole-archive)
lib/libbootloader.a(boot_uimage.c.obj)
                              (--whole-archive)
lib/libbootloader.a(boot_udc.c.obj)
                              (--whole-archive)
lib/libbootloader.a(boot_usb_fdl_channel.c.obj)
                              (--whole-archive)
lib/libbootloader.a(boot_pdl.c.obj)
                              (--whole-archive)
lib/libbootloader.a(boot_pdl_uimage.c.obj)
                              (--whole-archive)
lib/libbootloader.a(quec_boot_fota.c.obj)
                              (--whole-archive)
lib/libbootloader.a(quec_boot_uart.c.obj)
                              (--whole-archive)
lib/libbootloader.a(quec_boot_pin_index.c.obj)
                              (--whole-archive)
lib/libhal.a(hal_clock_init.c.obj)
                              components/bootloader/CMakeFiles/fdl1.dir/fdl1/fdl1_main.c.obj (halClockInit)
lib/libhal.a(hal_chip_8910.c.obj)
                              lib/libbootloader.a(boot_usb_fdl_channel.c.obj) (osiDCacheClean)
lib/libhal.a(hal_pmu_8910.c.obj)
                              lib/libbootloader.a(boot_fdl_dnld.c.obj) (halPmuExtFlashPowerOn)
lib/libhal.a(hal_efuse_8910.c.obj)
                              lib/libbootloader.a(boot_secure.c.obj) (halEfuseOpen)
lib/libhal.a(hal_delay.c.obj)
                              components/bootloader/CMakeFiles/fdl1.dir/fdl1/fdl1_main.c.obj (osiDelayUS)
lib/libhal.a(hal_iomux.c.obj)
                              lib/libhal.a(hal_chip_8910.c.obj) (halIomuxSetFunction)
lib/libhal.a(hal_reg_apply.c.obj)
                              lib/libhal.a(hal_clock_init.c.obj) (halApplyRegisters)
lib/libhal.a(hal_chip.c.obj)  lib/libbootloader.a(boot_uart.c.obj) (halCalcDivider20)
lib/libhal.a(hal_adi_bus.c.obj)
                              components/bootloader/CMakeFiles/fdl1.dir/fdl1/fdl1_main.c.obj (halAdiBusInit)
lib/libhal.a(hal_hwspinlock.c.obj)
                              lib/libhal.a(hal_efuse_8910.c.obj) (halHwspinlockAcquire)
lib/libhal.a(hal_spi_flash.c.obj)
                              lib/libbootloader.a(boot_spi_flash.c.obj) (halSpiFlashPageProgram)
lib/libhal.a(hal_blue_screen.c.obj)
                              lib/libbootloader.a(boot_platform_8910.c.obj) (halBlueScreenSaveContext)
lib/libosi_lib.a(osi_log.c.obj)
                              components/bootloader/CMakeFiles/fdl1.dir/fdl1/fdl1_main.c.obj (osiTraceBasic)
lib/libosi_lib.a(osi_fifo.c.obj)
                              lib/libbootloader.a(boot_usb_fdl_channel.c.obj) (osiFifoInit)
../../components/newlib/armca5/libc.a(lib_a-impure.o)
                              components/bootloader/CMakeFiles/fdl1.dir/fdl1/fdl1_main.c.obj (_global_impure_ptr)
../../components/newlib/armca5/libc.a(lib_a-memcmp.o)
                              lib/libbootloader.a(boot_secure.c.obj) (memcmp)
../../components/newlib/armca5/libc.a(lib_a-memcpy-stub.o)
                              components/bootloader/CMakeFiles/fdl1.dir/fdl1/fdl1_main.c.obj (memcpy)
../../components/newlib/armca5/libc.a(lib_a-memset.o)
                              components/bootloader/CMakeFiles/fdl1.dir/fdl1/fdl1_main.c.obj (memset)
../../components/newlib/armca5/libc.a(lib_a-snprintf.o)
[...]
Memory Configuration

Name             Origin             Length             Attributes
sram             0x00800100         0x0000ff00         xrw
*default*        0x00000000         0xffffffff

Linker script and memory map

LOAD components/bootloader/CMakeFiles/fdl1.dir/fdl1/fdl1_main.c.obj
LOAD lib/libbootloader.a
START GROUP
LOAD lib/libhal.a
LOAD lib/libosi_lib.a
END GROUP
LOAD ../../components/newlib/armca5/libc.a
LOAD ../../prebuilts/win32/gcc-arm-none-eabi/bin/../lib/gcc/arm-none-eabi/7.2.1/thumb/v7-ar/fpv3/hard/libgcc.a
LOAD ../../components/libs/boot_encrypt/libboot_encrypt.a
LOAD lib/libcalclib.a
LOAD lib/libdriver.a

.text           0x00800100     0x2ba0
                0x00800100                __text_start = .
 *(BOOT_ENTRY)
 BOOT_ENTRY     0x00800100      0x184 lib/libbootloader.a(boot_entry_v7a.S.obj)
                0x008001b0                bootEntry
                0x0080021c                bootJumpImageEntry
 SORT_BY_NAME(*)(.sramboottext .sramboottext.*)
 .sramboottext  0x00800284       0x64 lib/libhal.a(hal_delay.c.obj)
                0x00800284                osiDelayLoops
                0x00800290                osiDelayUS
                0x008002b0                osiDebugEvent
                0x008002dc                osiHWTick16K
 .sramboottext  0x008002e8       0x56 lib/libhal.a(hal_reg_apply.c.obj)
                0x008002e8                halApplyRegisters
                0x0080031a                halApplyRegisterList
 SORT_BY_NAME(*)(.sramtext .sramtext.*)
 .sramtext      0x0080033e       0x1e lib/libhal.a(hal_chip_8910.c.obj)
                0x0080033e                uxPortSetInterruptMaskFromISR
                0x0080033e                vPortDisableInterrupts
                0x0080033e                uxPortEnterCritical
                0x0080033e                osiEnterCritical
                0x0080033e                osiIrqSave
                0x0080034e                osiExitCritical
                0x0080034e                osiIrqRestore
                0x0080034e                vPortExitCritical
                0x0080034e                vPortClearInterruptMaskFromISR
 SORT_BY_NAME(*)(.ramtext .ramtext.*)
 .ramtext.osi_log.423
                0x0080035c       0xa8 lib/libosi_lib.a(osi_log.c.obj)
 .ramtext.osi_log.518
                0x00800404       0x24 lib/libosi_lib.a(osi_log.c.obj)
                0x00800404                osiTraceBasic
 SORT_BY_NAME(*)(.text .text.* .gnu.linkonce.t.* .rdata .rodata .rodata.* .rodata1 .gnu.linkonce.r.*)
 .rodata._global_impure_ptr
                0x00800428        0x4 ../../components/newlib/armca5/libc.a(lib_a-impure.o)
                0x00800428                _global_impure_ptr
 .text.memcmp   0x0080042c       0x5c ../../components/newlib/armca5/libc.a(lib_a-memcmp.o)
                0x0080042c                memcmp
 .text.memcpy   0x00800488       0xc8 ../../components/newlib/armca5/libc.a(lib_a-memcpy-stub.o)
                0x00800488                memcpy
 .text.memset   0x00800550       0xa8 ../../components/newlib/armca5/libc.a(lib_a-memset.o)
                0x00800550                memset
 *fill*         0x008005f8        0x8 
 .text          0x00800600       0xdc ../../components/newlib/armca5/libc.a(lib_a-strlen.o)
                0x00800600                strlen
 .text          0x008006dc        0x4 ../../prebuilts/win32/gcc-arm-none-eabi/bin/../lib/gcc/arm-none-eabi/7.2.1/thumb/v7-ar/fpv3/hard/libgcc.a(_dvmd_tls.o)
                0x008006dc                __aeabi_idiv0
                0x008006dc                __aeabi_ldiv0
 .text          0x008006e0      0x278 ../../prebuilts/win32/gcc-arm-none-eabi/bin/../lib/gcc/arm-none-eabi/7.2.1/thumb/v7-ar/fpv3/hard/libgcc.a(_udivsi3.o)
                0x008006e0                __aeabi_uidiv
                0x008006e0                __udivsi3
                0x0080093c                __aeabi_uidivmod
 .text.prvProcess
                0x00800958      0x1a4 components/bootloader/CMakeFiles/fdl1.dir/fdl1/fdl1_main.c.obj
 .text.bootStart
                0x00800afc      0x1ec components/bootloader/CMakeFiles/fdl1.dir/fdl1/fdl1_main.c.obj
                0x00800afc                bootStart
 .rodata.bootStart.str1.1
                0x00800ce8       0x78 components/bootloader/CMakeFiles/fdl1.dir/fdl1/fdl1_main.c.obj
 .rodata.prvProcess.str1.1
                0x00800d60       0xf0 components/bootloader/CMakeFiles/fdl1.dir/fdl1/fdl1_main.c.obj
 .text.bootDebuguartInit
                0x00800e50       0x3c lib/libbootloader.a(boot_debuguart.c.obj)
                0x00800e50                bootDebuguartInit
 .text.bootDebuguartWrite
                0x00800e8c       0x34 lib/libbootloader.a(boot_debuguart.c.obj)
                0x00800e8c                bootDebuguartWrite
 .text.bootDebuguartWriteAll
                0x00800ec0       0x2e lib/libbootloader.a(boot_debuguart.c.obj)
                0x00800ec0                bootDebuguartWriteAll
 .text.bootPanic
                0x00800eee        0x2 lib/libbootloader.a(boot_delay.c.obj)
                0x00800eee                osiPanic
                0x00800eee                bootPanic
 .text.bootElapsedTimerStart
                0x00800ef0       0x10 lib/libbootloader.a(boot_delay.c.obj)
                0x00800ef0                osiElapsedTimerStart
                0x00800ef0                bootElapsedTimerStart
 .text.bootElapsedTimeUS
                0x00800f00       0x14 lib/libbootloader.a(boot_delay.c.obj)
                0x00800f00                bootElapsedTimeUS
                0x00800f00                osiElapsedTimeUS
 .text._fdl_read.isra.1
                0x00800f14       0x2e lib/libbootloader.a(boot_fdl.c.obj)
 .text._fdl_write_all.isra.2
                0x00800f42       0x1c lib/libbootloader.a(boot_fdl.c.obj)
 .text._calc_crc16_frm
                0x00800f5e       0x4e lib/libbootloader.a(boot_fdl.c.obj)
                0x00800f5e                _calc_crc16_frm
 .text.fdlEngineCreate
                0x00800fac       0x34 lib/libbootloader.a(boot_fdl.c.obj)
                0x00800fac                fdlEngineCreate
 .text.fdlEngineReadRaw
                0x00800fe0        0xe lib/libbootloader.a(boot_fdl.c.obj)
                0x00800fe0                fdlEngineReadRaw
 .text.fdlEngineSendPacket
                0x00800fee      0x114 lib/libbootloader.a(boot_fdl.c.obj)
                0x00800fee                fdlEngineSendPacket
 *fill*         0x00801102        0x2 
 .text.fdlEngineSendVersion
                0x00801104       0x40 lib/libbootloader.a(boot_fdl.c.obj)
                0x00801104                fdlEngineSendVersion
 .text.fdlEngineSendRespNoData
                0x00801144       0x1a lib/libbootloader.a(boot_fdl.c.obj)
                0x00801144                fdlEngineSendRespNoData
 .text.fdlEngineSetBaud
                0x0080115e        0xa lib/libbootloader.a(boot_fdl.c.obj)
                0x0080115e                fdlEngineSetBaud
 .text.fdlEngineProcess
                0x00801168      0x178 lib/libbootloader.a(boot_fdl.c.obj)
                0x00801168                fdlEngineProcess
 .rodata.fdlEngineCreate.str1.1
                0x008012e0       0x23 lib/libbootloader.a(boot_fdl.c.obj)
 .rodata.fdlEngineProcess.str1.1
                0x00801303       0x7e lib/libbootloader.a(boot_fdl.c.obj)
 .rodata.fdlEngineSendVersion.str1.1
                0x00801381       0x22 lib/libbootloader.a(boot_fdl.c.obj)
 *fill*         0x008013a3        0x1 
 .text.bootIrqHandler
                0x008013a4       0x1c lib/libbootloader.a(boot_irq.c.obj)
                0x008013a4                bootIrqHandler
 .text._heap_malloc
                0x008013c0       0x38 lib/libbootloader.a(boot_mem.c.obj)
 .text._heap_calloc
                0x008013f8       0x26 lib/libbootloader.a(boot_mem.c.obj)
 .text._heap_free
                0x0080141e       0x76 lib/libbootloader.a(boot_mem.c.obj)
 .text.bootHeapInit
                0x00801494       0x48 lib/libbootloader.a(boot_mem.c.obj)
                0x00801494                bootHeapInit
 .text.bootFree
                0x008014dc       0x38 lib/libbootloader.a(boot_mem.c.obj)
                0x008014dc                bootFree
 .text.malloc   0x00801514       0x10 lib/libbootloader.a(boot_mem.c.obj)
                0x00801514                malloc
 .text.calloc   0x00801524       0x10 lib/libbootloader.a(boot_mem.c.obj)
                0x00801524                calloc
 .text.free     0x00801534        0x4 lib/libbootloader.a(boot_mem.c.obj)
                0x00801534                free
 .text.bootResetPinEnable
                0x00801538       0x48 lib/libbootloader.a(boot_platform_8910.c.obj)
                0x00801538                bootResetPinEnable
 .text.bootBlueScreen
                0x00801580        0xc lib/libbootloader.a(boot_platform_8910.c.obj)
                0x00801580                bootBlueScreen
 .text.prvRomHashInit
                0x0080158c       0x10 lib/libbootloader.a(boot_secure.c.obj)
 .text.prvRomHashUpdate
                0x0080159c        0xc lib/libbootloader.a(boot_secure.c.obj)
 .text.prvSecureInit
                0x008015a8       0x8c lib/libbootloader.a(boot_secure.c.obj)
 .text.prvEmbeddedSigCheck
                0x00801634      0x100 lib/libbootloader.a(boot_secure.c.obj)
 .text.bootSecureBootEnable
                0x00801734       0x28 lib/libbootloader.a(boot_secure.c.obj)
                0x00801734                bootSecureBootEnable
 .text.bootSecureUimageSigCheck
                0x0080175c       0x22 lib/libbootloader.a(boot_secure.c.obj)
                0x0080175c                bootSecureUimageSigCheck
 .rodata.prvEmbeddedSigCheck.str1.1
                0x0080177e       0x10 lib/libbootloader.a(boot_secure.c.obj)
 *fill*         0x0080178e        0x2 
 .text.osiPmSourceCreate
                0x00801790        0x8 lib/libbootloader.a(boot_stub.c.obj)
                0x00801790                osiPmSourceCreate
 .text.bootTimerISR
                0x00801798       0x1c lib/libbootloader.a(boot_timer.c.obj)
                0x00801798                bootTimerISR
 .text.bootTraceInit
                0x008017b4       0x18 lib/libbootloader.a(boot_trace.c.obj)
                0x008017b4                bootTraceInit
 .text.bootTraceBufPutMulti
                0x008017cc       0x22 lib/libbootloader.a(boot_trace.c.obj)
                0x008017cc                bootTraceBufPutMulti
                0x008017cc                osiTraceBufPutMulti
 .text.prvUartAvail
                0x008017ee        0xa lib/libbootloader.a(boot_uart.c.obj)
 .text.prvUartFlush
                0x008017f8        0x2 lib/libbootloader.a(boot_uart.c.obj)
 .text.prvUartConnected
                0x008017fa        0x4 lib/libbootloader.a(boot_uart.c.obj)
 .text.prvUartDestroy
                0x008017fe        0x4 lib/libbootloader.a(boot_uart.c.obj)
 .text.prvUartBaudSupported
                0x00801802        0x4 lib/libbootloader.a(boot_uart.c.obj)
 *fill*         0x00801806        0x2 
 .text.bootUartSetBaud
                0x00801808       0x18 lib/libbootloader.a(boot_uart.c.obj)
                0x00801808                bootUartSetBaud
 .text.bootUartOpen
                0x00801820       0x94 lib/libbootloader.a(boot_uart.c.obj)
                0x00801820                bootUartOpen
 .text.prvUartSetBaud
                0x008018b4        0x6 lib/libbootloader.a(boot_uart.c.obj)
 .text.bootUartRead
                0x008018ba       0x24 lib/libbootloader.a(boot_uart.c.obj)
                0x008018ba                bootUartRead
 .text.prvUartFlushInput
                0x008018de       0x18 lib/libbootloader.a(boot_uart.c.obj)
 .text.prvUartRead
                0x008018f6        0x6 lib/libbootloader.a(boot_uart.c.obj)
 .text.bootUartWrite
                0x008018fc       0x2e lib/libbootloader.a(boot_uart.c.obj)
                0x008018fc                bootUartWrite
 .text.prvUartWrite
                0x0080192a        0x6 lib/libbootloader.a(boot_uart.c.obj)
                0x0080192a                prvUartWrite
 .text.fdlOpenUart
                0x00801930       0x70 lib/libbootloader.a(boot_uart.c.obj)
                0x00801930                fdlOpenUart
 .text._giveBackComplete.isra.1
                0x008019a0       0x1e lib/libbootloader.a(boot_udc.c.obj)
 *fill*         0x008019be        0x2 
 .text._epXferStart
                0x008019c0      0x140 lib/libbootloader.a(boot_udc.c.obj)
 .text._txFifoFlush.isra.4
                0x00801b00       0x18 lib/libbootloader.a(boot_udc.c.obj)
 .text._epIsr   0x00801b18      0x18c lib/libbootloader.a(boot_udc.c.obj)
 .text._initUdcCommonConfig.constprop.8
                0x00801ca4       0x78 lib/libbootloader.a(boot_udc.c.obj)
 .text._setHwEpMps.isra.0.constprop.9
                0x00801d1c       0x2e lib/libbootloader.a(boot_udc.c.obj)
 *fill*         0x00801d4a        0x2 
 .text.bootUdcOpen
                0x00801d4c       0xa0 lib/libbootloader.a(boot_udc.c.obj)
                0x00801d4c                bootUdcOpen
 .text.bootUdcClose
                0x00801dec        0x2 lib/libbootloader.a(boot_udc.c.obj)
                0x00801dec                bootUdcClose
 .text.bootUdcConnected
                0x00801dee       0x18 lib/libbootloader.a(boot_udc.c.obj)
                0x00801dee                bootUdcConnected
 *fill*         0x00801e06        0x2 
 .text.bootUdcIsrPoll
                0x00801e08       0xd4 lib/libbootloader.a(boot_udc.c.obj)
                0x00801e08                bootUdcIsrPoll
 .text.bootUdcXferEnqueue
                0x00801edc       0xa0 lib/libbootloader.a(boot_udc.c.obj)
                0x00801edc                bootUdcXferEnqueue
 .text.bootUdcXferAlloc
                0x00801f7c       0x24 lib/libbootloader.a(boot_udc.c.obj)
                0x00801f7c                bootUdcXferAlloc
 .text.bootUdcXferFree
                0x00801fa0        0x6 lib/libbootloader.a(boot_udc.c.obj)
                0x00801fa0                bootUdcXferFree
 .text.bootUdcRomSerialInEp
                0x00801fa6        0x6 lib/libbootloader.a(boot_udc.c.obj)
                0x00801fa6                bootUdcRomSerialInEp
 .text.bootUdcRomSerialOutEp
                0x00801fac        0x8 lib/libbootloader.a(boot_udc.c.obj)
                0x00801fac                bootUdcRomSerialOutEp
 .rodata._epIsr.str1.1
                0x00801fb4       0xb7 lib/libbootloader.a(boot_udc.c.obj)
 .rodata._epXferStart.str1.1
                0x0080206b       0x1e lib/libbootloader.a(boot_udc.c.obj)
 .rodata.bootUdcIsrPoll.str1.1
                0x00802089       0x2e lib/libbootloader.a(boot_udc.c.obj)
 .rodata.bootUdcXferAlloc.str1.1
                0x008020b7       0x1c lib/libbootloader.a(boot_udc.c.obj)
 .rodata.bootUdcXferEnqueue.str1.1
                0x008020d3       0x32 lib/libbootloader.a(boot_udc.c.obj)
 *fill*         0x00802105        0x1 
 .text._setBaud
                0x00802106        0x4 lib/libbootloader.a(boot_usb_fdl_channel.c.obj)
 .text._flush   0x0080210a        0x2 lib/libbootloader.a(boot_usb_fdl_channel.c.obj)
 .text._connected
                0x0080210c        0x6 lib/libbootloader.a(boot_usb_fdl_channel.c.obj)
 *fill*         0x00802112        0x2 
 .text._txComp  0x00802114       0x24 lib/libbootloader.a(boot_usb_fdl_channel.c.obj)
 .text._destroy
                0x00802138       0x24 lib/libbootloader.a(boot_usb_fdl_channel.c.obj)
 .text._rxComp  0x0080215c       0x5c lib/libbootloader.a(boot_usb_fdl_channel.c.obj)
 .text._write   0x008021b8       0xb8 lib/libbootloader.a(boot_usb_fdl_channel.c.obj)
 .text._startRx
                0x00802270       0x54 lib/libbootloader.a(boot_usb_fdl_channel.c.obj)
 .text._poll    0x008022c4       0x34 lib/libbootloader.a(boot_usb_fdl_channel.c.obj)
 .text._flushInput
                0x008022f8       0x14 lib/libbootloader.a(boot_usb_fdl_channel.c.obj)
 .text._read    0x0080230c       0x1c lib/libbootloader.a(boot_usb_fdl_channel.c.obj)
 .text._avail   0x00802328       0x10 lib/libbootloader.a(boot_usb_fdl_channel.c.obj)
 .text.fdlOpenUsbSerial
                0x00802338      0x110 lib/libbootloader.a(boot_usb_fdl_channel.c.obj)
                0x00802338                fdlOpenUsbSerial
 .rodata._poll.str1.1
                0x00802448       0x15 lib/libbootloader.a(boot_usb_fdl_channel.c.obj)
 .rodata._rxComp.str1.1
                0x0080245d       0x43 lib/libbootloader.a(boot_usb_fdl_channel.c.obj)
 .rodata._startRx.str1.1
                0x008024a0       0x16 lib/libbootloader.a(boot_usb_fdl_channel.c.obj)
 .rodata._txComp.str1.1
                0x008024b6       0x19 lib/libbootloader.a(boot_usb_fdl_channel.c.obj)
 .rodata._write.str1.1
                0x008024cf       0x39 lib/libbootloader.a(boot_usb_fdl_channel.c.obj)
 .text._initCfgReg
                0x00802508       0x28 lib/libhal.a(hal_adi_bus.c.obj)
                0x00802508                _initCfgReg
 .text._adiBusResume
                0x00802530        0xa lib/libhal.a(hal_adi_bus.c.obj)
 *fill*         0x0080253a        0x2 
 .text.halAdiBusInit
                0x0080253c       0x1c lib/libhal.a(hal_adi_bus.c.obj)
                0x0080253c                halAdiBusInit
 .text.halAdiBusRead
                0x00802558       0x3c lib/libhal.a(hal_adi_bus.c.obj)
                0x00802558                halAdiBusRead
 .text.halAdiBusWrite
                0x00802594       0x2c lib/libhal.a(hal_adi_bus.c.obj)
                0x00802594                halAdiBusWrite
 .text.halAdiBusChange
                0x008025c0       0x64 lib/libhal.a(hal_adi_bus.c.obj)
                0x008025c0                halAdiBusChange
 .rodata        0x00802624        0x4 lib/libhal.a(hal_adi_bus.c.obj)
 .rodata._adiBusPmOps
                0x00802628       0x10 lib/libhal.a(hal_adi_bus.c.obj)
 .text.halBlueScreenSaveContext
                0x00802638       0x34 lib/libhal.a(hal_blue_screen.c.obj)
                0x00802638                halBlueScreenSaveContext
 .text.halCalcDivider20
                0x0080266c       0x88 lib/libhal.a(hal_chip.c.obj)
                0x0080266c                halCalcDivider20
 .text.osiDCacheClean
                0x008026f4       0x1c lib/libhal.a(hal_chip_8910.c.obj)
                0x008026f4                osiDCacheClean
 .text.osiDCacheInvalidate
                0x00802710       0x18 lib/libhal.a(hal_chip_8910.c.obj)
                0x00802710                osiDCacheInvalidate
 .text.osiDCacheCleanInvalidateAll
                0x00802728       0xac lib/libhal.a(hal_chip_8910.c.obj)
                0x00802728                osiDCacheCleanInvalidateAll
 .text.prvDelayUS
                0x008027d4       0x14 lib/libhal.a(hal_clock_init.c.obj)
 .text.halClockInit
                0x008027e8      0x240 lib/libhal.a(hal_clock_init.c.obj)
                0x008027e8                halClockInit
 .text.prvEfuseSetDouble
                0x00802a28       0x10 lib/libhal.a(hal_efuse_8910.c.obj)
 .text.halEfuseOpen
                0x00802a38       0x60 lib/libhal.a(hal_efuse_8910.c.obj)
                0x00802a38                halEfuseOpen
 .text.halEfuseClose
                0x00802a98       0x48 lib/libhal.a(hal_efuse_8910.c.obj)
                0x00802a98                halEfuseClose
 .text.halEfuseDoubleRead
                0x00802ae0       0x3c lib/libhal.a(hal_efuse_8910.c.obj)
                0x00802ae0                halEfuseDoubleRead
 .text.halHwspinlockAcquire
                0x00802b1c       0x38 lib/libhal.a(hal_hwspinlock.c.obj)
                0x00802b1c                halHwspinlockAcquire
 .text.halHwspinlockRelease
                0x00802b54       0x14 lib/libhal.a(hal_hwspinlock.c.obj)
                0x00802b54                halHwspinlockRelease
 .text.halHwspinlockReleaseInCritical
                0x00802b68       0x14 lib/libhal.a(hal_hwspinlock.c.obj)
                0x00802b68                halHwspinlockReleaseInCritical
 .text._peekInternal
                0x00802b7c       0x40 lib/libosi_lib.a(osi_fifo.c.obj)
 .text.osiFifoInit
                0x00802bbc       0x1c lib/libosi_lib.a(osi_fifo.c.obj)
                0x00802bbc                osiFifoInit
 .text.osiFifoPut
                0x00802bd8       0x68 lib/libosi_lib.a(osi_fifo.c.obj)
                0x00802bd8                osiFifoPut
 .text.osiFifoGet
                0x00802c40       0x38 lib/libosi_lib.a(osi_fifo.c.obj)
                0x00802c40                osiFifoGet
 .text.osiFifoReset
                0x00802c78       0x1a lib/libosi_lib.a(osi_fifo.c.obj)
                0x00802c78                osiFifoReset
 *fill*         0x00802c92        0x6 
 .text.osiFifoReset.__stub
                0x00802c98        0x8 linker stubs
 *(.rokeep)
                0x00802ca0                __text_end = .
                0x00802ca0                . = ALIGN (0x20)
 *fill*         0x00802ca0        0x0 

.data           0x00802ca0      0x680
                0x00802ca0                __data_start = .
 SORT_BY_NAME(*)(.sramdata .sramdata.*)
 SORT_BY_NAME(*)(.data .data.* .sdata .sdata.* .data1 .gnu.linkonce.d.*)
 .data._impure_ptr
                0x00802ca0        0x4 ../../components/newlib/armca5/libc.a(lib_a-impure.o)
                0x00802ca0                _impure_ptr
 *fill*         0x00802ca4        0x4 
 .data.impure_data
                0x00802ca8      0x428 ../../components/newlib/armca5/libc.a(lib_a-impure.o)
 .data.gBootUarts
                0x008030d0       0x18 lib/libbootloader.a(boot_uart.c.obj)
 .data.gUdc20   0x008030e8      0x210 lib/libbootloader.a(boot_udc.c.obj)
 *(.rwkeep)
 .rwkeep        0x008032f8        0xc lib/libhal.a(hal_blue_screen.c.obj)
                0x008032f8                gGdbRegAddress
                0x008032fc                gCpGdbRegAddress
                0x00803300                gGdbCtxType
                0x00803304                __data_end = .
                0x00803320                . = ALIGN (0x20)
 *fill*         0x00803304       0x1c 

.lastflash      0x00803320        0x0
                0x00803320                . = ALIGN (0x20)

.bss            0x00803320       0xc0
                0x00803320                __bss_start = .
 *(.srambss .srambss.*)
 *(.bss .bss.* COMMON .scommon .sbss .sbss.* .sbss2 .sbss2.* .gnu.linkonce.b.*)
 .bss.gSecureCtx
                0x00803320       0x30 lib/libbootloader.a(boot_secure.c.obj)
 .bss.gDefaultHeap
                0x00803350        0x4 lib/libbootloader.a(boot_mem.c.obj)
 .bss.gExtRamHeap
                0x00803354        0xc lib/libbootloader.a(boot_mem.c.obj)
 .bss.gIramHeap
                0x00803360        0xc lib/libbootloader.a(boot_mem.c.obj)
 .bss.gTimerCb  0x0080336c        0x8 lib/libbootloader.a(boot_timer.c.obj)
 .bss.gTraceEnabled
                0x00803374        0x1 lib/libosi_lib.a(osi_log.c.obj)
                0x00803374                gTraceEnabled
 *fill*         0x00803375        0x3 
 COMMON         0x00803378       0x54 lib/libosi_lib.a(osi_log.c.obj)
                0x00803378                v_tra_pubModuleControl
                0x0080337c                v_tra_categoryControl
                0x00803380                gTraceSequence
                0x00803384                v_tra_lteModuleControl
                0x00803388                sxs_IoCtx
                0x008033cc                __bss_end = .
                0x008033e0                . = ALIGN (0x20)
 *fill*         0x008033cc       0x14 

.sys_stack      0x008033e0     0x1800
                0x008033e0                __sys_stack_start = .
                0x00804be0                . = (. + 0x1800)
 *fill*         0x008033e0     0x1800 
                0x00804be0                __sys_stack_end = .
                0x00804be0                . = ALIGN (0x20)

.irq_stack      0x00804be0      0x800
                0x00804be0                __irq_stack_start = .
                0x008053e0                . = (. + 0x800)
 *fill*         0x00804be0      0x800 
                0x008053e0                __irq_stack_end = .
                0x008053e0                . = ALIGN (0x20)

.blue_screen    0x008053e0      0x400
                0x008053e0                __blue_screen_start = .
                0x008057e0                . = (. + 0x400)
 *fill*         0x008053e0      0x400 
                0x008057e0                __blue_screen_end = .
                0x008057e0                . = ALIGN (0x20)

.sram_heap      0x008057e0     0xa820
                0x008057e0                __sram_heap_start = .
                0x00810000                . = (ORIGIN (sram) + LENGTH (sram))
 *fill*         0x008057e0     0xa820 
                0x00810000                __sram_heap_end = .
                0x00810000                . = ALIGN (0x20)
                0x00800100                __flash_start = LOADADDR (.text)
                0x00803320                __flash_end = ADDR (.lastflash)
                0x00000001                ASSERT (((__flash_end - 0x8000c0) <= 0xbae0), flash overflow)

.comment        0x00000000       0xf7
 *(.comment)
 .comment       0x00000000       0x7e components/bootloader/CMakeFiles/fdl1.dir/fdl1/fdl1_main.c.obj
                                 0x7f (size before relaxing)
 .comment       0x0000007e       0x7f lib/libbootloader.a(boot_platform_8910.c.obj)
 .comment       0x0000007e       0x7f lib/libbootloader.a(boot_secure.c.obj)
 .comment       0x0000007e       0x7f lib/libbootloader.a(boot_stub.c.obj)
 .comment       0x0000007e       0x7f lib/libbootloader.a(boot_delay.c.obj)
 .comment       0x0000007e       0x7f lib/libbootloader.a(boot_mem.c.obj)
 .comment       0x0000007e       0x7f lib/libbootloader.a(boot_debuguart.c.obj)
 .comment       0x0000007e       0x7f lib/libbootloader.a(boot_trace.c.obj)
 .comment       0x0000007e       0x7f lib/libbootloader.a(boot_fdl.c.obj)
 .comment       0x0000007e       0x7f lib/libbootloader.a(boot_irq.c.obj)
 .comment       0x0000007e       0x7f lib/libbootloader.a(boot_timer.c.obj)
 .comment       0x0000007e       0x7f lib/libbootloader.a(boot_uart.c.obj)
 .comment       0x0000007e       0x7f lib/libbootloader.a(boot_udc.c.obj)
 .comment       0x0000007e       0x7f lib/libbootloader.a(boot_usb_fdl_channel.c.obj)
 .comment       0x0000007e       0x7f lib/libhal.a(hal_clock_init.c.obj)
 .comment       0x0000007e       0x7f lib/libhal.a(hal_chip_8910.c.obj)
 .comment       0x0000007e       0x7f lib/libhal.a(hal_efuse_8910.c.obj)
 .comment       0x0000007e       0x7f lib/libhal.a(hal_delay.c.obj)
 .comment       0x0000007e       0x7f lib/libhal.a(hal_reg_apply.c.obj)
 .comment       0x0000007e       0x7f lib/libhal.a(hal_chip.c.obj)
 .comment       0x0000007e       0x7f lib/libhal.a(hal_adi_bus.c.obj)
 .comment       0x0000007e       0x7f lib/libhal.a(hal_hwspinlock.c.obj)
 .comment       0x0000007e       0x7f lib/libhal.a(hal_blue_screen.c.obj)
 .comment       0x0000007e       0x7f lib/libosi_lib.a(osi_log.c.obj)
 .comment       0x0000007e       0x7f lib/libosi_lib.a(osi_fifo.c.obj)
 .comment       0x0000007e       0x79 ../../components/newlib/armca5/libc.a(lib_a-impure.o)
                                 0x7a (size before relaxing)
 .comment       0x000000f7       0x7a ../../components/newlib/armca5/libc.a(lib_a-memcmp.o)
 .comment       0x000000f7       0x7a ../../components/newlib/armca5/libc.a(lib_a-memcpy-stub.o)
 .comment       0x000000f7       0x7a ../../components/newlib/armca5/libc.a(lib_a-memset.o)

.ARM.attributes
                0x00000000       0x3d
 *(.ARM.attributes)
 .ARM.attributes
                0x00000000       0x3d components/bootloader/CMakeFiles/fdl1.dir/fdl1/fdl1_main.c.obj
 .ARM.attributes
                0x0000003d       0x3d lib/libbootloader.a(boot_platform_8910.c.obj)
 .ARM.attributes
                0x0000007a       0x3d lib/libbootloader.a(boot_secure.c.obj)
 .ARM.attributes
                0x000000b7       0x2b lib/libbootloader.a(boot_entry_v7a.S.obj)
 .ARM.attributes
                0x000000e2       0x3d lib/libbootloader.a(boot_stub.c.obj)
 .ARM.attributes
                0x0000011f       0x3d lib/libbootloader.a(boot_delay.c.obj)
 .ARM.attributes
                0x0000015c       0x3d lib/libbootloader.a(boot_mem.c.obj)
 .ARM.attributes
                0x00000199       0x3d lib/libbootloader.a(boot_debuguart.c.obj)
 .ARM.attributes
                0x000001d6       0x3d lib/libbootloader.a(boot_trace.c.obj)
 .ARM.attributes
                0x00000213       0x3d lib/libbootloader.a(boot_fdl.c.obj)
 .ARM.attributes
                0x00000250       0x3d lib/libbootloader.a(boot_irq.c.obj)
 .ARM.attributes
                0x0000028d       0x3d lib/libbootloader.a(boot_timer.c.obj)
 .ARM.attributes
                0x000002ca       0x3d lib/libbootloader.a(boot_uart.c.obj)
 .ARM.attributes
                0x00000307       0x3d lib/libbootloader.a(boot_udc.c.obj)
 .ARM.attributes
                0x00000344       0x3d lib/libbootloader.a(boot_usb_fdl_channel.c.obj)
 .ARM.attributes
                0x00000381       0x3d lib/libhal.a(hal_clock_init.c.obj)
 .ARM.attributes
                0x000003be       0x3d lib/libhal.a(hal_chip_8910.c.obj)
 .ARM.attributes
                0x000003fb       0x3d lib/libhal.a(hal_efuse_8910.c.obj)
 .ARM.attributes
                0x00000438       0x3d lib/libhal.a(hal_delay.c.obj)
 .ARM.attributes
                0x00000475       0x3d lib/libhal.a(hal_reg_apply.c.obj)
 .ARM.attributes
                0x000004b2       0x3d lib/libhal.a(hal_chip.c.obj)
 .ARM.attributes
                0x000004ef       0x3d lib/libhal.a(hal_adi_bus.c.obj)
 .ARM.attributes
                0x0000052c       0x3d lib/libhal.a(hal_hwspinlock.c.obj)
 .ARM.attributes
                0x00000569       0x3d lib/libhal.a(hal_blue_screen.c.obj)
 .ARM.attributes
                0x000005a6       0x3d lib/libosi_lib.a(osi_log.c.obj)
 .ARM.attributes
                0x000005e3       0x3d lib/libosi_lib.a(osi_fifo.c.obj)
 .ARM.attributes
                0x00000620       0x3d ../../components/newlib/armca5/libc.a(lib_a-impure.o)
 .ARM.attributes
                0x0000065d       0x37 ../../components/newlib/armca5/libc.a(lib_a-memcmp.o)
 .ARM.attributes
                0x00000694       0x37 ../../components/newlib/armca5/libc.a(lib_a-memcpy-stub.o)
 .ARM.attributes
                0x000006cb       0x37 ../../components/newlib/armca5/libc.a(lib_a-memset.o)
 .ARM.attributes
                0x00000702       0x1d ../../components/newlib/armca5/libc.a(lib_a-strlen.o)
 .ARM.attributes
                0x0000071f       0x1b ../../prebuilts/win32/gcc-arm-none-eabi/bin/../lib/gcc/arm-none-eabi/7.2.1/thumb/v7-ar/fpv3/hard/libgcc.a(_udivsi3.o)
 .ARM.attributes
                0x0000073a       0x1b ../../prebuilts/win32/gcc-arm-none-eabi/bin/../lib/gcc/arm-none-eabi/7.2.1/thumb/v7-ar/fpv3/hard/libgcc.a(_dvmd_tls.o)

.iplt           0x00000000        0x0
 *(.iplt)
 .iplt          0x00000000        0x0 components/bootloader/CMakeFiles/fdl1.dir/fdl1/fdl1_main.c.obj

.igot.plt       0x00000000        0x0
 *(.igot.plt)
 .igot.plt      0x00000000        0x0 components/bootloader/CMakeFiles/fdl1.dir/fdl1/fdl1_main.c.obj

.rel.dyn        0x00000000        0x0
 *(.rel.dyn)
 .rel.iplt      0x00000000        0x0 components/bootloader/CMakeFiles/fdl1.dir/fdl1/fdl1_main.c.obj

.glue_7         0x00000000        0x0
 *(.glue_7)
 .glue_7        0x00000000        0x0 linker stubs

.glue_7t        0x00000000        0x0
 *(.glue_7t)
 .glue_7t       0x00000000        0x0 linker stubs

.vfp11_veneer   0x00000000        0x0
 *(.vfp11_veneer)
 .vfp11_veneer  0x00000000        0x0 linker stubs

.v4_bx          0x00000000        0x0
 *(.v4_bx)
 .v4_bx         0x00000000        0x0 linker stubs

/DISCARD/
 *(.ARM.exidx*)
 *(.gnu.linkonce.armexidx*)
OUTPUT(hex\fdl1.elf elf32-littlearm)

.debug_info     0x00000000    0x26713
 .debug_info    0x00000000     0x17e9 components/bootloader/CMakeFiles/fdl1.dir/fdl1/fdl1_main.c.obj
 .debug_info    0x000017e9     0x269d lib/libbootloader.a(boot_platform_8910.c.obj)
 .debug_info    0x00003e86     0x1ba9 lib/libbootloader.a(boot_secure.c.obj)
 .debug_info    0x00005a2f       0x26 lib/libbootloader.a(boot_entry_v7a.S.obj)
 .debug_info    0x00005a55      0x1cc lib/libbootloader.a(boot_stub.c.obj)
 .debug_info    0x00005c21      0x1fb lib/libbootloader.a(boot_delay.c.obj)
 .debug_info    0x00005e1c      0x97f lib/libbootloader.a(boot_mem.c.obj)
 .debug_info    0x0000679b      0x601 lib/libbootloader.a(boot_debuguart.c.obj)
 .debug_info    0x00006d9c      0x1f8 lib/libbootloader.a(boot_trace.c.obj)
 .debug_info    0x00006f94     0x1b28 lib/libbootloader.a(boot_fdl.c.obj)
 .debug_info    0x00008abc     0x14d5 lib/libbootloader.a(boot_irq.c.obj)
 .debug_info    0x00009f91      0xe69 lib/libbootloader.a(boot_timer.c.obj)
 .debug_info    0x0000adfa     0x154a lib/libbootloader.a(boot_uart.c.obj)
 .debug_info    0x0000c344     0x4099 lib/libbootloader.a(boot_udc.c.obj)
 .debug_info    0x000103dd     0x1708 lib/libbootloader.a(boot_usb_fdl_channel.c.obj)
 .debug_info    0x00011ae5     0x7975 lib/libhal.a(hal_clock_init.c.obj)
 .debug_info    0x0001945a     0x3871 lib/libhal.a(hal_chip_8910.c.obj)
 .debug_info    0x0001cccb     0x1e65 lib/libhal.a(hal_efuse_8910.c.obj)
 .debug_info    0x0001eb30      0x32b lib/libhal.a(hal_delay.c.obj)
 .debug_info    0x0001ee5b      0x1b8 lib/libhal.a(hal_reg_apply.c.obj)
 .debug_info    0x0001f013      0x3e4 lib/libhal.a(hal_chip.c.obj)
 .debug_info    0x0001f3f7      0x9fb lib/libhal.a(hal_adi_bus.c.obj)
 .debug_info    0x0001fdf2      0x633 lib/libhal.a(hal_hwspinlock.c.obj)
 .debug_info    0x00020425     0x2292 lib/libhal.a(hal_blue_screen.c.obj)
 .debug_info    0x000226b7     0x3237 lib/libosi_lib.a(osi_log.c.obj)
 .debug_info    0x000258ee      0xe25 lib/libosi_lib.a(osi_fifo.c.obj)

.debug_abbrev   0x00000000     0x49df
 .debug_abbrev  0x00000000      0x377 components/bootloader/CMakeFiles/fdl1.dir/fdl1/fdl1_main.c.obj
 .debug_abbrev  0x00000377      0x29a lib/libbootloader.a(boot_platform_8910.c.obj)
 .debug_abbrev  0x00000611      0x4d4 lib/libbootloader.a(boot_secure.c.obj)
 .debug_abbrev  0x00000ae5       0x14 lib/libbootloader.a(boot_entry_v7a.S.obj)
 .debug_abbrev  0x00000af9       0xf3 lib/libbootloader.a(boot_stub.c.obj)
 .debug_abbrev  0x00000bec       0xd2 lib/libbootloader.a(boot_delay.c.obj)
 .debug_abbrev  0x00000cbe      0x2fe lib/libbootloader.a(boot_mem.c.obj)
 .debug_abbrev  0x00000fbc      0x159 lib/libbootloader.a(boot_debuguart.c.obj)
 .debug_abbrev  0x00001115      0x116 lib/libbootloader.a(boot_trace.c.obj)
 .debug_abbrev  0x0000122b      0x4b3 lib/libbootloader.a(boot_fdl.c.obj)
 .debug_abbrev  0x000016de      0x3db lib/libbootloader.a(boot_irq.c.obj)
 .debug_abbrev  0x00001ab9      0x273 lib/libbootloader.a(boot_timer.c.obj)
 .debug_abbrev  0x00001d2c      0x3ea lib/libbootloader.a(boot_uart.c.obj)
 .debug_abbrev  0x00002116      0x5d0 lib/libbootloader.a(boot_udc.c.obj)
 .debug_abbrev  0x000026e6      0x41e lib/libbootloader.a(boot_usb_fdl_channel.c.obj)
 .debug_abbrev  0x00002b04      0x38b lib/libhal.a(hal_clock_init.c.obj)
 .debug_abbrev  0x00002e8f      0x463 lib/libhal.a(hal_chip_8910.c.obj)
 .debug_abbrev  0x000032f2      0x33d lib/libhal.a(hal_efuse_8910.c.obj)
 .debug_abbrev  0x0000362f      0x123 lib/libhal.a(hal_delay.c.obj)
 .debug_abbrev  0x00003752      0x10f lib/libhal.a(hal_reg_apply.c.obj)
 .debug_abbrev  0x00003861       0xec lib/libhal.a(hal_chip.c.obj)
 .debug_abbrev  0x0000394d      0x283 lib/libhal.a(hal_adi_bus.c.obj)
 .debug_abbrev  0x00003bd0      0x15e lib/libhal.a(hal_hwspinlock.c.obj)
 .debug_abbrev  0x00003d2e      0x4e7 lib/libhal.a(hal_blue_screen.c.obj)
 .debug_abbrev  0x00004215      0x498 lib/libosi_lib.a(osi_log.c.obj)
 .debug_abbrev  0x000046ad      0x332 lib/libosi_lib.a(osi_fifo.c.obj)

.debug_loc      0x00000000     0x9e7a
 .debug_loc     0x00000000      0x6f8 components/bootloader/CMakeFiles/fdl1.dir/fdl1/fdl1_main.c.obj
 .debug_loc     0x000006f8      0x143 lib/libbootloader.a(boot_platform_8910.c.obj)
 .debug_loc     0x0000083b      0x691 lib/libbootloader.a(boot_secure.c.obj)
 .debug_loc     0x00000ecc       0x21 lib/libbootloader.a(boot_stub.c.obj)
 .debug_loc     0x00000eed       0x42 lib/libbootloader.a(boot_delay.c.obj)
 .debug_loc     0x00000f2f      0x94c lib/libbootloader.a(boot_mem.c.obj)
 .debug_loc     0x0000187b      0x1b5 lib/libbootloader.a(boot_debuguart.c.obj)
 .debug_loc     0x00001a30       0xf8 lib/libbootloader.a(boot_trace.c.obj)
 .debug_loc     0x00001b28      0xc38 lib/libbootloader.a(boot_fdl.c.obj)
 .debug_loc     0x00002760      0x2be lib/libbootloader.a(boot_irq.c.obj)
 .debug_loc     0x00002a1e       0xdb lib/libbootloader.a(boot_timer.c.obj)
 .debug_loc     0x00002af9      0x710 lib/libbootloader.a(boot_uart.c.obj)
 .debug_loc     0x00003209     0x1037 lib/libbootloader.a(boot_udc.c.obj)
 .debug_loc     0x00004240      0x889 lib/libbootloader.a(boot_usb_fdl_channel.c.obj)
 .debug_loc     0x00004ac9      0x555 lib/libhal.a(hal_clock_init.c.obj)
 .debug_loc     0x0000501e      0xed0 lib/libhal.a(hal_chip_8910.c.obj)
 .debug_loc     0x00005eee      0x2d3 lib/libhal.a(hal_efuse_8910.c.obj)
 .debug_loc     0x000061c1       0x84 lib/libhal.a(hal_delay.c.obj)
 .debug_loc     0x00006245       0xbe lib/libhal.a(hal_reg_apply.c.obj)
 .debug_loc     0x00006303      0x488 lib/libhal.a(hal_chip.c.obj)
 .debug_loc     0x0000678b      0x3dd lib/libhal.a(hal_adi_bus.c.obj)
 .debug_loc     0x00006b68       0xff lib/libhal.a(hal_hwspinlock.c.obj)
 .debug_loc     0x00006c67      0xcca lib/libhal.a(hal_blue_screen.c.obj)
 .debug_loc     0x00007931     0x1f50 lib/libosi_lib.a(osi_log.c.obj)
 .debug_loc     0x00009881      0x5f9 lib/libosi_lib.a(osi_fifo.c.obj)

.debug_aranges  0x00000000      0x9a8
 .debug_aranges
                0x00000000       0x28 components/bootloader/CMakeFiles/fdl1.dir/fdl1/fdl1_main.c.obj
 .debug_aranges
                0x00000028       0x58 lib/libbootloader.a(boot_platform_8910.c.obj)
 .debug_aranges
                0x00000080       0x68 lib/libbootloader.a(boot_secure.c.obj)
 .debug_aranges
                0x000000e8       0x20 lib/libbootloader.a(boot_entry_v7a.S.obj)
 .debug_aranges
                0x00000108       0x20 lib/libbootloader.a(boot_stub.c.obj)
 .debug_aranges
                0x00000128       0x38 lib/libbootloader.a(boot_delay.c.obj)
 .debug_aranges
                0x00000160       0x98 lib/libbootloader.a(boot_mem.c.obj)
 .debug_aranges
                0x000001f8       0x30 lib/libbootloader.a(boot_debuguart.c.obj)
 .debug_aranges
                0x00000228       0x30 lib/libbootloader.a(boot_trace.c.obj)
 .debug_aranges
                0x00000258       0x98 lib/libbootloader.a(boot_fdl.c.obj)
 .debug_aranges
                0x000002f0       0x50 lib/libbootloader.a(boot_irq.c.obj)
 .debug_aranges
                0x00000340       0x30 lib/libbootloader.a(boot_timer.c.obj)
 .debug_aranges
                0x00000370       0x90 lib/libbootloader.a(boot_uart.c.obj)
 .debug_aranges
                0x00000400       0x98 lib/libbootloader.a(boot_udc.c.obj)
 .debug_aranges
                0x00000498       0x80 lib/libbootloader.a(boot_usb_fdl_channel.c.obj)
 .debug_aranges
                0x00000518       0x70 lib/libhal.a(hal_clock_init.c.obj)
 .debug_aranges
                0x00000588       0xb0 lib/libhal.a(hal_chip_8910.c.obj)
 .debug_aranges
                0x00000638       0x58 lib/libhal.a(hal_efuse_8910.c.obj)
 .debug_aranges
                0x00000690       0x38 lib/libhal.a(hal_delay.c.obj)
 .debug_aranges
                0x000006c8       0x28 lib/libhal.a(hal_reg_apply.c.obj)
 .debug_aranges
                0x000006f0       0x48 lib/libhal.a(hal_chip.c.obj)
 .debug_aranges
                0x00000738       0x50 lib/libhal.a(hal_adi_bus.c.obj)
 .debug_aranges
                0x00000788       0x40 lib/libhal.a(hal_hwspinlock.c.obj)
 .debug_aranges
                0x000007c8       0x58 lib/libhal.a(hal_blue_screen.c.obj)
 .debug_aranges
                0x00000820      0x130 lib/libosi_lib.a(osi_log.c.obj)
 .debug_aranges
                0x00000950       0x58 lib/libosi_lib.a(osi_fifo.c.obj)

.debug_ranges   0x00000000     0x17b0
 .debug_ranges  0x00000000       0xd0 components/bootloader/CMakeFiles/fdl1.dir/fdl1/fdl1_main.c.obj
 .debug_ranges  0x000000d0       0x60 lib/libbootloader.a(boot_platform_8910.c.obj)
 .debug_ranges  0x00000130      0x128 lib/libbootloader.a(boot_secure.c.obj)
 .debug_ranges  0x00000258       0x10 lib/libbootloader.a(boot_stub.c.obj)
 .debug_ranges  0x00000268       0x28 lib/libbootloader.a(boot_delay.c.obj)
 .debug_ranges  0x00000290      0x158 lib/libbootloader.a(boot_mem.c.obj)
 .debug_ranges  0x000003e8       0x50 lib/libbootloader.a(boot_debuguart.c.obj)
 .debug_ranges  0x00000438       0x38 lib/libbootloader.a(boot_trace.c.obj)
 .debug_ranges  0x00000470      0x138 lib/libbootloader.a(boot_fdl.c.obj)
 .debug_ranges  0x000005a8      0x148 lib/libbootloader.a(boot_irq.c.obj)
 .debug_ranges  0x000006f0       0x20 lib/libbootloader.a(boot_timer.c.obj)
 .debug_ranges  0x00000710       0xc8 lib/libbootloader.a(boot_uart.c.obj)
 .debug_ranges  0x000007d8      0x278 lib/libbootloader.a(boot_udc.c.obj)
 .debug_ranges  0x00000a50       0xc8 lib/libbootloader.a(boot_usb_fdl_channel.c.obj)
 .debug_ranges  0x00000b18       0xb0 lib/libhal.a(hal_clock_init.c.obj)
 .debug_ranges  0x00000bc8      0x270 lib/libhal.a(hal_chip_8910.c.obj)
 .debug_ranges  0x00000e38       0x48 lib/libhal.a(hal_efuse_8910.c.obj)
 .debug_ranges  0x00000e80       0x40 lib/libhal.a(hal_delay.c.obj)
 .debug_ranges  0x00000ec0       0x18 lib/libhal.a(hal_reg_apply.c.obj)
 .debug_ranges  0x00000ed8       0x88 lib/libhal.a(hal_chip.c.obj)
 .debug_ranges  0x00000f60       0x70 lib/libhal.a(hal_adi_bus.c.obj)
 .debug_ranges  0x00000fd0       0x30 lib/libhal.a(hal_hwspinlock.c.obj)
 .debug_ranges  0x00001000       0xc8 lib/libhal.a(hal_blue_screen.c.obj)
 .debug_ranges  0x000010c8      0x630 lib/libosi_lib.a(osi_log.c.obj)
 .debug_ranges  0x000016f8       0xb8 lib/libosi_lib.a(osi_fifo.c.obj)

.debug_line     0x00000000     0x5367
 .debug_line    0x00000000      0x396 components/bootloader/CMakeFiles/fdl1.dir/fdl1/fdl1_main.c.obj
 .debug_line    0x00000396      0x2ac lib/libbootloader.a(boot_platform_8910.c.obj)
 .debug_line    0x00000642      0x3aa lib/libbootloader.a(boot_secure.c.obj)
 .debug_line    0x000009ec       0xce lib/libbootloader.a(boot_entry_v7a.S.obj)
 .debug_line    0x00000aba       0xf6 lib/libbootloader.a(boot_stub.c.obj)
 .debug_line    0x00000bb0      0x164 lib/libbootloader.a(boot_delay.c.obj)
 .debug_line    0x00000d14      0x2be lib/libbootloader.a(boot_mem.c.obj)
 .debug_line    0x00000fd2      0x1ea lib/libbootloader.a(boot_debuguart.c.obj)
 .debug_line    0x000011bc      0x17b lib/libbootloader.a(boot_trace.c.obj)
 .debug_line    0x00001337      0x4bf lib/libbootloader.a(boot_fdl.c.obj)
 .debug_line    0x000017f6      0x380 lib/libbootloader.a(boot_irq.c.obj)
 .debug_line    0x00001b76      0x23e lib/libbootloader.a(boot_timer.c.obj)
 .debug_line    0x00001db4      0x3b7 lib/libbootloader.a(boot_uart.c.obj)
 .debug_line    0x0000216b      0x5b4 lib/libbootloader.a(boot_udc.c.obj)
 .debug_line    0x0000271f      0x3c3 lib/libbootloader.a(boot_usb_fdl_channel.c.obj)
 .debug_line    0x00002ae2      0x519 lib/libhal.a(hal_clock_init.c.obj)
 .debug_line    0x00002ffb      0x709 lib/libhal.a(hal_chip_8910.c.obj)
 .debug_line    0x00003704      0x325 lib/libhal.a(hal_efuse_8910.c.obj)
 .debug_line    0x00003a29      0x13a lib/libhal.a(hal_delay.c.obj)
 .debug_line    0x00003b63      0x17c lib/libhal.a(hal_reg_apply.c.obj)
 .debug_line    0x00003cdf      0x1b4 lib/libhal.a(hal_chip.c.obj)
 .debug_line    0x00003e93      0x293 lib/libhal.a(hal_adi_bus.c.obj)
 .debug_line    0x00004126      0x182 lib/libhal.a(hal_hwspinlock.c.obj)
 .debug_line    0x000042a8      0x46e lib/libhal.a(hal_blue_screen.c.obj)
 .debug_line    0x00004716      0x93b lib/libosi_lib.a(osi_log.c.obj)
 .debug_line    0x00005051      0x316 lib/libosi_lib.a(osi_fifo.c.obj)

.debug_str      0x00000000    0x11087
 .debug_str     0x00000000     0x15bf components/bootloader/CMakeFiles/fdl1.dir/fdl1/fdl1_main.c.obj
                               0x16bd (size before relaxing)
 .debug_str     0x000015bf     0x20ea lib/libbootloader.a(boot_platform_8910.c.obj)
                               0x22fd (size before relaxing)
 .debug_str     0x000036a9      0x9f0 lib/libbootloader.a(boot_secure.c.obj)
                               0x1124 (size before relaxing)
 .debug_str     0x00004099       0x40 lib/libbootloader.a(boot_entry_v7a.S.obj)
                                 0x6e (size before relaxing)
 .debug_str     0x000040d9       0xd5 lib/libbootloader.a(boot_stub.c.obj)
                                0x2b5 (size before relaxing)
 .debug_str     0x000041ae      0x18c lib/libbootloader.a(boot_delay.c.obj)
                                0x36a (size before relaxing)
 .debug_str     0x0000433a      0x1c4 lib/libbootloader.a(boot_mem.c.obj)
                                0x479 (size before relaxing)
 .debug_str     0x000044fe      0x344 lib/libbootloader.a(boot_debuguart.c.obj)
                                0x58d (size before relaxing)
 .debug_str     0x00004842       0x80 lib/libbootloader.a(boot_trace.c.obj)
                                0x2bc (size before relaxing)
 .debug_str     0x000048c2      0x211 lib/libbootloader.a(boot_fdl.c.obj)
                               0x151e (size before relaxing)
 .debug_str     0x00004ad3      0xb02 lib/libbootloader.a(boot_irq.c.obj)
                               0x10ec (size before relaxing)
 .debug_str     0x000055d5      0x143 lib/libbootloader.a(boot_timer.c.obj)
                                0xf78 (size before relaxing)
 .debug_str     0x00005718      0x3dc lib/libbootloader.a(boot_uart.c.obj)
                                0xa9d (size before relaxing)
 .debug_str     0x00005af4     0x1689 lib/libbootloader.a(boot_udc.c.obj)
                               0x1e0a (size before relaxing)
 .debug_str     0x0000717d      0x1b7 lib/libbootloader.a(boot_usb_fdl_channel.c.obj)
                                0xa2f (size before relaxing)
 .debug_str     0x00007334     0x6928 lib/libhal.a(hal_clock_init.c.obj)
                               0x7839 (size before relaxing)
 .debug_str     0x0000dc5c     0x1d90 lib/libhal.a(hal_chip_8910.c.obj)
                               0x3077 (size before relaxing)
 .debug_str     0x0000f9ec      0x151 lib/libhal.a(hal_efuse_8910.c.obj)
                               0x174f (size before relaxing)
 .debug_str     0x0000fb3d       0xdb lib/libhal.a(hal_delay.c.obj)
                                0x3e0 (size before relaxing)
 .debug_str     0x0000fc18       0x5c lib/libhal.a(hal_reg_apply.c.obj)
                                0x26c (size before relaxing)
 .debug_str     0x0000fc74       0xd0 lib/libhal.a(hal_chip.c.obj)
                                0x3d2 (size before relaxing)
 .debug_str     0x0000fd44      0x499 lib/libhal.a(hal_adi_bus.c.obj)
                                0x855 (size before relaxing)
 .debug_str     0x000101dd      0x318 lib/libhal.a(hal_hwspinlock.c.obj)
                                0x590 (size before relaxing)
 .debug_str     0x000104f5      0x610 lib/libhal.a(hal_blue_screen.c.obj)
                                0xce8 (size before relaxing)
 .debug_str     0x00010b05      0x509 lib/libosi_lib.a(osi_log.c.obj)
                               0x14d0 (size before relaxing)
 .debug_str     0x0001100e       0x79 lib/libosi_lib.a(osi_fifo.c.obj)
                                0x6fc (size before relaxing)

.debug_frame    0x00000000     0x1b3c
 .debug_frame   0x00000000       0x7c components/bootloader/CMakeFiles/fdl1.dir/fdl1/fdl1_main.c.obj
 .debug_frame   0x0000007c       0xe0 lib/libbootloader.a(boot_platform_8910.c.obj)
 .debug_frame   0x0000015c      0x140 lib/libbootloader.a(boot_secure.c.obj)
 .debug_frame   0x0000029c       0x20 lib/libbootloader.a(boot_stub.c.obj)
 .debug_frame   0x000002bc       0x50 lib/libbootloader.a(boot_delay.c.obj)
 .debug_frame   0x0000030c      0x170 lib/libbootloader.a(boot_mem.c.obj)
 .debug_frame   0x0000047c       0x58 lib/libbootloader.a(boot_debuguart.c.obj)
 .debug_frame   0x000004d4       0x5c lib/libbootloader.a(boot_trace.c.obj)
 .debug_frame   0x00000530      0x1d8 lib/libbootloader.a(boot_fdl.c.obj)
 .debug_frame   0x00000708       0xb0 lib/libbootloader.a(boot_irq.c.obj)
 .debug_frame   0x000007b8       0x48 lib/libbootloader.a(boot_timer.c.obj)
 .debug_frame   0x00000800      0x150 lib/libbootloader.a(boot_uart.c.obj)
 .debug_frame   0x00000950      0x1d0 lib/libbootloader.a(boot_udc.c.obj)
 .debug_frame   0x00000b20      0x16c lib/libbootloader.a(boot_usb_fdl_channel.c.obj)
 .debug_frame   0x00000c8c      0x138 lib/libhal.a(hal_clock_init.c.obj)
 .debug_frame   0x00000dc4      0x230 lib/libhal.a(hal_chip_8910.c.obj)
 .debug_frame   0x00000ff4       0xec lib/libhal.a(hal_efuse_8910.c.obj)
 .debug_frame   0x000010e0       0x5c lib/libhal.a(hal_delay.c.obj)
 .debug_frame   0x0000113c       0x5c lib/libhal.a(hal_reg_apply.c.obj)
 .debug_frame   0x00001198       0xf4 lib/libhal.a(hal_chip.c.obj)
 .debug_frame   0x0000128c       0xe0 lib/libhal.a(hal_adi_bus.c.obj)
 .debug_frame   0x0000136c       0x6c lib/libhal.a(hal_hwspinlock.c.obj)
 .debug_frame   0x000013d8       0xcc lib/libhal.a(hal_blue_screen.c.obj)
 .debug_frame   0x000014a4      0x56c lib/libosi_lib.a(osi_log.c.obj)
 .debug_frame   0x00001a10      0x10c lib/libosi_lib.a(osi_fifo.c.obj)
 .debug_frame   0x00001b1c       0x20 ../../prebuilts/win32/gcc-arm-none-eabi/bin/../lib/gcc/arm-none-eabi/7.2.1/thumb/v7-ar/fpv3/hard/libgcc.a(_udivsi3.o)
